Archive member included to satisfy reference by file (symbol)

/Applications/ArmGNUToolchain/13.3.rel1/arm-none-eabi/bin/../lib/gcc/arm-none-eabi/13.3.1/thumb/v7-m/nofp/libgcc.a(_arm_addsubdf3.o)
                              CMakeFiles/MiniFlyRemoter.elf.dir/Core/Src/drv_oled.c.obj (__aeabi_i2d)
/Applications/ArmGNUToolchain/13.3.rel1/arm-none-eabi/bin/../lib/gcc/arm-none-eabi/13.3.1/thumb/v7-m/nofp/libgcc.a(_arm_fixdfsi.o)
                              CMakeFiles/MiniFlyRemoter.elf.dir/Core/Src/drv_oled.c.obj (__aeabi_d2iz)
/Applications/ArmGNUToolchain/13.3.rel1/arm-none-eabi/bin/../lib/gcc/arm-none-eabi/13.3.1/../../../../arm-none-eabi/lib/thumb/v7-m/nofp/libg.a(libc_a-exit.o)
                              /Applications/ArmGNUToolchain/13.3.rel1/arm-none-eabi/bin/../lib/gcc/arm-none-eabi/13.3.1/../../../../arm-none-eabi/lib/thumb/v7-m/nofp/crt0.o (exit)
/Applications/ArmGNUToolchain/13.3.rel1/arm-none-eabi/bin/../lib/gcc/arm-none-eabi/13.3.1/../../../../arm-none-eabi/lib/thumb/v7-m/nofp/libg.a(libc_a-snprintf.o)
                              CMakeFiles/MiniFlyRemoter.elf.dir/Core/Src/freertos.c.obj (snprintf)
/Applications/ArmGNUToolchain/13.3.rel1/arm-none-eabi/bin/../lib/gcc/arm-none-eabi/13.3.1/../../../../arm-none-eabi/lib/thumb/v7-m/nofp/libg.a(libc_a-findfp.o)
                              /Applications/ArmGNUToolchain/13.3.rel1/arm-none-eabi/bin/../lib/gcc/arm-none-eabi/13.3.1/../../../../arm-none-eabi/lib/thumb/v7-m/nofp/libg.a(libc_a-exit.o) (__stdio_exit_handler)
/Applications/ArmGNUToolchain/13.3.rel1/arm-none-eabi/bin/../lib/gcc/arm-none-eabi/13.3.1/../../../../arm-none-eabi/lib/thumb/v7-m/nofp/libg.a(libc_a-memset.o)
                              /Applications/ArmGNUToolchain/13.3.rel1/arm-none-eabi/bin/../lib/gcc/arm-none-eabi/13.3.1/../../../../arm-none-eabi/lib/thumb/v7-m/nofp/crt0.o (memset)
/Applications/ArmGNUToolchain/13.3.rel1/arm-none-eabi/bin/../lib/gcc/arm-none-eabi/13.3.1/../../../../arm-none-eabi/lib/thumb/v7-m/nofp/libg.a(libc_a-impure.o)
                              /Applications/ArmGNUToolchain/13.3.rel1/arm-none-eabi/bin/../lib/gcc/arm-none-eabi/13.3.1/../../../../arm-none-eabi/lib/thumb/v7-m/nofp/libg.a(libc_a-snprintf.o) (_impure_ptr)
/Applications/ArmGNUToolchain/13.3.rel1/arm-none-eabi/bin/../lib/gcc/arm-none-eabi/13.3.1/../../../../arm-none-eabi/lib/thumb/v7-m/nofp/libg.a(libc_a-errno.o)
                              CMakeFiles/MiniFlyRemoter.elf.dir/Core/Src/syscalls.c.obj (__errno)
/Applications/ArmGNUToolchain/13.3.rel1/arm-none-eabi/bin/../lib/gcc/arm-none-eabi/13.3.1/../../../../arm-none-eabi/lib/thumb/v7-m/nofp/libg.a(libc_a-init.o)
                              /Applications/ArmGNUToolchain/13.3.rel1/arm-none-eabi/bin/../lib/gcc/arm-none-eabi/13.3.1/../../../../arm-none-eabi/lib/thumb/v7-m/nofp/crt0.o (__libc_init_array)
/Applications/ArmGNUToolchain/13.3.rel1/arm-none-eabi/bin/../lib/gcc/arm-none-eabi/13.3.1/../../../../arm-none-eabi/lib/thumb/v7-m/nofp/libg.a(libc_a-lock.o)
                              /Applications/ArmGNUToolchain/13.3.rel1/arm-none-eabi/bin/../lib/gcc/arm-none-eabi/13.3.1/../../../../arm-none-eabi/lib/thumb/v7-m/nofp/libg.a(libc_a-findfp.o) (__retarget_lock_init_recursive)
/Applications/ArmGNUToolchain/13.3.rel1/arm-none-eabi/bin/../lib/gcc/arm-none-eabi/13.3.1/../../../../arm-none-eabi/lib/thumb/v7-m/nofp/libg.a(libc_a-memcpy.o)
                              CMakeFiles/MiniFlyRemoter.elf.dir/Middlewares/Third_Party/FreeRTOS/Source/queue.c.obj (memcpy)
/Applications/ArmGNUToolchain/13.3.rel1/arm-none-eabi/bin/../lib/gcc/arm-none-eabi/13.3.1/../../../../arm-none-eabi/lib/thumb/v7-m/nofp/libg.a(libc_a-__call_atexit.o)
                              /Applications/ArmGNUToolchain/13.3.rel1/arm-none-eabi/bin/../lib/gcc/arm-none-eabi/13.3.1/../../../../arm-none-eabi/lib/thumb/v7-m/nofp/libg.a(libc_a-exit.o) (__call_exitprocs)
/Applications/ArmGNUToolchain/13.3.rel1/arm-none-eabi/bin/../lib/gcc/arm-none-eabi/13.3.1/../../../../arm-none-eabi/lib/thumb/v7-m/nofp/libg.a(libc_a-atexit.o)
                              /Applications/ArmGNUToolchain/13.3.rel1/arm-none-eabi/bin/../lib/gcc/arm-none-eabi/13.3.1/../../../../arm-none-eabi/lib/thumb/v7-m/nofp/libg.a(libc_a-__call_atexit.o) (atexit)
/Applications/ArmGNUToolchain/13.3.rel1/arm-none-eabi/bin/../lib/gcc/arm-none-eabi/13.3.1/../../../../arm-none-eabi/lib/thumb/v7-m/nofp/libg.a(libc_a-mallocr.o)
                              /Applications/ArmGNUToolchain/13.3.rel1/arm-none-eabi/bin/../lib/gcc/arm-none-eabi/13.3.1/../../../../arm-none-eabi/lib/thumb/v7-m/nofp/libg.a(libc_a-findfp.o) (_malloc_r)
/Applications/ArmGNUToolchain/13.3.rel1/arm-none-eabi/bin/../lib/gcc/arm-none-eabi/13.3.1/../../../../arm-none-eabi/lib/thumb/v7-m/nofp/libg.a(libc_a-svfprintf.o)
                              /Applications/ArmGNUToolchain/13.3.rel1/arm-none-eabi/bin/../lib/gcc/arm-none-eabi/13.3.1/../../../../arm-none-eabi/lib/thumb/v7-m/nofp/libg.a(libc_a-snprintf.o) (_svfprintf_r)
[...]
Memory Configuration

Name             Origin             Length             Attributes
RAM              0x20000000         0x00005000         xrw
FLASH            0x08000000         0x00010000         xr
*default*        0x00000000         0xffffffff

Linker script and memory map

LOAD /Applications/ArmGNUToolchain/13.3.rel1/arm-none-eabi/bin/../lib/gcc/arm-none-eabi/13.3.1/thumb/v7-m/nofp/crti.o
LOAD /Applications/ArmGNUToolchain/13.3.rel1/arm-none-eabi/bin/../lib/gcc/arm-none-eabi/13.3.1/thumb/v7-m/nofp/crtbegin.o
LOAD /Applications/ArmGNUToolchain/13.3.rel1/arm-none-eabi/bin/../lib/gcc/arm-none-eabi/13.3.1/../../../../arm-none-eabi/lib/thumb/v7-m/nofp/crt0.o
LOAD CMakeFiles/MiniFlyRemoter.elf.dir/Core/Src/adc.c.obj
LOAD CMakeFiles/MiniFlyRemoter.elf.dir/Core/Src/dma.c.obj
LOAD CMakeFiles/MiniFlyRemoter.elf.dir/Core/Src/drv_oled.c.obj
LOAD CMakeFiles/MiniFlyRemoter.elf.dir/Core/Src/freertos.c.obj
LOAD CMakeFiles/MiniFlyRemoter.elf.dir/Core/Src/gpio.c.obj
LOAD CMakeFiles/MiniFlyRemoter.elf.dir/Core/Src/main.c.obj
LOAD CMakeFiles/MiniFlyRemoter.elf.dir/Core/Src/spi.c.obj
LOAD CMakeFiles/MiniFlyRemoter.elf.dir/Core/Src/stm32f1xx_hal_msp.c.obj
LOAD CMakeFiles/MiniFlyRemoter.elf.dir/Core/Src/stm32f1xx_hal_timebase_tim.c.obj
LOAD CMakeFiles/MiniFlyRemoter.elf.dir/Core/Src/stm32f1xx_it.c.obj
LOAD CMakeFiles/MiniFlyRemoter.elf.dir/Core/Src/syscalls.c.obj
LOAD CMakeFiles/MiniFlyRemoter.elf.dir/Core/Src/sysmem.c.obj
LOAD CMakeFiles/MiniFlyRemoter.elf.dir/Core/Src/system_stm32f1xx.c.obj
LOAD CMakeFiles/MiniFlyRemoter.elf.dir/Core/Startup/startup_stm32f103c8tx.s.obj
LOAD CMakeFiles/MiniFlyRemoter.elf.dir/Drivers/STM32F1xx_HAL_Driver/Src/stm32f1xx_hal.c.obj
LOAD CMakeFiles/MiniFlyRemoter.elf.dir/Drivers/STM32F1xx_HAL_Driver/Src/stm32f1xx_hal_adc.c.obj
LOAD CMakeFiles/MiniFlyRemoter.elf.dir/Drivers/STM32F1xx_HAL_Driver/Src/stm32f1xx_hal_adc_ex.c.obj
LOAD CMakeFiles/MiniFlyRemoter.elf.dir/Drivers/STM32F1xx_HAL_Driver/Src/stm32f1xx_hal_cortex.c.obj
LOAD CMakeFiles/MiniFlyRemoter.elf.dir/Drivers/STM32F1xx_HAL_Driver/Src/stm32f1xx_hal_dma.c.obj
LOAD CMakeFiles/MiniFlyRemoter.elf.dir/Drivers/STM32F1xx_HAL_Driver/Src/stm32f1xx_hal_exti.c.obj
LOAD CMakeFiles/MiniFlyRemoter.elf.dir/Drivers/STM32F1xx_HAL_Driver/Src/stm32f1xx_hal_flash.c.obj
LOAD CMakeFiles/MiniFlyRemoter.elf.dir/Drivers/STM32F1xx_HAL_Driver/Src/stm32f1xx_hal_flash_ex.c.obj
LOAD CMakeFiles/MiniFlyRemoter.elf.dir/Drivers/STM32F1xx_HAL_Driver/Src/stm32f1xx_hal_gpio.c.obj
LOAD CMakeFiles/MiniFlyRemoter.elf.dir/Drivers/STM32F1xx_HAL_Driver/Src/stm32f1xx_hal_gpio_ex.c.obj
LOAD CMakeFiles/MiniFlyRemoter.elf.dir/Drivers/STM32F1xx_HAL_Driver/Src/stm32f1xx_hal_pcd.c.obj
LOAD CMakeFiles/MiniFlyRemoter.elf.dir/Drivers/STM32F1xx_HAL_Driver/Src/stm32f1xx_hal_pcd_ex.c.obj
LOAD CMakeFiles/MiniFlyRemoter.elf.dir/Drivers/STM32F1xx_HAL_Driver/Src/stm32f1xx_hal_pwr.c.obj
LOAD CMakeFiles/MiniFlyRemoter.elf.dir/Drivers/STM32F1xx_HAL_Driver/Src/stm32f1xx_hal_rcc.c.obj
LOAD CMakeFiles/MiniFlyRemoter.elf.dir/Drivers/STM32F1xx_HAL_Driver/Src/stm32f1xx_hal_rcc_ex.c.obj
LOAD CMakeFiles/MiniFlyRemoter.elf.dir/Drivers/STM32F1xx_HAL_Driver/Src/stm32f1xx_hal_spi.c.obj
LOAD CMakeFiles/MiniFlyRemoter.elf.dir/Drivers/STM32F1xx_HAL_Driver/Src/stm32f1xx_hal_tim.c.obj
LOAD CMakeFiles/MiniFlyRemoter.elf.dir/Drivers/STM32F1xx_HAL_Driver/Src/stm32f1xx_hal_tim_ex.c.obj
LOAD CMakeFiles/MiniFlyRemoter.elf.dir/Drivers/STM32F1xx_HAL_Driver/Src/stm32f1xx_ll_usb.c.obj
LOAD CMakeFiles/MiniFlyRemoter.elf.dir/Middlewares/ST/STM32_USB_Device_Library/Class/CDC/Src/usbd_cdc.c.obj
LOAD CMakeFiles/MiniFlyRemoter.elf.dir/Middlewares/ST/STM32_USB_Device_Library/Core/Src/usbd_core.c.obj
LOAD CMakeFiles/MiniFlyRemoter.elf.dir/Middlewares/ST/STM32_USB_Device_Library/Core/Src/usbd_ctlreq.c.obj
LOAD CMakeFiles/MiniFlyRemoter.elf.dir/Middlewares/ST/STM32_USB_Device_Library/Core/Src/usbd_ioreq.c.obj
LOAD CMakeFiles/MiniFlyRemoter.elf.dir/Middlewares/Third_Party/FreeRTOS/Source/CMSIS_RTOS/cmsis_os.c.obj
LOAD CMakeFiles/MiniFlyRemoter.elf.dir/Middlewares/Third_Party/FreeRTOS/Source/croutine.c.obj
LOAD CMakeFiles/MiniFlyRemoter.elf.dir/Middlewares/Third_Party/FreeRTOS/Source/event_groups.c.obj
LOAD CMakeFiles/MiniFlyRemoter.elf.dir/Middlewares/Third_Party/FreeRTOS/Source/list.c.obj
LOAD CMakeFiles/MiniFlyRemoter.elf.dir/Middlewares/Third_Party/FreeRTOS/Source/portable/GCC/ARM_CM3/port.c.obj
LOAD CMakeFiles/MiniFlyRemoter.elf.dir/Middlewares/Third_Party/FreeRTOS/Source/portable/MemMang/heap_4.c.obj
LOAD CMakeFiles/MiniFlyRemoter.elf.dir/Middlewares/Third_Party/FreeRTOS/Source/queue.c.obj
LOAD CMakeFiles/MiniFlyRemoter.elf.dir/Middlewares/Third_Party/FreeRTOS/Source/stream_buffer.c.obj
LOAD CMakeFiles/MiniFlyRemoter.elf.dir/Middlewares/Third_Party/FreeRTOS/Source/tasks.c.obj
LOAD CMakeFiles/MiniFlyRemoter.elf.dir/Middlewares/Third_Party/FreeRTOS/Source/timers.c.obj
LOAD CMakeFiles/MiniFlyRemoter.elf.dir/USB_DEVICE/App/usb_device.c.obj
LOAD CMakeFiles/MiniFlyRemoter.elf.dir/USB_DEVICE/App/usbd_cdc_if.c.obj
LOAD CMakeFiles/MiniFlyRemoter.elf.dir/USB_DEVICE/App/usbd_desc.c.obj
LOAD CMakeFiles/MiniFlyRemoter.elf.dir/USB_DEVICE/Target/usbd_conf.c.obj
START GROUP
LOAD /Applications/ArmGNUToolchain/13.3.rel1/arm-none-eabi/bin/../lib/gcc/arm-none-eabi/13.3.1/thumb/v7-m/nofp/libgcc.a
LOAD /Applications/ArmGNUToolchain/13.3.rel1/arm-none-eabi/bin/../lib/gcc/arm-none-eabi/13.3.1/../../../../arm-none-eabi/lib/thumb/v7-m/nofp/libg.a
LOAD /Applications/ArmGNUToolchain/13.3.rel1/arm-none-eabi/bin/../lib/gcc/arm-none-eabi/13.3.1/../../../../arm-none-eabi/lib/thumb/v7-m/nofp/libc.a
END GROUP
LOAD /Applications/ArmGNUToolchain/13.3.rel1/arm-none-eabi/bin/../lib/gcc/arm-none-eabi/13.3.1/thumb/v7-m/nofp/crtend.o
LOAD /Applications/ArmGNUToolchain/13.3.rel1/arm-none-eabi/bin/../lib/gcc/arm-none-eabi/13.3.1/thumb/v7-m/nofp/crtn.o
                0x20005000                        _estack = (ORIGIN (RAM) + LENGTH (RAM))
                0x00000200                        _Min_Heap_Size = 0x200
                0x00000400                        _Min_Stack_Size = 0x400

.isr_vector     0x08000000      0x10c
                0x08000000                        . = ALIGN (0x4)
 *(.isr_vector)
 .isr_vector    0x08000000      0x10c CMakeFiles/MiniFlyRemoter.elf.dir/Core/Startup/startup_stm32f103c8tx.s.obj
                0x08000000                g_pfnVectors
                0x0800010c                        . = ALIGN (0x4)

.text           0x08000110     0xce64
                0x08000110                        . = ALIGN (0x4)
 *(.text)
 .text          0x08000110      0x378 /Applications/ArmGNUToolchain/13.3.rel1/arm-none-eabi/bin/../lib/gcc/arm-none-eabi/13.3.1/thumb/v7-m/nofp/libgcc.a(_arm_addsubdf3.o)
                0x08000110                __aeabi_drsub
                0x08000118                __subdf3
                0x08000118                __aeabi_dsub
                0x0800011c                __aeabi_dadd
                0x0800011c                __adddf3
                0x08000394                __aeabi_ui2d
                0x08000394                __floatunsidf
                0x080003b4                __floatsidf
                0x080003b4                __aeabi_i2d
                0x080003d8                __extendsfdf2
                0x080003d8                __aeabi_f2d
                0x0800041c                __aeabi_ul2d
                0x0800041c                __floatundidf
                0x0800042c                __aeabi_l2d
                0x0800042c                __floatdidf
 .text          0x08000488       0x50 /Applications/ArmGNUToolchain/13.3.rel1/arm-none-eabi/bin/../lib/gcc/arm-none-eabi/13.3.1/thumb/v7-m/nofp/libgcc.a(_arm_fixdfsi.o)
                0x08000488                __fixdfsi
                0x08000488                __aeabi_d2iz
 .text          0x080004d8       0xec /Applications/ArmGNUToolchain/13.3.rel1/arm-none-eabi/bin/../lib/gcc/arm-none-eabi/13.3.1/../../../../arm-none-eabi/lib/thumb/v7-m/nofp/libg.a(libc_a-memcpy.o)
                0x080004d8                memcpy
 .text          0x080005c4      0x424 /Applications/ArmGNUToolchain/13.3.rel1/arm-none-eabi/bin/../lib/gcc/arm-none-eabi/13.3.1/thumb/v7-m/nofp/libgcc.a(_arm_muldivdf3.o)
                0x080005c4                __aeabi_dmul
                0x080005c4                __muldf3
                0x08000818                __aeabi_ddiv
                0x08000818                __divdf3
 .text          0x080009e8      0x110 /Applications/ArmGNUToolchain/13.3.rel1/arm-none-eabi/bin/../lib/gcc/arm-none-eabi/13.3.1/thumb/v7-m/nofp/libgcc.a(_arm_cmpdf2.o)
                0x080009e8                __gedf2
                0x080009e8                __gtdf2
                0x080009f0                __ledf2
                0x080009f0                __ltdf2
                0x080009f8                __cmpdf2
                0x080009f8                __eqdf2
                0x080009f8                __nedf2
                0x08000a74                __aeabi_cdrcmple
                0x08000a84                __aeabi_cdcmple
                0x08000a84                __aeabi_cdcmpeq
                0x08000a94                __aeabi_dcmpeq
                0x08000aa8                __aeabi_dcmplt
                0x08000abc                __aeabi_dcmple
                0x08000ad0                __aeabi_dcmpge
                0x08000ae4                __aeabi_dcmpgt
 .text          0x08000af8       0x2c /Applications/ArmGNUToolchain/13.3.rel1/arm-none-eabi/bin/../lib/gcc/arm-none-eabi/13.3.1/thumb/v7-m/nofp/libgcc.a(_arm_unorddf2.o)
                0x08000af8                __aeabi_dcmpun
                0x08000af8                __unorddf2
 *(.text*)
 .text.deregister_tm_clones
                0x08000b24       0x1c /Applications/ArmGNUToolchain/13.3.rel1/arm-none-eabi/bin/../lib/gcc/arm-none-eabi/13.3.1/thumb/v7-m/nofp/crtbegin.o
 .text.register_tm_clones
                0x08000b40       0x24 /Applications/ArmGNUToolchain/13.3.rel1/arm-none-eabi/bin/../lib/gcc/arm-none-eabi/13.3.1/thumb/v7-m/nofp/crtbegin.o
 .text.__do_global_dtors_aux
                0x08000b64       0x28 /Applications/ArmGNUToolchain/13.3.rel1/arm-none-eabi/bin/../lib/gcc/arm-none-eabi/13.3.1/thumb/v7-m/nofp/crtbegin.o
 .text.frame_dummy
                0x08000b8c       0x24 /Applications/ArmGNUToolchain/13.3.rel1/arm-none-eabi/bin/../lib/gcc/arm-none-eabi/13.3.1/thumb/v7-m/nofp/crtbegin.o
 .text.MX_ADC1_Init
                0x08000bb0       0xc0 CMakeFiles/MiniFlyRemoter.elf.dir/Core/Src/adc.c.obj
                0x08000bb0                MX_ADC1_Init
 .text.HAL_ADC_MspInit
                0x08000c70       0xcc CMakeFiles/MiniFlyRemoter.elf.dir/Core/Src/adc.c.obj
                0x08000c70                HAL_ADC_MspInit
 .text.MX_DMA_Init
                0x08000d3c       0x34 CMakeFiles/MiniFlyRemoter.elf.dir/Core/Src/dma.c.obj
                0x08000d3c                MX_DMA_Init
 .text.oled_write_byte
                0x08000d70       0x30 CMakeFiles/MiniFlyRemoter.elf.dir/Core/Src/drv_oled.c.obj
 .text.oled_refresh_gram
                0x08000da0       0x4c CMakeFiles/MiniFlyRemoter.elf.dir/Core/Src/drv_oled.c.obj
                0x08000da0                oled_refresh_gram
 .text.oled_clear
                0x08000dec       0x30 CMakeFiles/MiniFlyRemoter.elf.dir/Core/Src/drv_oled.c.obj
                0x08000dec                oled_clear
 .text.drv_oled_init
                0x08000e1c      0x120 CMakeFiles/MiniFlyRemoter.elf.dir/Core/Src/drv_oled.c.obj
                0x08000e1c                drv_oled_init
 .text.oled_draw_point
                0x08000f3c       0x50 CMakeFiles/MiniFlyRemoter.elf.dir/Core/Src/drv_oled.c.obj
                0x08000f3c                oled_draw_point
 .text.oled_draw_char
                0x08000f8c       0xd0 CMakeFiles/MiniFlyRemoter.elf.dir/Core/Src/drv_oled.c.obj
                0x08000f8c                oled_draw_char
 .text.oled_draw_string
                0x0800105c       0x5e CMakeFiles/MiniFlyRemoter.elf.dir/Core/Src/drv_oled.c.obj
                0x0800105c                oled_draw_string
 *fill*         0x080010ba        0x2 
 .text.StartDefaultTask
                0x080010bc       0x90 CMakeFiles/MiniFlyRemoter.elf.dir/Core/Src/freertos.c.obj
                0x080010bc                StartDefaultTask
 .text.oled_delay_callback
                0x0800114c       0x1c CMakeFiles/MiniFlyRemoter.elf.dir/Core/Src/freertos.c.obj
                0x0800114c                oled_delay_callback
 .text.KeyScanTask
                0x08001168       0x70 CMakeFiles/MiniFlyRemoter.elf.dir/Core/Src/freertos.c.obj
                0x08001168                KeyScanTask
 .text.oled_gpio_rst_callback
                0x080011d8       0x14 CMakeFiles/MiniFlyRemoter.elf.dir/Core/Src/freertos.c.obj
                0x080011d8                oled_gpio_rst_callback
 .text.oled_gpio_dc_callback
                0x080011ec       0x14 CMakeFiles/MiniFlyRemoter.elf.dir/Core/Src/freertos.c.obj
                0x080011ec                oled_gpio_dc_callback
 .text.oled_spi_tx_callback
                0x08001200       0x14 CMakeFiles/MiniFlyRemoter.elf.dir/Core/Src/freertos.c.obj
                0x08001200                oled_spi_tx_callback
 .text.vApplicationGetIdleTaskMemory
                0x08001214       0x18 CMakeFiles/MiniFlyRemoter.elf.dir/Core/Src/freertos.c.obj
                0x08001214                vApplicationGetIdleTaskMemory
 .text.MX_FREERTOS_Init
                0x0800122c       0x5c CMakeFiles/MiniFlyRemoter.elf.dir/Core/Src/freertos.c.obj
                0x0800122c                MX_FREERTOS_Init
 .text.HAL_ADC_ConvCpltCallback
                0x08001288       0x20 CMakeFiles/MiniFlyRemoter.elf.dir/Core/Src/freertos.c.obj
                0x08001288                HAL_ADC_ConvCpltCallback
 .text.MX_GPIO_Init
                0x080012a8      0x114 CMakeFiles/MiniFlyRemoter.elf.dir/Core/Src/gpio.c.obj
                0x080012a8                MX_GPIO_Init
 .text.HAL_TIM_PeriodElapsedCallback
                0x080013bc       0x18 CMakeFiles/MiniFlyRemoter.elf.dir/Core/Src/main.c.obj
                0x080013bc                HAL_TIM_PeriodElapsedCallback
 .text.Error_Handler
                0x080013d4        0x4 CMakeFiles/MiniFlyRemoter.elf.dir/Core/Src/main.c.obj
                0x080013d4                Error_Handler
 .text.SystemClock_Config
                0x080013d8       0x88 CMakeFiles/MiniFlyRemoter.elf.dir/Core/Src/main.c.obj
                0x080013d8                SystemClock_Config
 .text.main     0x08001460       0x24 CMakeFiles/MiniFlyRemoter.elf.dir/Core/Src/main.c.obj
                0x08001460                main
 .text.MX_SPI2_Init
                0x08001484       0x40 CMakeFiles/MiniFlyRemoter.elf.dir/Core/Src/spi.c.obj
                0x08001484                MX_SPI2_Init
 .text.HAL_SPI_MspInit
                0x080014c4       0x64 CMakeFiles/MiniFlyRemoter.elf.dir/Core/Src/spi.c.obj
                0x080014c4                HAL_SPI_MspInit
 .text.HAL_MspInit
                0x08001528       0x54 CMakeFiles/MiniFlyRemoter.elf.dir/Core/Src/stm32f1xx_hal_msp.c.obj
                0x08001528                HAL_MspInit
 .text.HAL_InitTick
                0x0800157c       0xa0 CMakeFiles/MiniFlyRemoter.elf.dir/Core/Src/stm32f1xx_hal_timebase_tim.c.obj
                0x0800157c                HAL_InitTick
 .text.NMI_Handler
                0x0800161c        0x2 CMakeFiles/MiniFlyRemoter.elf.dir/Core/Src/stm32f1xx_it.c.obj
                0x0800161c                NMI_Handler
 .text.HardFault_Handler
                0x0800161e        0x2 CMakeFiles/MiniFlyRemoter.elf.dir/Core/Src/stm32f1xx_it.c.obj
                0x0800161e                HardFault_Handler
 .text.MemManage_Handler
                0x08001620        0x2 CMakeFiles/MiniFlyRemoter.elf.dir/Core/Src/stm32f1xx_it.c.obj
                0x08001620                MemManage_Handler
 .text.BusFault_Handler
                0x08001622        0x2 CMakeFiles/MiniFlyRemoter.elf.dir/Core/Src/stm32f1xx_it.c.obj
                0x08001622                BusFault_Handler
 .text.UsageFault_Handler
                0x08001624        0x2 CMakeFiles/MiniFlyRemoter.elf.dir/Core/Src/stm32f1xx_it.c.obj
                0x08001624                UsageFault_Handler
 .text.DebugMon_Handler
                0x08001626        0x2 CMakeFiles/MiniFlyRemoter.elf.dir/Core/Src/stm32f1xx_it.c.obj
                0x08001626                DebugMon_Handler
 .text.DMA1_Channel1_IRQHandler
                0x08001628       0x10 CMakeFiles/MiniFlyRemoter.elf.dir/Core/Src/stm32f1xx_it.c.obj
                0x08001628                DMA1_Channel1_IRQHandler
 .text.ADC1_2_IRQHandler
                0x08001638       0x10 CMakeFiles/MiniFlyRemoter.elf.dir/Core/Src/stm32f1xx_it.c.obj
                0x08001638                ADC1_2_IRQHandler
 .text.USB_HP_CAN1_TX_IRQHandler
                0x08001648       0x10 CMakeFiles/MiniFlyRemoter.elf.dir/Core/Src/stm32f1xx_it.c.obj
                0x08001648                USB_HP_CAN1_TX_IRQHandler
 .text.USB_LP_CAN1_RX0_IRQHandler
                0x08001658       0x10 CMakeFiles/MiniFlyRemoter.elf.dir/Core/Src/stm32f1xx_it.c.obj
                0x08001658                USB_LP_CAN1_RX0_IRQHandler
 .text.TIM4_IRQHandler
                0x08001668       0x10 CMakeFiles/MiniFlyRemoter.elf.dir/Core/Src/stm32f1xx_it.c.obj
                0x08001668                TIM4_IRQHandler
 .text._getpid  0x08001678        0x4 CMakeFiles/MiniFlyRemoter.elf.dir/Core/Src/syscalls.c.obj
                0x08001678                _getpid
 .text._kill    0x0800167c       0x10 CMakeFiles/MiniFlyRemoter.elf.dir/Core/Src/syscalls.c.obj
                0x0800167c                _kill
 .text._exit    0x0800168c        0xc CMakeFiles/MiniFlyRemoter.elf.dir/Core/Src/syscalls.c.obj
                0x0800168c                _exit
 .text._read    0x08001698       0x20 CMakeFiles/MiniFlyRemoter.elf.dir/Core/Src/syscalls.c.obj
                0x08001698                _read
 .text._write   0x080016b8       0x1c CMakeFiles/MiniFlyRemoter.elf.dir/Core/Src/syscalls.c.obj
                0x080016b8                _write
 .text._close   0x080016d4        0x6 CMakeFiles/MiniFlyRemoter.elf.dir/Core/Src/syscalls.c.obj
                0x080016d4                _close
 .text._fstat   0x080016da        0xa CMakeFiles/MiniFlyRemoter.elf.dir/Core/Src/syscalls.c.obj
                0x080016da                _fstat
 .text._isatty  0x080016e4        0x4 CMakeFiles/MiniFlyRemoter.elf.dir/Core/Src/syscalls.c.obj
                0x080016e4                _isatty
 .text._lseek   0x080016e8        0x4 CMakeFiles/MiniFlyRemoter.elf.dir/Core/Src/syscalls.c.obj
                0x080016e8                _lseek
 .text._sbrk    0x080016ec       0x48 CMakeFiles/MiniFlyRemoter.elf.dir/Core/Src/sysmem.c.obj
                0x080016ec                _sbrk
 .text.SystemInit
                0x08001734        0x2 CMakeFiles/MiniFlyRemoter.elf.dir/Core/Src/system_stm32f1xx.c.obj
                0x08001734                SystemInit
 *fill*         0x08001736        0x2 
 .text.Reset_Handler
                0x08001738       0x48 CMakeFiles/MiniFlyRemoter.elf.dir/Core/Startup/startup_stm32f103c8tx.s.obj
                0x08001738                Reset_Handler
 .text.Default_Handler
                0x08001780        0x2 CMakeFiles/MiniFlyRemoter.elf.dir/Core/Startup/startup_stm32f103c8tx.s.obj
                0x08001780                USBWakeUp_IRQHandler
                0x08001780                EXTI2_IRQHandler
                0x08001780                TIM1_CC_IRQHandler
                0x08001780                PVD_IRQHandler
                0x08001780                EXTI3_IRQHandler
                0x08001780                EXTI0_IRQHandler
                0x08001780                I2C2_EV_IRQHandler
                0x08001780                SPI1_IRQHandler
                0x08001780                TAMPER_IRQHandler
                0x08001780                DMA1_Channel4_IRQHandler
                0x08001780                USART3_IRQHandler
                0x08001780                RTC_IRQHandler
                0x08001780                DMA1_Channel7_IRQHandler
                0x08001780                CAN1_RX1_IRQHandler
                0x08001780                I2C1_EV_IRQHandler
                0x08001780                DMA1_Channel6_IRQHandler
                0x08001780                TIM3_IRQHandler
                0x08001780                RCC_IRQHandler
                0x08001780                TIM1_TRG_COM_IRQHandler
                0x08001780                Default_Handler
                0x08001780                EXTI15_10_IRQHandler
                0x08001780                EXTI9_5_IRQHandler
                0x08001780                SPI2_IRQHandler
                0x08001780                DMA1_Channel5_IRQHandler
                0x08001780                EXTI4_IRQHandler
                0x08001780                DMA1_Channel3_IRQHandler
                0x08001780                TIM1_UP_IRQHandler
                0x08001780                WWDG_IRQHandler
                0x08001780                TIM2_IRQHandler
                0x08001780                TIM1_BRK_IRQHandler
                0x08001780                EXTI1_IRQHandler
                0x08001780                USART2_IRQHandler
                0x08001780                I2C2_ER_IRQHandler
                0x08001780                DMA1_Channel2_IRQHandler
                0x08001780                CAN1_SCE_IRQHandler
                0x08001780                FLASH_IRQHandler
                0x08001780                USART1_IRQHandler
                0x08001780                I2C1_ER_IRQHandler
                0x08001780                RTC_Alarm_IRQHandler
 *fill*         0x08001782        0x2 
 .text.HAL_Init
                0x08001784       0x24 CMakeFiles/MiniFlyRemoter.elf.dir/Drivers/STM32F1xx_HAL_Driver/Src/stm32f1xx_hal.c.obj
                0x08001784                HAL_Init
 .text.HAL_IncTick
                0x080017a8       0x18 CMakeFiles/MiniFlyRemoter.elf.dir/Drivers/STM32F1xx_HAL_Driver/Src/stm32f1xx_hal.c.obj
                0x080017a8                HAL_IncTick
 .text.HAL_GetTick
                0x080017c0        0xc CMakeFiles/MiniFlyRemoter.elf.dir/Drivers/STM32F1xx_HAL_Driver/Src/stm32f1xx_hal.c.obj
                0x080017c0                HAL_GetTick
 .text.ADC_DMAConvCplt
                0x080017cc       0x52 CMakeFiles/MiniFlyRemoter.elf.dir/Drivers/STM32F1xx_HAL_Driver/Src/stm32f1xx_hal_adc.c.obj
                0x080017cc                ADC_DMAConvCplt
 .text.HAL_ADC_ConvHalfCpltCallback
                0x0800181e        0x2 CMakeFiles/MiniFlyRemoter.elf.dir/Drivers/STM32F1xx_HAL_Driver/Src/stm32f1xx_hal_adc.c.obj
                0x0800181e                HAL_ADC_ConvHalfCpltCallback
 .text.ADC_DMAHalfConvCplt
                0x08001820        0xa CMakeFiles/MiniFlyRemoter.elf.dir/Drivers/STM32F1xx_HAL_Driver/Src/stm32f1xx_hal_adc.c.obj
                0x08001820                ADC_DMAHalfConvCplt
 .text.HAL_ADC_LevelOutOfWindowCallback
                0x0800182a        0x2 CMakeFiles/MiniFlyRemoter.elf.dir/Drivers/STM32F1xx_HAL_Driver/Src/stm32f1xx_hal_adc.c.obj
                0x0800182a                HAL_ADC_LevelOutOfWindowCallback
 .text.HAL_ADC_IRQHandler
                0x0800182c      0x102 CMakeFiles/MiniFlyRemoter.elf.dir/Drivers/STM32F1xx_HAL_Driver/Src/stm32f1xx_hal_adc.c.obj
                0x0800182c                HAL_ADC_IRQHandler
 .text.HAL_ADC_ErrorCallback
                0x0800192e        0x2 CMakeFiles/MiniFlyRemoter.elf.dir/Drivers/STM32F1xx_HAL_Driver/Src/stm32f1xx_hal_adc.c.obj
                0x0800192e                HAL_ADC_ErrorCallback
 .text.ADC_DMAError
                0x08001930       0x1a CMakeFiles/MiniFlyRemoter.elf.dir/Drivers/STM32F1xx_HAL_Driver/Src/stm32f1xx_hal_adc.c.obj
                0x08001930                ADC_DMAError
 *fill*         0x0800194a        0x2 
 .text.HAL_ADC_ConfigChannel
                0x0800194c      0x140 CMakeFiles/MiniFlyRemoter.elf.dir/Drivers/STM32F1xx_HAL_Driver/Src/stm32f1xx_hal_adc.c.obj
                0x0800194c                HAL_ADC_ConfigChannel
 .text.ADC_Enable
                0x08001a8c       0x88 CMakeFiles/MiniFlyRemoter.elf.dir/Drivers/STM32F1xx_HAL_Driver/Src/stm32f1xx_hal_adc.c.obj
                0x08001a8c                ADC_Enable
 .text.HAL_ADC_Start_DMA
                0x08001b14      0x130 CMakeFiles/MiniFlyRemoter.elf.dir/Drivers/STM32F1xx_HAL_Driver/Src/stm32f1xx_hal_adc.c.obj
                0x08001b14                HAL_ADC_Start_DMA
 .text.ADC_ConversionStop_Disable
                0x08001c44       0x56 CMakeFiles/MiniFlyRemoter.elf.dir/Drivers/STM32F1xx_HAL_Driver/Src/stm32f1xx_hal_adc.c.obj
                0x08001c44                ADC_ConversionStop_Disable
 *fill*         0x08001c9a        0x2 
 .text.HAL_ADC_Init
                0x08001c9c      0x108 CMakeFiles/MiniFlyRemoter.elf.dir/Drivers/STM32F1xx_HAL_Driver/Src/stm32f1xx_hal_adc.c.obj
                0x08001c9c                HAL_ADC_Init
 .text.HAL_ADCEx_InjectedConvCpltCallback
                0x08001da4        0x2 CMakeFiles/MiniFlyRemoter.elf.dir/Drivers/STM32F1xx_HAL_Driver/Src/stm32f1xx_hal_adc_ex.c.obj
                0x08001da4                HAL_ADCEx_InjectedConvCpltCallback
 *fill*         0x08001da6        0x2 
 .text.__NVIC_SetPriority
                0x08001da8       0x28 CMakeFiles/MiniFlyRemoter.elf.dir/Drivers/STM32F1xx_HAL_Driver/Src/stm32f1xx_hal_cortex.c.obj
 .text.NVIC_EncodePriority
                0x08001dd0       0x3e CMakeFiles/MiniFlyRemoter.elf.dir/Drivers/STM32F1xx_HAL_Driver/Src/stm32f1xx_hal_cortex.c.obj
 *fill*         0x08001e0e        0x2 
 .text.HAL_NVIC_SetPriorityGrouping
                0x08001e10       0x24 CMakeFiles/MiniFlyRemoter.elf.dir/Drivers/STM32F1xx_HAL_Driver/Src/stm32f1xx_hal_cortex.c.obj
                0x08001e10                HAL_NVIC_SetPriorityGrouping
 .text.HAL_NVIC_SetPriority
                0x08001e34       0x20 CMakeFiles/MiniFlyRemoter.elf.dir/Drivers/STM32F1xx_HAL_Driver/Src/stm32f1xx_hal_cortex.c.obj
                0x08001e34                HAL_NVIC_SetPriority
 .text.HAL_NVIC_EnableIRQ
                0x08001e54       0x1c CMakeFiles/MiniFlyRemoter.elf.dir/Drivers/STM32F1xx_HAL_Driver/Src/stm32f1xx_hal_cortex.c.obj
                0x08001e54                HAL_NVIC_EnableIRQ
 .text.DMA_SetConfig
                0x08001e70       0x2c CMakeFiles/MiniFlyRemoter.elf.dir/Drivers/STM32F1xx_HAL_Driver/Src/stm32f1xx_hal_dma.c.obj
 .text.HAL_DMA_Init
                0x08001e9c       0x68 CMakeFiles/MiniFlyRemoter.elf.dir/Drivers/STM32F1xx_HAL_Driver/Src/stm32f1xx_hal_dma.c.obj
                0x08001e9c                HAL_DMA_Init
 .text.HAL_DMA_Start_IT
                0x08001f04       0x76 CMakeFiles/MiniFlyRemoter.elf.dir/Drivers/STM32F1xx_HAL_Driver/Src/stm32f1xx_hal_dma.c.obj
                0x08001f04                HAL_DMA_Start_IT
 *fill*         0x08001f7a        0x2 
 .text.HAL_DMA_IRQHandler
                0x08001f7c      0x144 CMakeFiles/MiniFlyRemoter.elf.dir/Drivers/STM32F1xx_HAL_Driver/Src/stm32f1xx_hal_dma.c.obj
                0x08001f7c                HAL_DMA_IRQHandler
 .text.HAL_GPIO_Init
                0x080020c0      0x21c CMakeFiles/MiniFlyRemoter.elf.dir/Drivers/STM32F1xx_HAL_Driver/Src/stm32f1xx_hal_gpio.c.obj
                0x080020c0                HAL_GPIO_Init
 .text.HAL_GPIO_ReadPin
                0x080022dc        0xe CMakeFiles/MiniFlyRemoter.elf.dir/Drivers/STM32F1xx_HAL_Driver/Src/stm32f1xx_hal_gpio.c.obj
                0x080022dc                HAL_GPIO_ReadPin
 .text.HAL_GPIO_WritePin
                0x080022ea        0xc CMakeFiles/MiniFlyRemoter.elf.dir/Drivers/STM32F1xx_HAL_Driver/Src/stm32f1xx_hal_gpio.c.obj
                0x080022ea                HAL_GPIO_WritePin
 .text.HAL_GPIO_TogglePin
                0x080022f6       0x12 CMakeFiles/MiniFlyRemoter.elf.dir/Drivers/STM32F1xx_HAL_Driver/Src/stm32f1xx_hal_gpio.c.obj
                0x080022f6                HAL_GPIO_TogglePin
 .text.HAL_PCD_EP_DB_Receive
                0x08002308      0x11c CMakeFiles/MiniFlyRemoter.elf.dir/Drivers/STM32F1xx_HAL_Driver/Src/stm32f1xx_hal_pcd.c.obj
 .text.HAL_PCD_Init
                0x08002424       0xe8 CMakeFiles/MiniFlyRemoter.elf.dir/Drivers/STM32F1xx_HAL_Driver/Src/stm32f1xx_hal_pcd.c.obj
                0x08002424                HAL_PCD_Init
 .text.HAL_PCD_Start
                0x0800250c       0x32 CMakeFiles/MiniFlyRemoter.elf.dir/Drivers/STM32F1xx_HAL_Driver/Src/stm32f1xx_hal_pcd.c.obj
                0x0800250c                HAL_PCD_Start
 .text.HAL_PCD_EP_DB_Transmit
                0x0800253e      0x424 CMakeFiles/MiniFlyRemoter.elf.dir/Drivers/STM32F1xx_HAL_Driver/Src/stm32f1xx_hal_pcd.c.obj
 .text.PCD_EP_ISR_Handler
                0x08002962      0x554 CMakeFiles/MiniFlyRemoter.elf.dir/Drivers/STM32F1xx_HAL_Driver/Src/stm32f1xx_hal_pcd.c.obj
 .text.HAL_PCD_SetAddress
                0x08002eb6       0x26 CMakeFiles/MiniFlyRemoter.elf.dir/Drivers/STM32F1xx_HAL_Driver/Src/stm32f1xx_hal_pcd.c.obj
                0x08002eb6                HAL_PCD_SetAddress
 .text.HAL_PCD_IRQHandler
                0x08002edc      0x1b0 CMakeFiles/MiniFlyRemoter.elf.dir/Drivers/STM32F1xx_HAL_Driver/Src/stm32f1xx_hal_pcd.c.obj
                0x08002edc                HAL_PCD_IRQHandler
 .text.HAL_PCD_EP_Open
                0x0800308c       0x84 CMakeFiles/MiniFlyRemoter.elf.dir/Drivers/STM32F1xx_HAL_Driver/Src/stm32f1xx_hal_pcd.c.obj
                0x0800308c                HAL_PCD_EP_Open
 .text.HAL_PCD_EP_Close
                0x08003110       0x6c CMakeFiles/MiniFlyRemoter.elf.dir/Drivers/STM32F1xx_HAL_Driver/Src/stm32f1xx_hal_pcd.c.obj
                0x08003110                HAL_PCD_EP_Close
 .text.HAL_PCD_EP_Receive
                0x0800317c       0x3a CMakeFiles/MiniFlyRemoter.elf.dir/Drivers/STM32F1xx_HAL_Driver/Src/stm32f1xx_hal_pcd.c.obj
                0x0800317c                HAL_PCD_EP_Receive
 .text.HAL_PCD_EP_GetRxCount
                0x080031b6       0x12 CMakeFiles/MiniFlyRemoter.elf.dir/Drivers/STM32F1xx_HAL_Driver/Src/stm32f1xx_hal_pcd.c.obj
                0x080031b6                HAL_PCD_EP_GetRxCount
 .text.HAL_PCD_EP_Transmit
                0x080031c8       0x4c CMakeFiles/MiniFlyRemoter.elf.dir/Drivers/STM32F1xx_HAL_Driver/Src/stm32f1xx_hal_pcd.c.obj
                0x080031c8                HAL_PCD_EP_Transmit
 .text.HAL_PCD_EP_SetStall
                0x08003214       0x80 CMakeFiles/MiniFlyRemoter.elf.dir/Drivers/STM32F1xx_HAL_Driver/Src/stm32f1xx_hal_pcd.c.obj
                0x08003214                HAL_PCD_EP_SetStall
 .text.HAL_PCD_EP_ClrStall
                0x08003294       0x7e CMakeFiles/MiniFlyRemoter.elf.dir/Drivers/STM32F1xx_HAL_Driver/Src/stm32f1xx_hal_pcd.c.obj
                0x08003294                HAL_PCD_EP_ClrStall
 .text.HAL_PCDEx_PMAConfig
                0x08003312       0x38 CMakeFiles/MiniFlyRemoter.elf.dir/Drivers/STM32F1xx_HAL_Driver/Src/stm32f1xx_hal_pcd_ex.c.obj
                0x08003312                HAL_PCDEx_PMAConfig
 *fill*         0x0800334a        0x2 
 .text.RCC_Delay
                0x0800334c       0x2c CMakeFiles/MiniFlyRemoter.elf.dir/Drivers/STM32F1xx_HAL_Driver/Src/stm32f1xx_hal_rcc.c.obj
 .text.HAL_RCC_OscConfig
                0x08003378      0x410 CMakeFiles/MiniFlyRemoter.elf.dir/Drivers/STM32F1xx_HAL_Driver/Src/stm32f1xx_hal_rcc.c.obj
                0x08003378                HAL_RCC_OscConfig
 .text.HAL_RCC_GetSysClockFreq
                0x08003788       0x54 CMakeFiles/MiniFlyRemoter.elf.dir/Drivers/STM32F1xx_HAL_Driver/Src/stm32f1xx_hal_rcc.c.obj
                0x08003788                HAL_RCC_GetSysClockFreq
 .text.HAL_RCC_ClockConfig
                0x080037dc      0x16c CMakeFiles/MiniFlyRemoter.elf.dir/Drivers/STM32F1xx_HAL_Driver/Src/stm32f1xx_hal_rcc.c.obj
                0x080037dc                HAL_RCC_ClockConfig
 .text.HAL_RCC_GetHCLKFreq
                0x08003948        0xc CMakeFiles/MiniFlyRemoter.elf.dir/Drivers/STM32F1xx_HAL_Driver/Src/stm32f1xx_hal_rcc.c.obj
                0x08003948                HAL_RCC_GetHCLKFreq
 .text.HAL_RCC_GetPCLK1Freq
                0x08003954       0x20 CMakeFiles/MiniFlyRemoter.elf.dir/Drivers/STM32F1xx_HAL_Driver/Src/stm32f1xx_hal_rcc.c.obj
                0x08003954                HAL_RCC_GetPCLK1Freq
 .text.HAL_RCC_GetClockConfig
                0x08003974       0x3c CMakeFiles/MiniFlyRemoter.elf.dir/Drivers/STM32F1xx_HAL_Driver/Src/stm32f1xx_hal_rcc.c.obj
                0x08003974                HAL_RCC_GetClockConfig
 .text.HAL_RCCEx_PeriphCLKConfig
                0x080039b0      0x118 CMakeFiles/MiniFlyRemoter.elf.dir/Drivers/STM32F1xx_HAL_Driver/Src/stm32f1xx_hal_rcc_ex.c.obj
                0x080039b0                HAL_RCCEx_PeriphCLKConfig
 .text.SPI_WaitFlagStateUntilTimeout
                0x08003ac8       0xc8 CMakeFiles/MiniFlyRemoter.elf.dir/Drivers/STM32F1xx_HAL_Driver/Src/stm32f1xx_hal_spi.c.obj
 .text.SPI_EndRxTxTransaction
                0x08003b90       0x44 CMakeFiles/MiniFlyRemoter.elf.dir/Drivers/STM32F1xx_HAL_Driver/Src/stm32f1xx_hal_spi.c.obj
 .text.HAL_SPI_Init
                0x08003bd4       0xb6 CMakeFiles/MiniFlyRemoter.elf.dir/Drivers/STM32F1xx_HAL_Driver/Src/stm32f1xx_hal_spi.c.obj
                0x08003bd4                HAL_SPI_Init
 .text.HAL_SPI_Transmit
                0x08003c8a      0x1c4 CMakeFiles/MiniFlyRemoter.elf.dir/Drivers/STM32F1xx_HAL_Driver/Src/stm32f1xx_hal_spi.c.obj
                0x08003c8a                HAL_SPI_Transmit
 .text.HAL_TIM_Base_MspInit
                0x08003e4e        0x2 CMakeFiles/MiniFlyRemoter.elf.dir/Drivers/STM32F1xx_HAL_Driver/Src/stm32f1xx_hal_tim.c.obj
                0x08003e4e                HAL_TIM_Base_MspInit
 .text.HAL_TIM_Base_Start_IT
                0x08003e50       0x68 CMakeFiles/MiniFlyRemoter.elf.dir/Drivers/STM32F1xx_HAL_Driver/Src/stm32f1xx_hal_tim.c.obj
                0x08003e50                HAL_TIM_Base_Start_IT
 .text.HAL_TIM_OC_DelayElapsedCallback
                0x08003eb8        0x2 CMakeFiles/MiniFlyRemoter.elf.dir/Drivers/STM32F1xx_HAL_Driver/Src/stm32f1xx_hal_tim.c.obj
                0x08003eb8                HAL_TIM_OC_DelayElapsedCallback
 .text.HAL_TIM_IC_CaptureCallback
                0x08003eba        0x2 CMakeFiles/MiniFlyRemoter.elf.dir/Drivers/STM32F1xx_HAL_Driver/Src/stm32f1xx_hal_tim.c.obj
                0x08003eba                HAL_TIM_IC_CaptureCallback
 .text.HAL_TIM_PWM_PulseFinishedCallback
                0x08003ebc        0x2 CMakeFiles/MiniFlyRemoter.elf.dir/Drivers/STM32F1xx_HAL_Driver/Src/stm32f1xx_hal_tim.c.obj
                0x08003ebc                HAL_TIM_PWM_PulseFinishedCallback
 .text.HAL_TIM_TriggerCallback
                0x08003ebe        0x2 CMakeFiles/MiniFlyRemoter.elf.dir/Drivers/STM32F1xx_HAL_Driver/Src/stm32f1xx_hal_tim.c.obj
                0x08003ebe                HAL_TIM_TriggerCallback
 .text.HAL_TIM_IRQHandler
                0x08003ec0      0x15e CMakeFiles/MiniFlyRemoter.elf.dir/Drivers/STM32F1xx_HAL_Driver/Src/stm32f1xx_hal_tim.c.obj
                0x08003ec0                HAL_TIM_IRQHandler
 *fill*         0x0800401e        0x2 
 .text.TIM_Base_SetConfig
                0x08004020       0x84 CMakeFiles/MiniFlyRemoter.elf.dir/Drivers/STM32F1xx_HAL_Driver/Src/stm32f1xx_hal_tim.c.obj
                0x08004020                TIM_Base_SetConfig
 .text.HAL_TIM_Base_Init
                0x080040a4       0x58 CMakeFiles/MiniFlyRemoter.elf.dir/Drivers/STM32F1xx_HAL_Driver/Src/stm32f1xx_hal_tim.c.obj
                0x080040a4                HAL_TIM_Base_Init
 .text.HAL_TIMEx_CommutCallback
                0x080040fc        0x2 CMakeFiles/MiniFlyRemoter.elf.dir/Drivers/STM32F1xx_HAL_Driver/Src/stm32f1xx_hal_tim_ex.c.obj
                0x080040fc                HAL_TIMEx_CommutCallback
 .text.HAL_TIMEx_BreakCallback
                0x080040fe        0x2 CMakeFiles/MiniFlyRemoter.elf.dir/Drivers/STM32F1xx_HAL_Driver/Src/stm32f1xx_hal_tim_ex.c.obj
                0x080040fe                HAL_TIMEx_BreakCallback
 .text.USB_CoreInit
                0x08004100        0xe CMakeFiles/MiniFlyRemoter.elf.dir/Drivers/STM32F1xx_HAL_Driver/Src/stm32f1xx_ll_usb.c.obj
                0x08004100                USB_CoreInit
 .text.USB_EnableGlobalInt
                0x0800410e       0x12 CMakeFiles/MiniFlyRemoter.elf.dir/Drivers/STM32F1xx_HAL_Driver/Src/stm32f1xx_ll_usb.c.obj
                0x0800410e                USB_EnableGlobalInt
 .text.USB_DisableGlobalInt
                0x08004120       0x14 CMakeFiles/MiniFlyRemoter.elf.dir/Drivers/STM32F1xx_HAL_Driver/Src/stm32f1xx_ll_usb.c.obj
                0x08004120                USB_DisableGlobalInt
 .text.USB_SetCurrentMode
                0x08004134        0x4 CMakeFiles/MiniFlyRemoter.elf.dir/Drivers/STM32F1xx_HAL_Driver/Src/stm32f1xx_ll_usb.c.obj
                0x08004134                USB_SetCurrentMode
 .text.USB_DevInit
                0x08004138       0x22 CMakeFiles/MiniFlyRemoter.elf.dir/Drivers/STM32F1xx_HAL_Driver/Src/stm32f1xx_ll_usb.c.obj
                0x08004138                USB_DevInit
 .text.USB_ActivateEndpoint
                0x0800415a      0x3ca CMakeFiles/MiniFlyRemoter.elf.dir/Drivers/STM32F1xx_HAL_Driver/Src/stm32f1xx_ll_usb.c.obj
                0x0800415a                USB_ActivateEndpoint
 .text.USB_DeactivateEndpoint
                0x08004524      0x1d6 CMakeFiles/MiniFlyRemoter.elf.dir/Drivers/STM32F1xx_HAL_Driver/Src/stm32f1xx_ll_usb.c.obj
                0x08004524                USB_DeactivateEndpoint
 .text.USB_EPSetStall
                0x080046fa       0x4a CMakeFiles/MiniFlyRemoter.elf.dir/Drivers/STM32F1xx_HAL_Driver/Src/stm32f1xx_ll_usb.c.obj
                0x080046fa                USB_EPSetStall
 .text.USB_EPClearStall
                0x08004744       0xa2 CMakeFiles/MiniFlyRemoter.elf.dir/Drivers/STM32F1xx_HAL_Driver/Src/stm32f1xx_ll_usb.c.obj
                0x08004744                USB_EPClearStall
 .text.USB_SetDevAddress
                0x080047e6        0xc CMakeFiles/MiniFlyRemoter.elf.dir/Drivers/STM32F1xx_HAL_Driver/Src/stm32f1xx_ll_usb.c.obj
                0x080047e6                USB_SetDevAddress
 .text.USB_DevConnect
                0x080047f2        0x4 CMakeFiles/MiniFlyRemoter.elf.dir/Drivers/STM32F1xx_HAL_Driver/Src/stm32f1xx_ll_usb.c.obj
                0x080047f2                USB_DevConnect
 .text.USB_DevDisconnect
                0x080047f6        0x4 CMakeFiles/MiniFlyRemoter.elf.dir/Drivers/STM32F1xx_HAL_Driver/Src/stm32f1xx_ll_usb.c.obj
                0x080047f6                USB_DevDisconnect
 .text.USB_ReadInterrupts
                0x080047fa        0x8 CMakeFiles/MiniFlyRemoter.elf.dir/Drivers/STM32F1xx_HAL_Driver/Src/stm32f1xx_ll_usb.c.obj
                0x080047fa                USB_ReadInterrupts
 .text.USB_EP0_OutStart
                0x08004802        0x4 CMakeFiles/MiniFlyRemoter.elf.dir/Drivers/STM32F1xx_HAL_Driver/Src/stm32f1xx_ll_usb.c.obj
                0x08004802                USB_EP0_OutStart
 .text.USB_WritePMA
                0x08004806       0x26 CMakeFiles/MiniFlyRemoter.elf.dir/Drivers/STM32F1xx_HAL_Driver/Src/stm32f1xx_ll_usb.c.obj
                0x08004806                USB_WritePMA
 .text.USB_EPStartXfer
                0x0800482c      0x7ce CMakeFiles/MiniFlyRemoter.elf.dir/Drivers/STM32F1xx_HAL_Driver/Src/stm32f1xx_ll_usb.c.obj
                0x0800482c                USB_EPStartXfer
 .text.USB_ReadPMA
                0x08004ffa       0x30 CMakeFiles/MiniFlyRemoter.elf.dir/Drivers/STM32F1xx_HAL_Driver/Src/stm32f1xx_ll_usb.c.obj
                0x08004ffa                USB_ReadPMA
 .text.USBD_CDC_EP0_RxReady
                0x0800502a       0x28 CMakeFiles/MiniFlyRemoter.elf.dir/Middlewares/ST/STM32_USB_Device_Library/Class/CDC/Src/usbd_cdc.c.obj
 *fill*         0x08005052        0x2 
 .text.USBD_CDC_GetFSCfgDesc
                0x08005054        0xc CMakeFiles/MiniFlyRemoter.elf.dir/Middlewares/ST/STM32_USB_Device_Library/Class/CDC/Src/usbd_cdc.c.obj
 .text.USBD_CDC_GetHSCfgDesc
                0x08005060        0xc CMakeFiles/MiniFlyRemoter.elf.dir/Middlewares/ST/STM32_USB_Device_Library/Class/CDC/Src/usbd_cdc.c.obj
 .text.USBD_CDC_GetOtherSpeedCfgDesc
                0x0800506c        0xc CMakeFiles/MiniFlyRemoter.elf.dir/Middlewares/ST/STM32_USB_Device_Library/Class/CDC/Src/usbd_cdc.c.obj
 .text.USBD_CDC_GetDeviceQualifierDescriptor
                0x08005078        0xc CMakeFiles/MiniFlyRemoter.elf.dir/Middlewares/ST/STM32_USB_Device_Library/Class/CDC/Src/usbd_cdc.c.obj
                0x08005078                USBD_CDC_GetDeviceQualifierDescriptor
 .text.USBD_CDC_DataOut
                0x08005084       0x2e CMakeFiles/MiniFlyRemoter.elf.dir/Middlewares/ST/STM32_USB_Device_Library/Class/CDC/Src/usbd_cdc.c.obj
 .text.USBD_CDC_DataIn
                0x080050b2       0x4e CMakeFiles/MiniFlyRemoter.elf.dir/Middlewares/ST/STM32_USB_Device_Library/Class/CDC/Src/usbd_cdc.c.obj
 .text.USBD_CDC_Setup
                0x08005100       0xd6 CMakeFiles/MiniFlyRemoter.elf.dir/Middlewares/ST/STM32_USB_Device_Library/Class/CDC/Src/usbd_cdc.c.obj
 .text.USBD_CDC_DeInit
                0x080051d6       0x42 CMakeFiles/MiniFlyRemoter.elf.dir/Middlewares/ST/STM32_USB_Device_Library/Class/CDC/Src/usbd_cdc.c.obj
 .text.USBD_CDC_Init
                0x08005218       0xaa CMakeFiles/MiniFlyRemoter.elf.dir/Middlewares/ST/STM32_USB_Device_Library/Class/CDC/Src/usbd_cdc.c.obj
 .text.USBD_CDC_RegisterInterface
                0x080052c2        0xe CMakeFiles/MiniFlyRemoter.elf.dir/Middlewares/ST/STM32_USB_Device_Library/Class/CDC/Src/usbd_cdc.c.obj
                0x080052c2                USBD_CDC_RegisterInterface
 .text.USBD_CDC_SetTxBuffer
                0x080052d0       0x10 CMakeFiles/MiniFlyRemoter.elf.dir/Middlewares/ST/STM32_USB_Device_Library/Class/CDC/Src/usbd_cdc.c.obj
                0x080052d0                USBD_CDC_SetTxBuffer
 .text.USBD_CDC_SetRxBuffer
                0x080052e0        0xc CMakeFiles/MiniFlyRemoter.elf.dir/Middlewares/ST/STM32_USB_Device_Library/Class/CDC/Src/usbd_cdc.c.obj
                0x080052e0                USBD_CDC_SetRxBuffer
 .text.USBD_CDC_ReceivePacket
                0x080052ec       0x30 CMakeFiles/MiniFlyRemoter.elf.dir/Middlewares/ST/STM32_USB_Device_Library/Class/CDC/Src/usbd_cdc.c.obj
                0x080052ec                USBD_CDC_ReceivePacket
 .text.USBD_Init
                0x0800531c       0x2e CMakeFiles/MiniFlyRemoter.elf.dir/Middlewares/ST/STM32_USB_Device_Library/Core/Src/usbd_core.c.obj
                0x0800531c                USBD_Init
 .text.USBD_RegisterClass
                0x0800534a        0xe CMakeFiles/MiniFlyRemoter.elf.dir/Middlewares/ST/STM32_USB_Device_Library/Core/Src/usbd_core.c.obj
                0x0800534a                USBD_RegisterClass
 .text.USBD_Start
                0x08005358        0xa CMakeFiles/MiniFlyRemoter.elf.dir/Middlewares/ST/STM32_USB_Device_Library/Core/Src/usbd_core.c.obj
                0x08005358                USBD_Start
 .text.USBD_SetClassConfig
                0x08005362       0x18 CMakeFiles/MiniFlyRemoter.elf.dir/Middlewares/ST/STM32_USB_Device_Library/Core/Src/usbd_core.c.obj
                0x08005362                USBD_SetClassConfig
 .text.USBD_ClrClassConfig
                0x0800537a        0xe CMakeFiles/MiniFlyRemoter.elf.dir/Middlewares/ST/STM32_USB_Device_Library/Core/Src/usbd_core.c.obj
                0x0800537a                USBD_ClrClassConfig
 .text.USBD_LL_SetupStage
                0x08005388       0x5a CMakeFiles/MiniFlyRemoter.elf.dir/Middlewares/ST/STM32_USB_Device_Library/Core/Src/usbd_core.c.obj
                0x08005388                USBD_LL_SetupStage
 .text.USBD_LL_DataOutStage
                0x080053e2       0x8c CMakeFiles/MiniFlyRemoter.elf.dir/Middlewares/ST/STM32_USB_Device_Library/Core/Src/usbd_core.c.obj
                0x080053e2                USBD_LL_DataOutStage
 .text.USBD_LL_DataInStage
                0x0800546e       0xd0 CMakeFiles/MiniFlyRemoter.elf.dir/Middlewares/ST/STM32_USB_Device_Library/Core/Src/usbd_core.c.obj
                0x0800546e                USBD_LL_DataInStage
 .text.USBD_LL_Reset
                0x0800553e       0x50 CMakeFiles/MiniFlyRemoter.elf.dir/Middlewares/ST/STM32_USB_Device_Library/Core/Src/usbd_core.c.obj
                0x0800553e                USBD_LL_Reset
 .text.USBD_LL_SetSpeed
                0x0800558e        0x6 CMakeFiles/MiniFlyRemoter.elf.dir/Middlewares/ST/STM32_USB_Device_Library/Core/Src/usbd_core.c.obj
                0x0800558e                USBD_LL_SetSpeed
 .text.USBD_LL_Suspend
                0x08005594       0x12 CMakeFiles/MiniFlyRemoter.elf.dir/Middlewares/ST/STM32_USB_Device_Library/Core/Src/usbd_core.c.obj
                0x08005594                USBD_LL_Suspend
 .text.USBD_LL_Resume
                0x080055a6       0x16 CMakeFiles/MiniFlyRemoter.elf.dir/Middlewares/ST/STM32_USB_Device_Library/Core/Src/usbd_core.c.obj
                0x080055a6                USBD_LL_Resume
 .text.USBD_LL_SOF
                0x080055bc       0x1c CMakeFiles/MiniFlyRemoter.elf.dir/Middlewares/ST/STM32_USB_Device_Library/Core/Src/usbd_core.c.obj
                0x080055bc                USBD_LL_SOF
 .text.USBD_GetLen
                0x080055d8       0x14 CMakeFiles/MiniFlyRemoter.elf.dir/Middlewares/ST/STM32_USB_Device_Library/Core/Src/usbd_ctlreq.c.obj
 .text.USBD_SetFeature
                0x080055ec       0x14 CMakeFiles/MiniFlyRemoter.elf.dir/Middlewares/ST/STM32_USB_Device_Library/Core/Src/usbd_ctlreq.c.obj
 .text.USBD_ParseSetupRequest
                0x08005600       0x28 CMakeFiles/MiniFlyRemoter.elf.dir/Middlewares/ST/STM32_USB_Device_Library/Core/Src/usbd_ctlreq.c.obj
                0x08005600                USBD_ParseSetupRequest
 .text.USBD_CtlError
                0x08005628       0x14 CMakeFiles/MiniFlyRemoter.elf.dir/Middlewares/ST/STM32_USB_Device_Library/Core/Src/usbd_ctlreq.c.obj
                0x08005628                USBD_CtlError
 .text.USBD_GetDescriptor
                0x0800563c      0x186 CMakeFiles/MiniFlyRemoter.elf.dir/Middlewares/ST/STM32_USB_Device_Library/Core/Src/usbd_ctlreq.c.obj
 .text.USBD_SetAddress
                0x080057c2       0x4e CMakeFiles/MiniFlyRemoter.elf.dir/Middlewares/ST/STM32_USB_Device_Library/Core/Src/usbd_ctlreq.c.obj
 .text.USBD_SetConfig
                0x08005810       0xb0 CMakeFiles/MiniFlyRemoter.elf.dir/Middlewares/ST/STM32_USB_Device_Library/Core/Src/usbd_ctlreq.c.obj
 .text.USBD_GetConfig
                0x080058c0       0x3e CMakeFiles/MiniFlyRemoter.elf.dir/Middlewares/ST/STM32_USB_Device_Library/Core/Src/usbd_ctlreq.c.obj
 .text.USBD_GetStatus
                0x080058fe       0x38 CMakeFiles/MiniFlyRemoter.elf.dir/Middlewares/ST/STM32_USB_Device_Library/Core/Src/usbd_ctlreq.c.obj
 .text.USBD_ClrFeature
                0x08005936       0x26 CMakeFiles/MiniFlyRemoter.elf.dir/Middlewares/ST/STM32_USB_Device_Library/Core/Src/usbd_ctlreq.c.obj
 .text.USBD_StdDevReq
                0x0800595c       0x68 CMakeFiles/MiniFlyRemoter.elf.dir/Middlewares/ST/STM32_USB_Device_Library/Core/Src/usbd_ctlreq.c.obj
                0x0800595c                USBD_StdDevReq
 .text.USBD_StdItfReq
                0x080059c4       0x60 CMakeFiles/MiniFlyRemoter.elf.dir/Middlewares/ST/STM32_USB_Device_Library/Core/Src/usbd_ctlreq.c.obj
                0x080059c4                USBD_StdItfReq
 .text.USBD_StdEPReq
                0x08005a24      0x1e2 CMakeFiles/MiniFlyRemoter.elf.dir/Middlewares/ST/STM32_USB_Device_Library/Core/Src/usbd_ctlreq.c.obj
                0x08005a24                USBD_StdEPReq
 .text.USBD_GetString
                0x08005c06       0x3a CMakeFiles/MiniFlyRemoter.elf.dir/Middlewares/ST/STM32_USB_Device_Library/Core/Src/usbd_ctlreq.c.obj
                0x08005c06                USBD_GetString
 .text.USBD_CtlSendData
                0x08005c40       0x1a CMakeFiles/MiniFlyRemoter.elf.dir/Middlewares/ST/STM32_USB_Device_Library/Core/Src/usbd_ioreq.c.obj
                0x08005c40                USBD_CtlSendData
 .text.USBD_CtlContinueSendData
                0x08005c5a       0x10 CMakeFiles/MiniFlyRemoter.elf.dir/Middlewares/ST/STM32_USB_Device_Library/Core/Src/usbd_ioreq.c.obj
                0x08005c5a                USBD_CtlContinueSendData
 .text.USBD_CtlPrepareRx
                0x08005c6a       0x1e CMakeFiles/MiniFlyRemoter.elf.dir/Middlewares/ST/STM32_USB_Device_Library/Core/Src/usbd_ioreq.c.obj
                0x08005c6a                USBD_CtlPrepareRx
 .text.USBD_CtlContinueRx
                0x08005c88       0x10 CMakeFiles/MiniFlyRemoter.elf.dir/Middlewares/ST/STM32_USB_Device_Library/Core/Src/usbd_ioreq.c.obj
                0x08005c88                USBD_CtlContinueRx
 .text.USBD_CtlSendStatus
                0x08005c98       0x16 CMakeFiles/MiniFlyRemoter.elf.dir/Middlewares/ST/STM32_USB_Device_Library/Core/Src/usbd_ioreq.c.obj
                0x08005c98                USBD_CtlSendStatus
 .text.USBD_CtlReceiveStatus
                0x08005cae       0x16 CMakeFiles/MiniFlyRemoter.elf.dir/Middlewares/ST/STM32_USB_Device_Library/Core/Src/usbd_ioreq.c.obj
                0x08005cae                USBD_CtlReceiveStatus
 .text.makeFreeRtosPriority
                0x08005cc4        0xc CMakeFiles/MiniFlyRemoter.elf.dir/Middlewares/Third_Party/FreeRTOS/Source/CMSIS_RTOS/cmsis_os.c.obj
 .text.osKernelStart
                0x08005cd0        0xa CMakeFiles/MiniFlyRemoter.elf.dir/Middlewares/Third_Party/FreeRTOS/Source/CMSIS_RTOS/cmsis_os.c.obj
                0x08005cd0                osKernelStart
 .text.osThreadCreate
                0x08005cda       0x66 CMakeFiles/MiniFlyRemoter.elf.dir/Middlewares/Third_Party/FreeRTOS/Source/CMSIS_RTOS/cmsis_os.c.obj
                0x08005cda                osThreadCreate
 .text.osDelay  0x08005d40        0xe CMakeFiles/MiniFlyRemoter.elf.dir/Middlewares/Third_Party/FreeRTOS/Source/CMSIS_RTOS/cmsis_os.c.obj
                0x08005d40                osDelay
 .text.vListInitialise
                0x08005d4e       0x16 CMakeFiles/MiniFlyRemoter.elf.dir/Middlewares/Third_Party/FreeRTOS/Source/list.c.obj
                0x08005d4e                vListInitialise
 .text.vListInitialiseItem
                0x08005d64        0x6 CMakeFiles/MiniFlyRemoter.elf.dir/Middlewares/Third_Party/FreeRTOS/Source/list.c.obj
                0x08005d64                vListInitialiseItem
 .text.vListInsertEnd
                0x08005d6a       0x16 CMakeFiles/MiniFlyRemoter.elf.dir/Middlewares/Third_Party/FreeRTOS/Source/list.c.obj
                0x08005d6a                vListInsertEnd
 .text.vListInsert
                0x08005d80       0x32 CMakeFiles/MiniFlyRemoter.elf.dir/Middlewares/Third_Party/FreeRTOS/Source/list.c.obj
                0x08005d80                vListInsert
 .text.uxListRemove
                0x08005db2       0x26 CMakeFiles/MiniFlyRemoter.elf.dir/Middlewares/Third_Party/FreeRTOS/Source/list.c.obj
                0x08005db2                uxListRemove
 .text.prvTaskExitError
                0x08005dd8       0x40 CMakeFiles/MiniFlyRemoter.elf.dir/Middlewares/Third_Party/FreeRTOS/Source/portable/GCC/ARM_CM3/port.c.obj
 .text.prvPortStartFirstTask
                0x08005e18       0x20 CMakeFiles/MiniFlyRemoter.elf.dir/Middlewares/Third_Party/FreeRTOS/Source/portable/GCC/ARM_CM3/port.c.obj
 .text.pxPortInitialiseStack
                0x08005e38       0x24 CMakeFiles/MiniFlyRemoter.elf.dir/Middlewares/Third_Party/FreeRTOS/Source/portable/GCC/ARM_CM3/port.c.obj
                0x08005e38                pxPortInitialiseStack
 *fill*         0x08005e5c        0x4 
 .text.SVC_Handler
                0x08005e60       0x24 CMakeFiles/MiniFlyRemoter.elf.dir/Middlewares/Third_Party/FreeRTOS/Source/portable/GCC/ARM_CM3/port.c.obj
                0x08005e60                SVC_Handler
 .text.vPortEnterCritical
                0x08005e84       0x44 CMakeFiles/MiniFlyRemoter.elf.dir/Middlewares/Third_Party/FreeRTOS/Source/portable/GCC/ARM_CM3/port.c.obj
                0x08005e84                vPortEnterCritical
 .text.vPortExitCritical
                0x08005ec8       0x2c CMakeFiles/MiniFlyRemoter.elf.dir/Middlewares/Third_Party/FreeRTOS/Source/portable/GCC/ARM_CM3/port.c.obj
                0x08005ec8                vPortExitCritical
 *fill*         0x08005ef4        0xc 
 .text.PendSV_Handler
                0x08005f00       0x44 CMakeFiles/MiniFlyRemoter.elf.dir/Middlewares/Third_Party/FreeRTOS/Source/portable/GCC/ARM_CM3/port.c.obj
                0x08005f00                PendSV_Handler
 .text.SysTick_Handler
                0x08005f44       0x2c CMakeFiles/MiniFlyRemoter.elf.dir/Middlewares/Third_Party/FreeRTOS/Source/portable/GCC/ARM_CM3/port.c.obj
                0x08005f44                SysTick_Handler
 .text.vPortSetupTimerInterrupt
                0x08005f70       0x28 CMakeFiles/MiniFlyRemoter.elf.dir/Middlewares/Third_Party/FreeRTOS/Source/portable/GCC/ARM_CM3/port.c.obj
                0x08005f70                vPortSetupTimerInterrupt
 .text.xPortStartScheduler
                0x08005f98       0xc0 CMakeFiles/MiniFlyRemoter.elf.dir/Middlewares/Third_Party/FreeRTOS/Source/portable/GCC/ARM_CM3/port.c.obj
                0x08005f98                xPortStartScheduler
 .text.prvHeapInit
                0x08006058       0x64 CMakeFiles/MiniFlyRemoter.elf.dir/Middlewares/Third_Party/FreeRTOS/Source/portable/MemMang/heap_4.c.obj
 .text.prvInsertBlockIntoFreeList
                0x080060bc       0x60 CMakeFiles/MiniFlyRemoter.elf.dir/Middlewares/Third_Party/FreeRTOS/Source/portable/MemMang/heap_4.c.obj
 .text.pvPortMalloc
                0x0800611c      0x104 CMakeFiles/MiniFlyRemoter.elf.dir/Middlewares/Third_Party/FreeRTOS/Source/portable/MemMang/heap_4.c.obj
                0x0800611c                pvPortMalloc
 .text.vPortFree
                0x08006220       0x7c CMakeFiles/MiniFlyRemoter.elf.dir/Middlewares/Third_Party/FreeRTOS/Source/portable/MemMang/heap_4.c.obj
                0x08006220                vPortFree
 .text.prvResetNextTaskUnblockTime
                0x0800629c       0x2c CMakeFiles/MiniFlyRemoter.elf.dir/Middlewares/Third_Party/FreeRTOS/Source/tasks.c.obj
 .text.prvInitialiseNewTask
                0x080062c8       0x9c CMakeFiles/MiniFlyRemoter.elf.dir/Middlewares/Third_Party/FreeRTOS/Source/tasks.c.obj
 .text.prvInitialiseTaskLists
                0x08006364       0x68 CMakeFiles/MiniFlyRemoter.elf.dir/Middlewares/Third_Party/FreeRTOS/Source/tasks.c.obj
 .text.prvAddNewTaskToReadyList
                0x080063cc       0xa8 CMakeFiles/MiniFlyRemoter.elf.dir/Middlewares/Third_Party/FreeRTOS/Source/tasks.c.obj
 .text.prvDeleteTCB
                0x08006474       0x38 CMakeFiles/MiniFlyRemoter.elf.dir/Middlewares/Third_Party/FreeRTOS/Source/tasks.c.obj
 .text.prvCheckTasksWaitingTermination
                0x080064ac       0x4c CMakeFiles/MiniFlyRemoter.elf.dir/Middlewares/Third_Party/FreeRTOS/Source/tasks.c.obj
 .text.prvIdleTask
                0x080064f8       0x28 CMakeFiles/MiniFlyRemoter.elf.dir/Middlewares/Third_Party/FreeRTOS/Source/tasks.c.obj
 .text.prvAddCurrentTaskToDelayedList
                0x08006520       0x98 CMakeFiles/MiniFlyRemoter.elf.dir/Middlewares/Third_Party/FreeRTOS/Source/tasks.c.obj
 .text.xTaskCreateStatic
                0x080065b8       0x76 CMakeFiles/MiniFlyRemoter.elf.dir/Middlewares/Third_Party/FreeRTOS/Source/tasks.c.obj
                0x080065b8                xTaskCreateStatic
 .text.xTaskCreate
                0x0800662e       0x64 CMakeFiles/MiniFlyRemoter.elf.dir/Middlewares/Third_Party/FreeRTOS/Source/tasks.c.obj
                0x0800662e                xTaskCreate
 *fill*         0x08006692        0x2 
 .text.vTaskStartScheduler
                0x08006694       0x74 CMakeFiles/MiniFlyRemoter.elf.dir/Middlewares/Third_Party/FreeRTOS/Source/tasks.c.obj
                0x08006694                vTaskStartScheduler
 .text.vTaskSuspendAll
                0x08006708       0x10 CMakeFiles/MiniFlyRemoter.elf.dir/Middlewares/Third_Party/FreeRTOS/Source/tasks.c.obj
                0x08006708                vTaskSuspendAll
 .text.xTaskIncrementTick
                0x08006718      0x118 CMakeFiles/MiniFlyRemoter.elf.dir/Middlewares/Third_Party/FreeRTOS/Source/tasks.c.obj
                0x08006718                xTaskIncrementTick
 .text.xTaskResumeAll
                0x08006830       0xf8 CMakeFiles/MiniFlyRemoter.elf.dir/Middlewares/Third_Party/FreeRTOS/Source/tasks.c.obj
                0x08006830                xTaskResumeAll
 .text.vTaskDelay
                0x08006928       0x4c CMakeFiles/MiniFlyRemoter.elf.dir/Middlewares/Third_Party/FreeRTOS/Source/tasks.c.obj
                0x08006928                vTaskDelay
 .text.vTaskSwitchContext
                0x08006974       0x98 CMakeFiles/MiniFlyRemoter.elf.dir/Middlewares/Third_Party/FreeRTOS/Source/tasks.c.obj
                0x08006974                vTaskSwitchContext
 .text.MX_USB_DEVICE_Init
                0x08006a0c       0x54 CMakeFiles/MiniFlyRemoter.elf.dir/USB_DEVICE/App/usb_device.c.obj
                0x08006a0c                MX_USB_DEVICE_Init
 .text.CDC_DeInit_FS
                0x08006a60        0x4 CMakeFiles/MiniFlyRemoter.elf.dir/USB_DEVICE/App/usbd_cdc_if.c.obj
 .text.CDC_Control_FS
                0x08006a64        0x4 CMakeFiles/MiniFlyRemoter.elf.dir/USB_DEVICE/App/usbd_cdc_if.c.obj
 .text.CDC_Receive_FS
                0x08006a68       0x1c CMakeFiles/MiniFlyRemoter.elf.dir/USB_DEVICE/App/usbd_cdc_if.c.obj
 .text.CDC_Init_FS
                0x08006a84       0x28 CMakeFiles/MiniFlyRemoter.elf.dir/USB_DEVICE/App/usbd_cdc_if.c.obj
 .text.USBD_FS_DeviceDescriptor
                0x08006aac        0xc CMakeFiles/MiniFlyRemoter.elf.dir/USB_DEVICE/App/usbd_desc.c.obj
                0x08006aac                USBD_FS_DeviceDescriptor
 .text.USBD_FS_LangIDStrDescriptor
                0x08006ab8        0xc CMakeFiles/MiniFlyRemoter.elf.dir/USB_DEVICE/App/usbd_desc.c.obj
                0x08006ab8                USBD_FS_LangIDStrDescriptor
 .text.IntToUnicode
                0x08006ac4       0x46 CMakeFiles/MiniFlyRemoter.elf.dir/USB_DEVICE/App/usbd_desc.c.obj
 *fill*         0x08006b0a        0x2 
 .text.Get_SerialNum
                0x08006b0c       0x38 CMakeFiles/MiniFlyRemoter.elf.dir/USB_DEVICE/App/usbd_desc.c.obj
 .text.USBD_FS_SerialStrDescriptor
                0x08006b44       0x14 CMakeFiles/MiniFlyRemoter.elf.dir/USB_DEVICE/App/usbd_desc.c.obj
                0x08006b44                USBD_FS_SerialStrDescriptor
 .text.USBD_FS_ProductStrDescriptor
                0x08006b58       0x24 CMakeFiles/MiniFlyRemoter.elf.dir/USB_DEVICE/App/usbd_desc.c.obj
                0x08006b58                USBD_FS_ProductStrDescriptor
 .text.USBD_FS_ManufacturerStrDescriptor
                0x08006b7c       0x1c CMakeFiles/MiniFlyRemoter.elf.dir/USB_DEVICE/App/usbd_desc.c.obj
                0x08006b7c                USBD_FS_ManufacturerStrDescriptor
 .text.USBD_FS_ConfigStrDescriptor
                0x08006b98       0x24 CMakeFiles/MiniFlyRemoter.elf.dir/USB_DEVICE/App/usbd_desc.c.obj
                0x08006b98                USBD_FS_ConfigStrDescriptor
 .text.USBD_FS_InterfaceStrDescriptor
                0x08006bbc       0x24 CMakeFiles/MiniFlyRemoter.elf.dir/USB_DEVICE/App/usbd_desc.c.obj
                0x08006bbc                USBD_FS_InterfaceStrDescriptor
 .text.USBD_Get_USB_Status
                0x08006be0       0x14 CMakeFiles/MiniFlyRemoter.elf.dir/USB_DEVICE/Target/usbd_conf.c.obj
 .text.HAL_PCD_MspInit
                0x08006bf4       0x50 CMakeFiles/MiniFlyRemoter.elf.dir/USB_DEVICE/Target/usbd_conf.c.obj
                0x08006bf4                HAL_PCD_MspInit
 .text.HAL_PCD_SetupStageCallback
                0x08006c44       0x10 CMakeFiles/MiniFlyRemoter.elf.dir/USB_DEVICE/Target/usbd_conf.c.obj
                0x08006c44                HAL_PCD_SetupStageCallback
 .text.HAL_PCD_DataOutStageCallback
                0x08006c54       0x18 CMakeFiles/MiniFlyRemoter.elf.dir/USB_DEVICE/Target/usbd_conf.c.obj
                0x08006c54                HAL_PCD_DataOutStageCallback
 .text.HAL_PCD_DataInStageCallback
                0x08006c6c       0x16 CMakeFiles/MiniFlyRemoter.elf.dir/USB_DEVICE/Target/usbd_conf.c.obj
                0x08006c6c                HAL_PCD_DataInStageCallback
 .text.HAL_PCD_SOFCallback
                0x08006c82        0xc CMakeFiles/MiniFlyRemoter.elf.dir/USB_DEVICE/Target/usbd_conf.c.obj
                0x08006c82                HAL_PCD_SOFCallback
 .text.HAL_PCD_ResetCallback
                0x08006c8e       0x24 CMakeFiles/MiniFlyRemoter.elf.dir/USB_DEVICE/Target/usbd_conf.c.obj
                0x08006c8e                HAL_PCD_ResetCallback
 *fill*         0x08006cb2        0x2 
 .text.HAL_PCD_SuspendCallback
                0x08006cb4       0x20 CMakeFiles/MiniFlyRemoter.elf.dir/USB_DEVICE/Target/usbd_conf.c.obj
                0x08006cb4                HAL_PCD_SuspendCallback
 .text.HAL_PCD_ResumeCallback
                0x08006cd4        0xc CMakeFiles/MiniFlyRemoter.elf.dir/USB_DEVICE/Target/usbd_conf.c.obj
                0x08006cd4                HAL_PCD_ResumeCallback
 .text.USBD_LL_Init
                0x08006ce0       0x84 CMakeFiles/MiniFlyRemoter.elf.dir/USB_DEVICE/Target/usbd_conf.c.obj
                0x08006ce0                USBD_LL_Init
 .text.USBD_LL_Start
                0x08006d64       0x10 CMakeFiles/MiniFlyRemoter.elf.dir/USB_DEVICE/Target/usbd_conf.c.obj
                0x08006d64                USBD_LL_Start
 .text.USBD_LL_OpenEP
                0x08006d74       0x16 CMakeFiles/MiniFlyRemoter.elf.dir/USB_DEVICE/Target/usbd_conf.c.obj
                0x08006d74                USBD_LL_OpenEP
 .text.USBD_LL_CloseEP
                0x08006d8a       0x10 CMakeFiles/MiniFlyRemoter.elf.dir/USB_DEVICE/Target/usbd_conf.c.obj
                0x08006d8a                USBD_LL_CloseEP
 .text.USBD_LL_StallEP
                0x08006d9a       0x10 CMakeFiles/MiniFlyRemoter.elf.dir/USB_DEVICE/Target/usbd_conf.c.obj
                0x08006d9a                USBD_LL_StallEP
 .text.USBD_LL_ClearStallEP
                0x08006daa       0x10 CMakeFiles/MiniFlyRemoter.elf.dir/USB_DEVICE/Target/usbd_conf.c.obj
                0x08006daa                USBD_LL_ClearStallEP
 .text.USBD_LL_IsStallEP
                0x08006dba       0x2c CMakeFiles/MiniFlyRemoter.elf.dir/USB_DEVICE/Target/usbd_conf.c.obj
                0x08006dba                USBD_LL_IsStallEP
 .text.USBD_LL_SetUSBAddress
                0x08006de6       0x10 CMakeFiles/MiniFlyRemoter.elf.dir/USB_DEVICE/Target/usbd_conf.c.obj
                0x08006de6                USBD_LL_SetUSBAddress
 .text.USBD_LL_Transmit
                0x08006df6       0x10 CMakeFiles/MiniFlyRemoter.elf.dir/USB_DEVICE/Target/usbd_conf.c.obj
                0x08006df6                USBD_LL_Transmit
 .text.USBD_LL_PrepareReceive
                0x08006e06       0x10 CMakeFiles/MiniFlyRemoter.elf.dir/USB_DEVICE/Target/usbd_conf.c.obj
                0x08006e06                USBD_LL_PrepareReceive
 .text.USBD_LL_GetRxDataSize
                0x08006e16        0xc CMakeFiles/MiniFlyRemoter.elf.dir/USB_DEVICE/Target/usbd_conf.c.obj
                0x08006e16                USBD_LL_GetRxDataSize
 *fill*         0x08006e22        0x2 
 .text.USBD_static_malloc
                0x08006e24        0x8 CMakeFiles/MiniFlyRemoter.elf.dir/USB_DEVICE/Target/usbd_conf.c.obj
                0x08006e24                USBD_static_malloc
 .text.USBD_static_free
                0x08006e2c        0x2 CMakeFiles/MiniFlyRemoter.elf.dir/USB_DEVICE/Target/usbd_conf.c.obj
                0x08006e2c                USBD_static_free
 .text.HAL_PCDEx_SetConnectionState
                0x08006e2e        0x2 CMakeFiles/MiniFlyRemoter.elf.dir/USB_DEVICE/Target/usbd_conf.c.obj
                0x08006e2e                HAL_PCDEx_SetConnectionState
 .text.snprintf
                0x08006e30       0x8c /Applications/ArmGNUToolchain/13.3.rel1/arm-none-eabi/bin/../lib/gcc/arm-none-eabi/13.3.1/../../../../arm-none-eabi/lib/thumb/v7-m/nofp/libg.a(libc_a-snprintf.o)
                0x08006e30                snprintf
 .text.stdio_exit_handler
                0x08006ebc       0x18 /Applications/ArmGNUToolchain/13.3.rel1/arm-none-eabi/bin/../lib/gcc/arm-none-eabi/13.3.1/../../../../arm-none-eabi/lib/thumb/v7-m/nofp/libg.a(libc_a-findfp.o)
 .text.cleanup_stdio
                0x08006ed4       0x40 /Applications/ArmGNUToolchain/13.3.rel1/arm-none-eabi/bin/../lib/gcc/arm-none-eabi/13.3.1/../../../../arm-none-eabi/lib/thumb/v7-m/nofp/libg.a(libc_a-findfp.o)
 .text.global_stdio_init.part.0
                0x08006f14       0xf0 /Applications/ArmGNUToolchain/13.3.rel1/arm-none-eabi/bin/../lib/gcc/arm-none-eabi/13.3.1/../../../../arm-none-eabi/lib/thumb/v7-m/nofp/libg.a(libc_a-findfp.o)
 .text.__sinit  0x08007004       0x3c /Applications/ArmGNUToolchain/13.3.rel1/arm-none-eabi/bin/../lib/gcc/arm-none-eabi/13.3.1/../../../../arm-none-eabi/lib/thumb/v7-m/nofp/libg.a(libc_a-findfp.o)
                0x08007004                __sinit
 .text.__sfp_lock_acquire
                0x08007040        0xc /Applications/ArmGNUToolchain/13.3.rel1/arm-none-eabi/bin/../lib/gcc/arm-none-eabi/13.3.1/../../../../arm-none-eabi/lib/thumb/v7-m/nofp/libg.a(libc_a-findfp.o)
                0x08007040                __sfp_lock_acquire
 .text.__sfp_lock_release
                0x0800704c        0xc /Applications/ArmGNUToolchain/13.3.rel1/arm-none-eabi/bin/../lib/gcc/arm-none-eabi/13.3.1/../../../../arm-none-eabi/lib/thumb/v7-m/nofp/libg.a(libc_a-findfp.o)
                0x0800704c                __sfp_lock_release
 .text.memset   0x08007058       0xa0 /Applications/ArmGNUToolchain/13.3.rel1/arm-none-eabi/bin/../lib/gcc/arm-none-eabi/13.3.1/../../../../arm-none-eabi/lib/thumb/v7-m/nofp/libg.a(libc_a-memset.o)
                0x08007058                memset
 .text.__errno  0x080070f8        0xc /Applications/ArmGNUToolchain/13.3.rel1/arm-none-eabi/bin/../lib/gcc/arm-none-eabi/13.3.1/../../../../arm-none-eabi/lib/thumb/v7-m/nofp/libg.a(libc_a-errno.o)
                0x080070f8                __errno
 .text.__libc_init_array
                0x08007104       0x50 /Applications/ArmGNUToolchain/13.3.rel1/arm-none-eabi/bin/../lib/gcc/arm-none-eabi/13.3.1/../../../../arm-none-eabi/lib/thumb/v7-m/nofp/libg.a(libc_a-init.o)
                0x08007104                __libc_init_array
 .text.__retarget_lock_init_recursive
                0x08007154        0x4 /Applications/ArmGNUToolchain/13.3.rel1/arm-none-eabi/bin/../lib/gcc/arm-none-eabi/13.3.1/../../../../arm-none-eabi/lib/thumb/v7-m/nofp/libg.a(libc_a-lock.o)
                0x08007154                __retarget_lock_init_recursive
 .text.__retarget_lock_close_recursive
                0x08007158        0x4 /Applications/ArmGNUToolchain/13.3.rel1/arm-none-eabi/bin/../lib/gcc/arm-none-eabi/13.3.1/../../../../arm-none-eabi/lib/thumb/v7-m/nofp/libg.a(libc_a-lock.o)
                0x08007158                __retarget_lock_close_recursive
 .text.__retarget_lock_acquire_recursive
                0x0800715c        0x4 /Applications/ArmGNUToolchain/13.3.rel1/arm-none-eabi/bin/../lib/gcc/arm-none-eabi/13.3.1/../../../../arm-none-eabi/lib/thumb/v7-m/nofp/libg.a(libc_a-lock.o)
                0x0800715c                __retarget_lock_acquire_recursive
 .text.__retarget_lock_release_recursive
                0x08007160        0x4 /Applications/ArmGNUToolchain/13.3.rel1/arm-none-eabi/bin/../lib/gcc/arm-none-eabi/13.3.1/../../../../arm-none-eabi/lib/thumb/v7-m/nofp/libg.a(libc_a-lock.o)
                0x08007160                __retarget_lock_release_recursive
 .text.startup.register_fini
                0x08007164       0x14 /Applications/ArmGNUToolchain/13.3.rel1/arm-none-eabi/bin/../lib/gcc/arm-none-eabi/13.3.1/../../../../arm-none-eabi/lib/thumb/v7-m/nofp/libg.a(libc_a-__call_atexit.o)
 .text.atexit   0x08007178        0xc /Applications/ArmGNUToolchain/13.3.rel1/arm-none-eabi/bin/../lib/gcc/arm-none-eabi/13.3.1/../../../../arm-none-eabi/lib/thumb/v7-m/nofp/libg.a(libc_a-atexit.o)
                0x08007178                atexit
 .text._malloc_r
                0x08007184      0x568 /Applications/ArmGNUToolchain/13.3.rel1/arm-none-eabi/bin/../lib/gcc/arm-none-eabi/13.3.1/../../../../arm-none-eabi/lib/thumb/v7-m/nofp/libg.a(libc_a-mallocr.o)
                0x08007184                _malloc_r
 .text._svfprintf_r
                0x080076ec     0x1b2c /Applications/ArmGNUToolchain/13.3.rel1/arm-none-eabi/bin/../lib/gcc/arm-none-eabi/13.3.1/../../../../arm-none-eabi/lib/thumb/v7-m/nofp/libg.a(libc_a-svfprintf.o)
                0x080076ec                _svfprintf_r
 .text.__malloc_lock
                0x08009218        0xc /Applications/ArmGNUToolchain/13.3.rel1/arm-none-eabi/bin/../lib/gcc/arm-none-eabi/13.3.1/../../../../arm-none-eabi/lib/thumb/v7-m/nofp/libg.a(libc_a-mlock.o)
                0x08009218                __malloc_lock
 .text.__malloc_unlock
                0x08009224        0xc /Applications/ArmGNUToolchain/13.3.rel1/arm-none-eabi/bin/../lib/gcc/arm-none-eabi/13.3.1/../../../../arm-none-eabi/lib/thumb/v7-m/nofp/libg.a(libc_a-mlock.o)
                0x08009224                __malloc_unlock
 .text._fwalk_sglue
                0x08009230       0x44 /Applications/ArmGNUToolchain/13.3.rel1/arm-none-eabi/bin/../lib/gcc/arm-none-eabi/13.3.1/../../../../arm-none-eabi/lib/thumb/v7-m/nofp/libg.a(libc_a-fwalk.o)
                0x08009230                _fwalk_sglue
 .text.__ssprint_r
                0x08009274       0x58 /Applications/ArmGNUToolchain/13.3.rel1/arm-none-eabi/bin/../lib/gcc/arm-none-eabi/13.3.1/../../../../arm-none-eabi/lib/thumb/v7-m/nofp/libg.a(libc_a-ssprint_r.o)
                0x08009274                __ssprint_r
 .text._fclose_r
                0x080092cc       0xc0 /Applications/ArmGNUToolchain/13.3.rel1/arm-none-eabi/bin/../lib/gcc/arm-none-eabi/13.3.1/../../../../arm-none-eabi/lib/thumb/v7-m/nofp/libg.a(libc_a-fclose.o)
                0x080092cc                _fclose_r
 .text.__sflush_r
                0x0800938c      0x128 /Applications/ArmGNUToolchain/13.3.rel1/arm-none-eabi/bin/../lib/gcc/arm-none-eabi/13.3.1/../../../../arm-none-eabi/lib/thumb/v7-m/nofp/libg.a(libc_a-fflush.o)
                0x0800938c                __sflush_r
 .text._fflush_r
                0x080094b4       0x54 /Applications/ArmGNUToolchain/13.3.rel1/arm-none-eabi/bin/../lib/gcc/arm-none-eabi/13.3.1/../../../../arm-none-eabi/lib/thumb/v7-m/nofp/libg.a(libc_a-fflush.o)
                0x080094b4                _fflush_r
 .text.__sread  0x08009508       0x24 /Applications/ArmGNUToolchain/13.3.rel1/arm-none-eabi/bin/../lib/gcc/arm-none-eabi/13.3.1/../../../../arm-none-eabi/lib/thumb/v7-m/nofp/libg.a(libc_a-stdio.o)
                0x08009508                __sread
 .text.__swrite
                0x0800952c       0x40 /Applications/ArmGNUToolchain/13.3.rel1/arm-none-eabi/bin/../lib/gcc/arm-none-eabi/13.3.1/../../../../arm-none-eabi/lib/thumb/v7-m/nofp/libg.a(libc_a-stdio.o)
                0x0800952c                __swrite
 .text.__sseek  0x0800956c       0x24 /Applications/ArmGNUToolchain/13.3.rel1/arm-none-eabi/bin/../lib/gcc/arm-none-eabi/13.3.1/../../../../arm-none-eabi/lib/thumb/v7-m/nofp/libg.a(libc_a-stdio.o)
                0x0800956c                __sseek
 .text.__sclose
                0x08009590        0x8 /Applications/ArmGNUToolchain/13.3.rel1/arm-none-eabi/bin/../lib/gcc/arm-none-eabi/13.3.1/../../../../arm-none-eabi/lib/thumb/v7-m/nofp/libg.a(libc_a-stdio.o)
                0x08009590                __sclose
 .text.strncpy  0x08009598       0x6c /Applications/ArmGNUToolchain/13.3.rel1/arm-none-eabi/bin/../lib/gcc/arm-none-eabi/13.3.1/../../../../arm-none-eabi/lib/thumb/v7-m/nofp/libg.a(libc_a-strncpy.o)
                0x08009598                strncpy
 .text.__locale_mb_cur_max
                0x08009604        0xc /Applications/ArmGNUToolchain/13.3.rel1/arm-none-eabi/bin/../lib/gcc/arm-none-eabi/13.3.1/../../../../arm-none-eabi/lib/thumb/v7-m/nofp/libg.a(libc_a-locale.o)
                0x08009604                __locale_mb_cur_max
 .text._localeconv_r
                0x08009610        0x8 /Applications/ArmGNUToolchain/13.3.rel1/arm-none-eabi/bin/../lib/gcc/arm-none-eabi/13.3.1/../../../../arm-none-eabi/lib/thumb/v7-m/nofp/libg.a(libc_a-localeconv.o)
                0x08009610                _localeconv_r
 .text._close_r
                0x08009618       0x24 /Applications/ArmGNUToolchain/13.3.rel1/arm-none-eabi/bin/../lib/gcc/arm-none-eabi/13.3.1/../../../../arm-none-eabi/lib/thumb/v7-m/nofp/libg.a(libc_a-closer.o)
                0x08009618                _close_r
 .text._lseek_r
                0x0800963c       0x2c /Applications/ArmGNUToolchain/13.3.rel1/arm-none-eabi/bin/../lib/gcc/arm-none-eabi/13.3.1/../../../../arm-none-eabi/lib/thumb/v7-m/nofp/libg.a(libc_a-lseekr.o)
                0x0800963c                _lseek_r
 .text._read_r  0x08009668       0x2c /Applications/ArmGNUToolchain/13.3.rel1/arm-none-eabi/bin/../lib/gcc/arm-none-eabi/13.3.1/../../../../arm-none-eabi/lib/thumb/v7-m/nofp/libg.a(libc_a-readr.o)
                0x08009668                _read_r
 .text._sbrk_r  0x08009694       0x24 /Applications/ArmGNUToolchain/13.3.rel1/arm-none-eabi/bin/../lib/gcc/arm-none-eabi/13.3.1/../../../../arm-none-eabi/lib/thumb/v7-m/nofp/libg.a(libc_a-sbrkr.o)
                0x08009694                _sbrk_r
 .text._write_r
                0x080096b8       0x2c /Applications/ArmGNUToolchain/13.3.rel1/arm-none-eabi/bin/../lib/gcc/arm-none-eabi/13.3.1/../../../../arm-none-eabi/lib/thumb/v7-m/nofp/libg.a(libc_a-writer.o)
                0x080096b8                _write_r
 .text.sysconf  0x080096e4       0x1c /Applications/ArmGNUToolchain/13.3.rel1/arm-none-eabi/bin/../lib/gcc/arm-none-eabi/13.3.1/../../../../arm-none-eabi/lib/thumb/v7-m/nofp/libg.a(libc_a-sysconf.o)
                0x080096e4                sysconf
 .text.__libc_fini_array
                0x08009700       0x28 /Applications/ArmGNUToolchain/13.3.rel1/arm-none-eabi/bin/../lib/gcc/arm-none-eabi/13.3.1/../../../../arm-none-eabi/lib/thumb/v7-m/nofp/libg.a(libc_a-fini.o)
                0x08009700                __libc_fini_array
 .text.memchr   0x08009728       0x98 /Applications/ArmGNUToolchain/13.3.rel1/arm-none-eabi/bin/../lib/gcc/arm-none-eabi/13.3.1/../../../../arm-none-eabi/lib/thumb/v7-m/nofp/libg.a(libc_a-memchr-stub.o)
                0x08009728                memchr
 .text.strlen   0x080097c0       0x5c /Applications/ArmGNUToolchain/13.3.rel1/arm-none-eabi/bin/../lib/gcc/arm-none-eabi/13.3.1/../../../../arm-none-eabi/lib/thumb/v7-m/nofp/libg.a(libc_a-strlen-stub.o)
                0x080097c0                strlen
 .text._wcrtomb_r
                0x0800981c       0x4c /Applications/ArmGNUToolchain/13.3.rel1/arm-none-eabi/bin/../lib/gcc/arm-none-eabi/13.3.1/../../../../arm-none-eabi/lib/thumb/v7-m/nofp/libg.a(libc_a-wcrtomb.o)
                0x0800981c                _wcrtomb_r
 .text._wcsrtombs_r
                0x08009868       0x18 /Applications/ArmGNUToolchain/13.3.rel1/arm-none-eabi/bin/../lib/gcc/arm-none-eabi/13.3.1/../../../../arm-none-eabi/lib/thumb/v7-m/nofp/libg.a(libc_a-wcsrtombs.o)
                0x08009868                _wcsrtombs_r
 .text.__register_exitproc
                0x08009880       0x80 /Applications/ArmGNUToolchain/13.3.rel1/arm-none-eabi/bin/../lib/gcc/arm-none-eabi/13.3.1/../../../../arm-none-eabi/lib/thumb/v7-m/nofp/libg.a(libc_a-__atexit.o)
                0x08009880                __register_exitproc
 .text.frexp    0x08009900       0x6c /Applications/ArmGNUToolchain/13.3.rel1/arm-none-eabi/bin/../lib/gcc/arm-none-eabi/13.3.1/../../../../arm-none-eabi/lib/thumb/v7-m/nofp/libg.a(libm_a-s_frexp.o)
                0x08009900                frexp
 .text.quorem   0x0800996c      0x13c /Applications/ArmGNUToolchain/13.3.rel1/arm-none-eabi/bin/../lib/gcc/arm-none-eabi/13.3.1/../../../../arm-none-eabi/lib/thumb/v7-m/nofp/libg.a(libc_a-dtoa.o)
 .text._dtoa_r  0x08009aa8      0xe94 /Applications/ArmGNUToolchain/13.3.rel1/arm-none-eabi/bin/../lib/gcc/arm-none-eabi/13.3.1/../../../../arm-none-eabi/lib/thumb/v7-m/nofp/libg.a(libc_a-dtoa.o)
                0x08009aa8                _dtoa_r
 .text._malloc_trim_r
                0x0800a93c       0xb8 /Applications/ArmGNUToolchain/13.3.rel1/arm-none-eabi/bin/../lib/gcc/arm-none-eabi/13.3.1/../../../../arm-none-eabi/lib/thumb/v7-m/nofp/libg.a(libc_a-freer.o)
                0x0800a93c                _malloc_trim_r
 .text._free_r  0x0800a9f4      0x1f8 /Applications/ArmGNUToolchain/13.3.rel1/arm-none-eabi/bin/../lib/gcc/arm-none-eabi/13.3.1/../../../../arm-none-eabi/lib/thumb/v7-m/nofp/libg.a(libc_a-freer.o)
                0x0800a9f4                _free_r
 .text.__ascii_mbtowc
                0x0800abec       0x2c /Applications/ArmGNUToolchain/13.3.rel1/arm-none-eabi/bin/../lib/gcc/arm-none-eabi/13.3.1/../../../../arm-none-eabi/lib/thumb/v7-m/nofp/libg.a(libc_a-mbtowc_r.o)
                0x0800abec                __ascii_mbtowc
 .text._Balloc  0x0800ac18       0x4c /Applications/ArmGNUToolchain/13.3.rel1/arm-none-eabi/bin/../lib/gcc/arm-none-eabi/13.3.1/../../../../arm-none-eabi/lib/thumb/v7-m/nofp/libg.a(libc_a-mprec.o)
                0x0800ac18                _Balloc
 .text._Bfree   0x0800ac64       0x14 /Applications/ArmGNUToolchain/13.3.rel1/arm-none-eabi/bin/../lib/gcc/arm-none-eabi/13.3.1/../../../../arm-none-eabi/lib/thumb/v7-m/nofp/libg.a(libc_a-mprec.o)
                0x0800ac64                _Bfree
 .text.__multadd
                0x0800ac78       0xa4 /Applications/ArmGNUToolchain/13.3.rel1/arm-none-eabi/bin/../lib/gcc/arm-none-eabi/13.3.1/../../../../arm-none-eabi/lib/thumb/v7-m/nofp/libg.a(libc_a-mprec.o)
                0x0800ac78                __multadd
 .text.__hi0bits
                0x0800ad1c       0x44 /Applications/ArmGNUToolchain/13.3.rel1/arm-none-eabi/bin/../lib/gcc/arm-none-eabi/13.3.1/../../../../arm-none-eabi/lib/thumb/v7-m/nofp/libg.a(libc_a-mprec.o)
                0x0800ad1c                __hi0bits
 .text.__lo0bits
                0x0800ad60       0x5c /Applications/ArmGNUToolchain/13.3.rel1/arm-none-eabi/bin/../lib/gcc/arm-none-eabi/13.3.1/../../../../arm-none-eabi/lib/thumb/v7-m/nofp/libg.a(libc_a-mprec.o)
                0x0800ad60                __lo0bits
 .text.__i2b    0x0800adbc       0x5c /Applications/ArmGNUToolchain/13.3.rel1/arm-none-eabi/bin/../lib/gcc/arm-none-eabi/13.3.1/../../../../arm-none-eabi/lib/thumb/v7-m/nofp/libg.a(libc_a-mprec.o)
                0x0800adbc                __i2b
 .text.__multiply
                0x0800ae18      0x164 /Applications/ArmGNUToolchain/13.3.rel1/arm-none-eabi/bin/../lib/gcc/arm-none-eabi/13.3.1/../../../../arm-none-eabi/lib/thumb/v7-m/nofp/libg.a(libc_a-mprec.o)
                0x0800ae18                __multiply
 .text.__pow5mult
                0x0800af7c       0xb4 /Applications/ArmGNUToolchain/13.3.rel1/arm-none-eabi/bin/../lib/gcc/arm-none-eabi/13.3.1/../../../../arm-none-eabi/lib/thumb/v7-m/nofp/libg.a(libc_a-mprec.o)
                0x0800af7c                __pow5mult
 .text.__lshift
                0x0800b030       0xec /Applications/ArmGNUToolchain/13.3.rel1/arm-none-eabi/bin/../lib/gcc/arm-none-eabi/13.3.1/../../../../arm-none-eabi/lib/thumb/v7-m/nofp/libg.a(libc_a-mprec.o)
                0x0800b030                __lshift
 .text.__mcmp   0x0800b11c       0x40 /Applications/ArmGNUToolchain/13.3.rel1/arm-none-eabi/bin/../lib/gcc/arm-none-eabi/13.3.1/../../../../arm-none-eabi/lib/thumb/v7-m/nofp/libg.a(libc_a-mprec.o)
                0x0800b11c                __mcmp
 .text.__mdiff  0x0800b15c      0x178 /Applications/ArmGNUToolchain/13.3.rel1/arm-none-eabi/bin/../lib/gcc/arm-none-eabi/13.3.1/../../../../arm-none-eabi/lib/thumb/v7-m/nofp/libg.a(libc_a-mprec.o)
                0x0800b15c                __mdiff
 .text.__d2b    0x0800b2d4       0xbc /Applications/ArmGNUToolchain/13.3.rel1/arm-none-eabi/bin/../lib/gcc/arm-none-eabi/13.3.1/../../../../arm-none-eabi/lib/thumb/v7-m/nofp/libg.a(libc_a-mprec.o)
                0x0800b2d4                __d2b
 .text.__ssputs_r
                0x0800b390       0xc0 /Applications/ArmGNUToolchain/13.3.rel1/arm-none-eabi/bin/../lib/gcc/arm-none-eabi/13.3.1/../../../../arm-none-eabi/lib/thumb/v7-m/nofp/libg.a(libc_a-ssputs_r.o)
                0x0800b390                __ssputs_r
 .text.__ascii_wctomb
                0x0800b450       0x1c /Applications/ArmGNUToolchain/13.3.rel1/arm-none-eabi/bin/../lib/gcc/arm-none-eabi/13.3.1/../../../../arm-none-eabi/lib/thumb/v7-m/nofp/libg.a(libc_a-wctomb_r.o)
                0x0800b450                __ascii_wctomb
 .text.memmove  0x0800b46c       0xfc /Applications/ArmGNUToolchain/13.3.rel1/arm-none-eabi/bin/../lib/gcc/arm-none-eabi/13.3.1/../../../../arm-none-eabi/lib/thumb/v7-m/nofp/libg.a(libc_a-memmove.o)
                0x0800b46c                memmove
 .text._wcsnrtombs_l
                0x0800b568       0xec /Applications/ArmGNUToolchain/13.3.rel1/arm-none-eabi/bin/../lib/gcc/arm-none-eabi/13.3.1/../../../../arm-none-eabi/lib/thumb/v7-m/nofp/libg.a(libc_a-wcsnrtombs.o)
                0x0800b568                _wcsnrtombs_l
 .text._wcsnrtombs_r
                0x0800b654       0x24 /Applications/ArmGNUToolchain/13.3.rel1/arm-none-eabi/bin/../lib/gcc/arm-none-eabi/13.3.1/../../../../arm-none-eabi/lib/thumb/v7-m/nofp/libg.a(libc_a-wcsnrtombs.o)
                0x0800b654                _wcsnrtombs_r
 .text.__assert_func
                0x0800b678       0x40 /Applications/ArmGNUToolchain/13.3.rel1/arm-none-eabi/bin/../lib/gcc/arm-none-eabi/13.3.1/../../../../arm-none-eabi/lib/thumb/v7-m/nofp/libg.a(libc_a-assert.o)
                0x0800b678                __assert_func
 .text._calloc_r
                0x0800b6b8       0x6c /Applications/ArmGNUToolchain/13.3.rel1/arm-none-eabi/bin/../lib/gcc/arm-none-eabi/13.3.1/../../../../arm-none-eabi/lib/thumb/v7-m/nofp/libg.a(libc_a-callocr.o)
                0x0800b6b8                _calloc_r
 .text.fiprintf
                0x0800b724       0x28 /Applications/ArmGNUToolchain/13.3.rel1/arm-none-eabi/bin/../lib/gcc/arm-none-eabi/13.3.1/../../../../arm-none-eabi/lib/thumb/v7-m/nofp/libg.a(libc_a-fiprintf.o)
                0x0800b724                fiprintf
 .text._vfiprintf_r
                0x0800b74c      0xeb8 /Applications/ArmGNUToolchain/13.3.rel1/arm-none-eabi/bin/../lib/gcc/arm-none-eabi/13.3.1/../../../../arm-none-eabi/lib/thumb/v7-m/nofp/libg.a(libc_a-vfiprintf.o)
                0x0800b74c                _vfiprintf_r
 .text.__sbprintf
                0x0800c604       0x80 /Applications/ArmGNUToolchain/13.3.rel1/arm-none-eabi/bin/../lib/gcc/arm-none-eabi/13.3.1/../../../../arm-none-eabi/lib/thumb/v7-m/nofp/libg.a(libc_a-vfiprintf.o)
 .text._realloc_r
                0x0800c684      0x34c /Applications/ArmGNUToolchain/13.3.rel1/arm-none-eabi/bin/../lib/gcc/arm-none-eabi/13.3.1/../../../../arm-none-eabi/lib/thumb/v7-m/nofp/libg.a(libc_a-reallocr.o)
                0x0800c684                _realloc_r
 .text.__sprint_r
                0x0800c9d0       0x20 /Applications/ArmGNUToolchain/13.3.rel1/arm-none-eabi/bin/../lib/gcc/arm-none-eabi/13.3.1/../../../../arm-none-eabi/lib/thumb/v7-m/nofp/libg.a(libc_a-sprint_r.o)
                0x0800c9d0                __sprint_r
 .text.__swsetup_r
                0x0800c9f0       0xc4 /Applications/ArmGNUToolchain/13.3.rel1/arm-none-eabi/bin/../lib/gcc/arm-none-eabi/13.3.1/../../../../arm-none-eabi/lib/thumb/v7-m/nofp/libg.a(libc_a-wsetup.o)
                0x0800c9f0                __swsetup_r
 .text.abort    0x0800cab4       0x10 /Applications/ArmGNUToolchain/13.3.rel1/arm-none-eabi/bin/../lib/gcc/arm-none-eabi/13.3.1/../../../../arm-none-eabi/lib/thumb/v7-m/nofp/libg.a(libc_a-abort.o)
                0x0800cab4                abort
 .text.__sfvwrite_r
                0x0800cac4      0x2ec /Applications/ArmGNUToolchain/13.3.rel1/arm-none-eabi/bin/../lib/gcc/arm-none-eabi/13.3.1/../../../../arm-none-eabi/lib/thumb/v7-m/nofp/libg.a(libc_a-fvwrite.o)
                0x0800cac4                __sfvwrite_r
 .text.__smakebuf_r
                0x0800cdb0       0xdc /Applications/ArmGNUToolchain/13.3.rel1/arm-none-eabi/bin/../lib/gcc/arm-none-eabi/13.3.1/../../../../arm-none-eabi/lib/thumb/v7-m/nofp/libg.a(libc_a-makebuf.o)
                0x0800cdb0                __smakebuf_r
 .text.raise    0x0800ce8c       0x58 /Applications/ArmGNUToolchain/13.3.rel1/arm-none-eabi/bin/../lib/gcc/arm-none-eabi/13.3.1/../../../../arm-none-eabi/lib/thumb/v7-m/nofp/libg.a(libc_a-signal.o)
                0x0800ce8c                raise
 .text._fstat_r
                0x0800cee4       0x28 /Applications/ArmGNUToolchain/13.3.rel1/arm-none-eabi/bin/../lib/gcc/arm-none-eabi/13.3.1/../../../../arm-none-eabi/lib/thumb/v7-m/nofp/libg.a(libc_a-fstatr.o)
                0x0800cee4                _fstat_r
 .text._isatty_r
                0x0800cf0c       0x24 /Applications/ArmGNUToolchain/13.3.rel1/arm-none-eabi/bin/../lib/gcc/arm-none-eabi/13.3.1/../../../../arm-none-eabi/lib/thumb/v7-m/nofp/libg.a(libc_a-isattyr.o)
                0x0800cf0c                _isatty_r
 .text._kill_r  0x0800cf30       0x28 /Applications/ArmGNUToolchain/13.3.rel1/arm-none-eabi/bin/../lib/gcc/arm-none-eabi/13.3.1/../../../../arm-none-eabi/lib/thumb/v7-m/nofp/libg.a(libc_a-signalr.o)
                0x0800cf30                _kill_r
 .text._getpid_r
                0x0800cf58        0x4 /Applications/ArmGNUToolchain/13.3.rel1/arm-none-eabi/bin/../lib/gcc/arm-none-eabi/13.3.1/../../../../arm-none-eabi/lib/thumb/v7-m/nofp/libg.a(libc_a-signalr.o)
                0x0800cf58                _getpid_r
 *(.glue_7)
 .glue_7        0x0800cf5c        0x0 linker stubs
 *(.glue_7t)
 .glue_7t       0x0800cf5c        0x0 linker stubs
 *(.eh_frame)
 .eh_frame      0x0800cf5c        0x0 /Applications/ArmGNUToolchain/13.3.rel1/arm-none-eabi/bin/../lib/gcc/arm-none-eabi/13.3.1/thumb/v7-m/nofp/crtbegin.o
 *(.init)
 .init          0x0800cf5c        0x4 /Applications/ArmGNUToolchain/13.3.rel1/arm-none-eabi/bin/../lib/gcc/arm-none-eabi/13.3.1/thumb/v7-m/nofp/crti.o
                0x0800cf5c                _init
 .init          0x0800cf60        0x8 /Applications/ArmGNUToolchain/13.3.rel1/arm-none-eabi/bin/../lib/gcc/arm-none-eabi/13.3.1/thumb/v7-m/nofp/crtn.o
 *(.fini)
 .fini          0x0800cf68        0x4 /Applications/ArmGNUToolchain/13.3.rel1/arm-none-eabi/bin/../lib/gcc/arm-none-eabi/13.3.1/thumb/v7-m/nofp/crti.o
                0x0800cf68                _fini
 .fini          0x0800cf6c        0x8 /Applications/ArmGNUToolchain/13.3.rel1/arm-none-eabi/bin/../lib/gcc/arm-none-eabi/13.3.1/thumb/v7-m/nofp/crtn.o
                0x0800cf74                        . = ALIGN (0x4)
                0x0800cf74                        _etext = .

.vfp11_veneer   0x0800cf74        0x0
 .vfp11_veneer  0x0800cf74        0x0 linker stubs

.v4_bx          0x0800cf74        0x0
 .v4_bx         0x0800cf74        0x0 linker stubs

.iplt           0x0800cf74        0x0
 .iplt          0x0800cf74        0x0 /Applications/ArmGNUToolchain/13.3.rel1/arm-none-eabi/bin/../lib/gcc/arm-none-eabi/13.3.1/thumb/v7-m/nofp/crtbegin.o

.rodata         0x0800cf78      0xba8
                0x0800cf78                        . = ALIGN (0x4)
 *(.rodata)
 .rodata        0x0800cf78       0x38 CMakeFiles/MiniFlyRemoter.elf.dir/Core/Src/freertos.c.obj
 *(.rodata*)
 .rodata.asc2_0612
                0x0800cfb0      0x474 CMakeFiles/MiniFlyRemoter.elf.dir/Core/Src/drv_oled.c.obj
                0x0800cfb0                asc2_0612
 .rodata.asc2_0608
                0x0800d424      0x23a CMakeFiles/MiniFlyRemoter.elf.dir/Core/Src/drv_oled.c.obj
                0x0800d424                asc2_0608
 *fill*         0x0800d65e        0x2 
 .rodata.StartDefaultTask.str1.4
                0x0800d660      0x24f CMakeFiles/MiniFlyRemoter.elf.dir/Core/Src/freertos.c.obj
                                 0x33 (size before relaxing)
 .rodata.str1.4
                0x0800d8af       0x14 CMakeFiles/MiniFlyRemoter.elf.dir/Core/Src/freertos.c.obj
 *fill*         0x0800d8af        0x1 
 .rodata.APBPrescTable
                0x0800d8b0        0x8 CMakeFiles/MiniFlyRemoter.elf.dir/Core/Src/system_stm32f1xx.c.obj
                0x0800d8b0                APBPrescTable
 .rodata.AHBPrescTable
                0x0800d8b8       0x10 CMakeFiles/MiniFlyRemoter.elf.dir/Core/Src/system_stm32f1xx.c.obj
                0x0800d8b8                AHBPrescTable
 .rodata.aPredivFactorTable.0
                0x0800d8c8        0x2 CMakeFiles/MiniFlyRemoter.elf.dir/Drivers/STM32F1xx_HAL_Driver/Src/stm32f1xx_hal_rcc.c.obj
 *fill*         0x0800d8ca        0x2 
 .rodata.aPLLMULFactorTable.1
                0x0800d8cc       0x10 CMakeFiles/MiniFlyRemoter.elf.dir/Drivers/STM32F1xx_HAL_Driver/Src/stm32f1xx_hal_rcc.c.obj
 .rodata.vTaskStartScheduler.str1.4
                0x0800d8dc        0x5 CMakeFiles/MiniFlyRemoter.elf.dir/Middlewares/Third_Party/FreeRTOS/Source/tasks.c.obj
 .rodata.USBD_FS_ProductStrDescriptor.str1.4
                0x0800d8dc       0x16 CMakeFiles/MiniFlyRemoter.elf.dir/USB_DEVICE/App/usbd_desc.c.obj
 .rodata.USBD_FS_ManufacturerStrDescriptor.str1.4
                0x0800d8dc       0x13 CMakeFiles/MiniFlyRemoter.elf.dir/USB_DEVICE/App/usbd_desc.c.obj
 .rodata.USBD_FS_ConfigStrDescriptor.str1.4
                0x0800d8dc        0xb CMakeFiles/MiniFlyRemoter.elf.dir/USB_DEVICE/App/usbd_desc.c.obj
 .rodata.USBD_FS_InterfaceStrDescriptor.str1.4
                0x0800d8dc        0xe CMakeFiles/MiniFlyRemoter.elf.dir/USB_DEVICE/App/usbd_desc.c.obj
 .rodata._svfprintf_r.str1.4
                0x0800d8dc       0x42 /Applications/ArmGNUToolchain/13.3.rel1/arm-none-eabi/bin/../lib/gcc/arm-none-eabi/13.3.1/../../../../arm-none-eabi/lib/thumb/v7-m/nofp/libg.a(libc_a-svfprintf.o)
 .rodata.zeroes.0
                0x0800d8dc       0x10 /Applications/ArmGNUToolchain/13.3.rel1/arm-none-eabi/bin/../lib/gcc/arm-none-eabi/13.3.1/../../../../arm-none-eabi/lib/thumb/v7-m/nofp/libg.a(libc_a-svfprintf.o)
 .rodata.blanks.1
                0x0800d8ec       0x10 /Applications/ArmGNUToolchain/13.3.rel1/arm-none-eabi/bin/../lib/gcc/arm-none-eabi/13.3.1/../../../../arm-none-eabi/lib/thumb/v7-m/nofp/libg.a(libc_a-svfprintf.o)
 .rodata.str1.4
                0x0800d8fc       0x4c /Applications/ArmGNUToolchain/13.3.rel1/arm-none-eabi/bin/../lib/gcc/arm-none-eabi/13.3.1/../../../../arm-none-eabi/lib/thumb/v7-m/nofp/libg.a(libc_a-locale.o)
 .rodata._ctype_
                0x0800d8fc      0x101 /Applications/ArmGNUToolchain/13.3.rel1/arm-none-eabi/bin/../lib/gcc/arm-none-eabi/13.3.1/../../../../arm-none-eabi/lib/thumb/v7-m/nofp/libg.a(libc_a-ctype_.o)
                0x0800d8fc                _ctype_
 .rodata._dtoa_r.str1.4
                0x0800d9fd       0x89 /Applications/ArmGNUToolchain/13.3.rel1/arm-none-eabi/bin/../lib/gcc/arm-none-eabi/13.3.1/../../../../arm-none-eabi/lib/thumb/v7-m/nofp/libg.a(libc_a-dtoa.o)
 .rodata.__multadd.str1.4
                0x0800d9fd       0x76 /Applications/ArmGNUToolchain/13.3.rel1/arm-none-eabi/bin/../lib/gcc/arm-none-eabi/13.3.1/../../../../arm-none-eabi/lib/thumb/v7-m/nofp/libg.a(libc_a-mprec.o)
 *fill*         0x0800d9fd        0x3 
 .rodata.p05.0  0x0800da00        0xc /Applications/ArmGNUToolchain/13.3.rel1/arm-none-eabi/bin/../lib/gcc/arm-none-eabi/13.3.1/../../../../arm-none-eabi/lib/thumb/v7-m/nofp/libg.a(libc_a-mprec.o)
 *fill*         0x0800da0c        0x4 
 .rodata.__mprec_bigtens
                0x0800da10       0x28 /Applications/ArmGNUToolchain/13.3.rel1/arm-none-eabi/bin/../lib/gcc/arm-none-eabi/13.3.1/../../../../arm-none-eabi/lib/thumb/v7-m/nofp/libg.a(libc_a-mprec.o)
                0x0800da10                __mprec_bigtens
 .rodata.__mprec_tens
                0x0800da38       0xc8 /Applications/ArmGNUToolchain/13.3.rel1/arm-none-eabi/bin/../lib/gcc/arm-none-eabi/13.3.1/../../../../arm-none-eabi/lib/thumb/v7-m/nofp/libg.a(libc_a-mprec.o)
                0x0800da38                __mprec_tens
 .rodata.__assert_func.str1.4
                0x0800db00       0x43 /Applications/ArmGNUToolchain/13.3.rel1/arm-none-eabi/bin/../lib/gcc/arm-none-eabi/13.3.1/../../../../arm-none-eabi/lib/thumb/v7-m/nofp/libg.a(libc_a-assert.o)
 .rodata._vfiprintf_r.str1.4
                0x0800db00       0x2f /Applications/ArmGNUToolchain/13.3.rel1/arm-none-eabi/bin/../lib/gcc/arm-none-eabi/13.3.1/../../../../arm-none-eabi/lib/thumb/v7-m/nofp/libg.a(libc_a-vfiprintf.o)
 .rodata.zeroes.0
                0x0800db00       0x10 /Applications/ArmGNUToolchain/13.3.rel1/arm-none-eabi/bin/../lib/gcc/arm-none-eabi/13.3.1/../../../../arm-none-eabi/lib/thumb/v7-m/nofp/libg.a(libc_a-vfiprintf.o)
 .rodata.blanks.1
                0x0800db10       0x10 /Applications/ArmGNUToolchain/13.3.rel1/arm-none-eabi/bin/../lib/gcc/arm-none-eabi/13.3.1/../../../../arm-none-eabi/lib/thumb/v7-m/nofp/libg.a(libc_a-vfiprintf.o)
                0x0800db44                        . = ALIGN (0x4)

.ARM.extab      0x0800db20        0x0
                0x0800db20                        . = ALIGN (0x4)
 *(.ARM.extab* .gnu.linkonce.armextab.*)
                0x0800db20                        . = ALIGN (0x4)

.ARM            0x0800db20        0x8
                0x0800db20                        . = ALIGN (0x4)
                0x0800db20                        __exidx_start = .
 *(.ARM.exidx*)
 .ARM.exidx     0x0800db20        0x8 /Applications/ArmGNUToolchain/13.3.rel1/arm-none-eabi/bin/../lib/gcc/arm-none-eabi/13.3.1/../../../../arm-none-eabi/lib/thumb/v7-m/nofp/libg.a(libc_a-memcpy.o)
                0x0800db28                        __exidx_end = .
                0x0800db28                        . = ALIGN (0x4)

.rel.dyn        0x0800db28        0x0
 .rel.iplt      0x0800db28        0x0 /Applications/ArmGNUToolchain/13.3.rel1/arm-none-eabi/bin/../lib/gcc/arm-none-eabi/13.3.1/thumb/v7-m/nofp/crtbegin.o

.preinit_array  0x0800db28        0x0
                0x0800db28                        . = ALIGN (0x4)
                0x0800db28                        PROVIDE (__preinit_array_start = .)
 *(.preinit_array*)
                0x0800db28                        PROVIDE (__preinit_array_end = .)
                0x0800db28                        . = ALIGN (0x4)

.init_array     0x0800db28        0x8
                0x0800db28                        . = ALIGN (0x4)
                0x0800db28                        PROVIDE (__init_array_start = .)
 *(SORT_BY_NAME(.init_array.*))
 .init_array.00000
                0x0800db28        0x4 /Applications/ArmGNUToolchain/13.3.rel1/arm-none-eabi/bin/../lib/gcc/arm-none-eabi/13.3.1/../../../../arm-none-eabi/lib/thumb/v7-m/nofp/libg.a(libc_a-__call_atexit.o)
 *(.init_array*)