Archive member included to satisfy reference by file (symbol)

/Applications/ArmGNUToolchain/13.3.rel1/arm-none-eabi/bin/../lib/gcc/arm-none-eabi/13.3.1/../../../../arm-none-eabi/lib/thumb/v7-m/nofp/libg.a(libc_a-exit.o)
                              /Applications/ArmGNUToolchain/13.3.rel1/arm-none-eabi/bin/../lib/gcc/arm-none-eabi/13.3.1/../../../../arm-none-eabi/lib/thumb/v7-m/nofp/crt0.o (exit)
/Applications/ArmGNUToolchain/13.3.rel1/arm-none-eabi/bin/../lib/gcc/arm-none-eabi/13.3.1/../../../../arm-none-eabi/lib/thumb/v7-m/nofp/libg.a(libc_a-snprintf.o)
                              CMakeFiles/MiniFlyRemoter.elf.dir/Core/Src/freertos.c.obj (snprintf)
/Applications/ArmGNUToolchain/13.3.rel1/arm-none-eabi/bin/../lib/gcc/arm-none-eabi/13.3.1/../../../../arm-none-eabi/lib/thumb/v7-m/nofp/libg.a(libc_a-findfp.o)
                              /Applications/ArmGNUToolchain/13.3.rel1/arm-none-eabi/bin/../lib/gcc/arm-none-eabi/13.3.1/../../../../arm-none-eabi/lib/thumb/v7-m/nofp/libg.a(libc_a-exit.o) (__stdio_exit_handler)
/Applications/ArmGNUToolchain/13.3.rel1/arm-none-eabi/bin/../lib/gcc/arm-none-eabi/13.3.1/../../../../arm-none-eabi/lib/thumb/v7-m/nofp/libg.a(libc_a-memset.o)
                              /Applications/ArmGNUToolchain/13.3.rel1/arm-none-eabi/bin/../lib/gcc/arm-none-eabi/13.3.1/../../../../arm-none-eabi/lib/thumb/v7-m/nofp/crt0.o (memset)
/Applications/ArmGNUToolchain/13.3.rel1/arm-none-eabi/bin/../lib/gcc/arm-none-eabi/13.3.1/../../../../arm-none-eabi/lib/thumb/v7-m/nofp/libg.a(libc_a-impure.o)
                              /Applications/ArmGNUToolchain/13.3.rel1/arm-none-eabi/bin/../lib/gcc/arm-none-eabi/13.3.1/../../../../arm-none-eabi/lib/thumb/v7-m/nofp/libg.a(libc_a-snprintf.o) (_impure_ptr)
/Applications/ArmGNUToolchain/13.3.rel1/arm-none-eabi/bin/../lib/gcc/arm-none-eabi/13.3.1/../../../../arm-none-eabi/lib/thumb/v7-m/nofp/libg.a(libc_a-errno.o)
                              CMakeFiles/MiniFlyRemoter.elf.dir/Core/Src/syscalls.c.obj (__errno)
/Applications/ArmGNUToolchain/13.3.rel1/arm-none-eabi/bin/../lib/gcc/arm-none-eabi/13.3.1/../../../../arm-none-eabi/lib/thumb/v7-m/nofp/libg.a(libc_a-init.o)
                              /Applications/ArmGNUToolchain/13.3.rel1/arm-none-eabi/bin/../lib/gcc/arm-none-eabi/13.3.1/../../../../arm-none-eabi/lib/thumb/v7-m/nofp/crt0.o (__libc_init_array)
/Applications/ArmGNUToolchain/13.3.rel1/arm-none-eabi/bin/../lib/gcc/arm-none-eabi/13.3.1/../../../../arm-none-eabi/lib/thumb/v7-m/nofp/libg.a(libc_a-lock.o)
                              /Applications/ArmGNUToolchain/13.3.rel1/arm-none-eabi/bin/../lib/gcc/arm-none-eabi/13.3.1/../../../../arm-none-eabi/lib/thumb/v7-m/nofp/libg.a(libc_a-findfp.o) (__retarget_lock_init_recursive)
/Applications/ArmGNUToolchain/13.3.rel1/arm-none-eabi/bin/../lib/gcc/arm-none-eabi/13.3.1/../../../../arm-none-eabi/lib/thumb/v7-m/nofp/libg.a(libc_a-memcpy.o)
                              CMakeFiles/MiniFlyRemoter.elf.dir/Middlewares/Third_Party/FreeRTOS/Source/queue.c.obj (memcpy)
/Applications/ArmGNUToolchain/13.3.rel1/arm-none-eabi/bin/../lib/gcc/arm-none-eabi/13.3.1/../../../../arm-none-eabi/lib/thumb/v7-m/nofp/libg.a(libc_a-strlen-stub.o)
                              CMakeFiles/MiniFlyRemoter.elf.dir/Core/Src/freertos.c.obj (strlen)
/Applications/ArmGNUToolchain/13.3.rel1/arm-none-eabi/bin/../lib/gcc/arm-none-eabi/13.3.1/../../../../arm-none-eabi/lib/thumb/v7-m/nofp/libg.a(libc_a-__call_atexit.o)
                              /Applications/ArmGNUToolchain/13.3.rel1/arm-none-eabi/bin/../lib/gcc/arm-none-eabi/13.3.1/../../../../arm-none-eabi/lib/thumb/v7-m/nofp/libg.a(libc_a-exit.o) (__call_exitprocs)
/Applications/ArmGNUToolchain/13.3.rel1/arm-none-eabi/bin/../lib/gcc/arm-none-eabi/13.3.1/../../../../arm-none-eabi/lib/thumb/v7-m/nofp/libg.a(libc_a-atexit.o)
                              /Applications/ArmGNUToolchain/13.3.rel1/arm-none-eabi/bin/../lib/gcc/arm-none-eabi/13.3.1/../../../../arm-none-eabi/lib/thumb/v7-m/nofp/libg.a(libc_a-__call_atexit.o) (atexit)
/Applications/ArmGNUToolchain/13.3.rel1/arm-none-eabi/bin/../lib/gcc/arm-none-eabi/13.3.1/../../../../arm-none-eabi/lib/thumb/v7-m/nofp/libg.a(libc_a-mallocr.o)
                              /Applications/ArmGNUToolchain/13.3.rel1/arm-none-eabi/bin/../lib/gcc/arm-none-eabi/13.3.1/../../../../arm-none-eabi/lib/thumb/v7-m/nofp/libg.a(libc_a-findfp.o) (_malloc_r)
/Applications/ArmGNUToolchain/13.3.rel1/arm-none-eabi/bin/../lib/gcc/arm-none-eabi/13.3.1/../../../../arm-none-eabi/lib/thumb/v7-m/nofp/libg.a(libc_a-svfprintf.o)
                              /Applications/ArmGNUToolchain/13.3.rel1/arm-none-eabi/bin/../lib/gcc/arm-none-eabi/13.3.1/../../../../arm-none-eabi/lib/thumb/v7-m/nofp/libg.a(libc_a-snprintf.o) (_svfprintf_r)
/Applications/ArmGNUToolchain/13.3.rel1/arm-none-eabi/bin/../lib/gcc/arm-none-eabi/13.3.1/../../../../arm-none-eabi/lib/thumb/v7-m/nofp/libg.a(libc_a-mlock.o)
[...]
Memory Configuration

Name             Origin             Length             Attributes
RAM              0x20000000         0x00005000         xrw
FLASH            0x08000000         0x00010000         xr
*default*        0x00000000         0xffffffff

Linker script and memory map

LOAD /Applications/ArmGNUToolchain/13.3.rel1/arm-none-eabi/bin/../lib/gcc/arm-none-eabi/13.3.1/thumb/v7-m/nofp/crti.o
LOAD /Applications/ArmGNUToolchain/13.3.rel1/arm-none-eabi/bin/../lib/gcc/arm-none-eabi/13.3.1/thumb/v7-m/nofp/crtbegin.o
LOAD /Applications/ArmGNUToolchain/13.3.rel1/arm-none-eabi/bin/../lib/gcc/arm-none-eabi/13.3.1/../../../../arm-none-eabi/lib/thumb/v7-m/nofp/crt0.o
LOAD CMakeFiles/MiniFlyRemoter.elf.dir/Core/Src/adc.c.obj
LOAD CMakeFiles/MiniFlyRemoter.elf.dir/Core/Src/dma.c.obj
LOAD CMakeFiles/MiniFlyRemoter.elf.dir/Core/Src/freertos.c.obj
LOAD CMakeFiles/MiniFlyRemoter.elf.dir/Core/Src/gpio.c.obj
LOAD CMakeFiles/MiniFlyRemoter.elf.dir/Core/Src/main.c.obj
LOAD CMakeFiles/MiniFlyRemoter.elf.dir/Core/Src/stm32f1xx_hal_msp.c.obj
LOAD CMakeFiles/MiniFlyRemoter.elf.dir/Core/Src/stm32f1xx_hal_timebase_tim.c.obj
LOAD CMakeFiles/MiniFlyRemoter.elf.dir/Core/Src/stm32f1xx_it.c.obj
LOAD CMakeFiles/MiniFlyRemoter.elf.dir/Core/Src/syscalls.c.obj
LOAD CMakeFiles/MiniFlyRemoter.elf.dir/Core/Src/sysmem.c.obj
LOAD CMakeFiles/MiniFlyRemoter.elf.dir/Core/Src/system_stm32f1xx.c.obj
LOAD CMakeFiles/MiniFlyRemoter.elf.dir/Core/Startup/startup_stm32f103c8tx.s.obj
LOAD CMakeFiles/MiniFlyRemoter.elf.dir/Drivers/STM32F1xx_HAL_Driver/Src/stm32f1xx_hal.c.obj
LOAD CMakeFiles/MiniFlyRemoter.elf.dir/Drivers/STM32F1xx_HAL_Driver/Src/stm32f1xx_hal_adc.c.obj
LOAD CMakeFiles/MiniFlyRemoter.elf.dir/Drivers/STM32F1xx_HAL_Driver/Src/stm32f1xx_hal_adc_ex.c.obj
LOAD CMakeFiles/MiniFlyRemoter.elf.dir/Drivers/STM32F1xx_HAL_Driver/Src/stm32f1xx_hal_cortex.c.obj
LOAD CMakeFiles/MiniFlyRemoter.elf.dir/Drivers/STM32F1xx_HAL_Driver/Src/stm32f1xx_hal_dma.c.obj
LOAD CMakeFiles/MiniFlyRemoter.elf.dir/Drivers/STM32F1xx_HAL_Driver/Src/stm32f1xx_hal_exti.c.obj
LOAD CMakeFiles/MiniFlyRemoter.elf.dir/Drivers/STM32F1xx_HAL_Driver/Src/stm32f1xx_hal_flash.c.obj
LOAD CMakeFiles/MiniFlyRemoter.elf.dir/Drivers/STM32F1xx_HAL_Driver/Src/stm32f1xx_hal_flash_ex.c.obj
LOAD CMakeFiles/MiniFlyRemoter.elf.dir/Drivers/STM32F1xx_HAL_Driver/Src/stm32f1xx_hal_gpio.c.obj
LOAD CMakeFiles/MiniFlyRemoter.elf.dir/Drivers/STM32F1xx_HAL_Driver/Src/stm32f1xx_hal_gpio_ex.c.obj
LOAD CMakeFiles/MiniFlyRemoter.elf.dir/Drivers/STM32F1xx_HAL_Driver/Src/stm32f1xx_hal_pcd.c.obj
LOAD CMakeFiles/MiniFlyRemoter.elf.dir/Drivers/STM32F1xx_HAL_Driver/Src/stm32f1xx_hal_pcd_ex.c.obj
LOAD CMakeFiles/MiniFlyRemoter.elf.dir/Drivers/STM32F1xx_HAL_Driver/Src/stm32f1xx_hal_pwr.c.obj
LOAD CMakeFiles/MiniFlyRemoter.elf.dir/Drivers/STM32F1xx_HAL_Driver/Src/stm32f1xx_hal_rcc.c.obj
LOAD CMakeFiles/MiniFlyRemoter.elf.dir/Drivers/STM32F1xx_HAL_Driver/Src/stm32f1xx_hal_rcc_ex.c.obj
LOAD CMakeFiles/MiniFlyRemoter.elf.dir/Drivers/STM32F1xx_HAL_Driver/Src/stm32f1xx_hal_tim.c.obj
LOAD CMakeFiles/MiniFlyRemoter.elf.dir/Drivers/STM32F1xx_HAL_Driver/Src/stm32f1xx_hal_tim_ex.c.obj
LOAD CMakeFiles/MiniFlyRemoter.elf.dir/Drivers/STM32F1xx_HAL_Driver/Src/stm32f1xx_ll_usb.c.obj
LOAD CMakeFiles/MiniFlyRemoter.elf.dir/Middlewares/ST/STM32_USB_Device_Library/Class/CDC/Src/usbd_cdc.c.obj
LOAD CMakeFiles/MiniFlyRemoter.elf.dir/Middlewares/ST/STM32_USB_Device_Library/Core/Src/usbd_core.c.obj
LOAD CMakeFiles/MiniFlyRemoter.elf.dir/Middlewares/ST/STM32_USB_Device_Library/Core/Src/usbd_ctlreq.c.obj
LOAD CMakeFiles/MiniFlyRemoter.elf.dir/Middlewares/ST/STM32_USB_Device_Library/Core/Src/usbd_ioreq.c.obj
LOAD CMakeFiles/MiniFlyRemoter.elf.dir/Middlewares/Third_Party/FreeRTOS/Source/CMSIS_RTOS/cmsis_os.c.obj
LOAD CMakeFiles/MiniFlyRemoter.elf.dir/Middlewares/Third_Party/FreeRTOS/Source/croutine.c.obj
LOAD CMakeFiles/MiniFlyRemoter.elf.dir/Middlewares/Third_Party/FreeRTOS/Source/event_groups.c.obj
LOAD CMakeFiles/MiniFlyRemoter.elf.dir/Middlewares/Third_Party/FreeRTOS/Source/list.c.obj
LOAD CMakeFiles/MiniFlyRemoter.elf.dir/Middlewares/Third_Party/FreeRTOS/Source/portable/GCC/ARM_CM3/port.c.obj
LOAD CMakeFiles/MiniFlyRemoter.elf.dir/Middlewares/Third_Party/FreeRTOS/Source/portable/MemMang/heap_4.c.obj
LOAD CMakeFiles/MiniFlyRemoter.elf.dir/Middlewares/Third_Party/FreeRTOS/Source/queue.c.obj
LOAD CMakeFiles/MiniFlyRemoter.elf.dir/Middlewares/Third_Party/FreeRTOS/Source/stream_buffer.c.obj
LOAD CMakeFiles/MiniFlyRemoter.elf.dir/Middlewares/Third_Party/FreeRTOS/Source/tasks.c.obj
LOAD CMakeFiles/MiniFlyRemoter.elf.dir/Middlewares/Third_Party/FreeRTOS/Source/timers.c.obj
LOAD CMakeFiles/MiniFlyRemoter.elf.dir/USB_DEVICE/App/usb_device.c.obj
LOAD CMakeFiles/MiniFlyRemoter.elf.dir/USB_DEVICE/App/usbd_cdc_if.c.obj
LOAD CMakeFiles/MiniFlyRemoter.elf.dir/USB_DEVICE/App/usbd_desc.c.obj
LOAD CMakeFiles/MiniFlyRemoter.elf.dir/USB_DEVICE/Target/usbd_conf.c.obj
START GROUP
LOAD /Applications/ArmGNUToolchain/13.3.rel1/arm-none-eabi/bin/../lib/gcc/arm-none-eabi/13.3.1/thumb/v7-m/nofp/libgcc.a
LOAD /Applications/ArmGNUToolchain/13.3.rel1/arm-none-eabi/bin/../lib/gcc/arm-none-eabi/13.3.1/../../../../arm-none-eabi/lib/thumb/v7-m/nofp/libg.a
LOAD /Applications/ArmGNUToolchain/13.3.rel1/arm-none-eabi/bin/../lib/gcc/arm-none-eabi/13.3.1/../../../../arm-none-eabi/lib/thumb/v7-m/nofp/libc.a
END GROUP
LOAD /Applications/ArmGNUToolchain/13.3.rel1/arm-none-eabi/bin/../lib/gcc/arm-none-eabi/13.3.1/thumb/v7-m/nofp/crtend.o
LOAD /Applications/ArmGNUToolchain/13.3.rel1/arm-none-eabi/bin/../lib/gcc/arm-none-eabi/13.3.1/thumb/v7-m/nofp/crtn.o
                0x20005000                        _estack = (ORIGIN (RAM) + LENGTH (RAM))
                0x00000200                        _Min_Heap_Size = 0x200
                0x00000400                        _Min_Stack_Size = 0x400

.isr_vector     0x08000000      0x10c
                0x08000000                        . = ALIGN (0x4)
 *(.isr_vector)
 .isr_vector    0x08000000      0x10c CMakeFiles/MiniFlyRemoter.elf.dir/Core/Startup/startup_stm32f103c8tx.s.obj
                0x08000000                g_pfnVectors
                0x0800010c                        . = ALIGN (0x4)

.text           0x08000110     0xc6a4
                0x08000110                        . = ALIGN (0x4)
 *(.text)
 .text          0x08000110       0xec /Applications/ArmGNUToolchain/13.3.rel1/arm-none-eabi/bin/../lib/gcc/arm-none-eabi/13.3.1/../../../../arm-none-eabi/lib/thumb/v7-m/nofp/libg.a(libc_a-memcpy.o)
                0x08000110                memcpy
 .text          0x080001fc      0x378 /Applications/ArmGNUToolchain/13.3.rel1/arm-none-eabi/bin/../lib/gcc/arm-none-eabi/13.3.1/thumb/v7-m/nofp/libgcc.a(_arm_addsubdf3.o)
                0x080001fc                __aeabi_drsub
                0x08000204                __subdf3
                0x08000204                __aeabi_dsub
                0x08000208                __aeabi_dadd
                0x08000208                __adddf3
                0x08000480                __aeabi_ui2d
                0x08000480                __floatunsidf
                0x080004a0                __floatsidf
                0x080004a0                __aeabi_i2d
                0x080004c4                __extendsfdf2
                0x080004c4                __aeabi_f2d
                0x08000508                __aeabi_ul2d
                0x08000508                __floatundidf
                0x08000518                __aeabi_l2d
                0x08000518                __floatdidf
 .text          0x08000574      0x424 /Applications/ArmGNUToolchain/13.3.rel1/arm-none-eabi/bin/../lib/gcc/arm-none-eabi/13.3.1/thumb/v7-m/nofp/libgcc.a(_arm_muldivdf3.o)
                0x08000574                __aeabi_dmul
                0x08000574                __muldf3
                0x080007c8                __aeabi_ddiv
                0x080007c8                __divdf3
 .text          0x08000998      0x110 /Applications/ArmGNUToolchain/13.3.rel1/arm-none-eabi/bin/../lib/gcc/arm-none-eabi/13.3.1/thumb/v7-m/nofp/libgcc.a(_arm_cmpdf2.o)
                0x08000998                __gedf2
                0x08000998                __gtdf2
                0x080009a0                __ledf2
                0x080009a0                __ltdf2
                0x080009a8                __cmpdf2
                0x080009a8                __eqdf2
                0x080009a8                __nedf2
                0x08000a24                __aeabi_cdrcmple
                0x08000a34                __aeabi_cdcmple
                0x08000a34                __aeabi_cdcmpeq
                0x08000a44                __aeabi_dcmpeq
                0x08000a58                __aeabi_dcmplt
                0x08000a6c                __aeabi_dcmple
                0x08000a80                __aeabi_dcmpge
                0x08000a94                __aeabi_dcmpgt
 .text          0x08000aa8       0x2c /Applications/ArmGNUToolchain/13.3.rel1/arm-none-eabi/bin/../lib/gcc/arm-none-eabi/13.3.1/thumb/v7-m/nofp/libgcc.a(_arm_unorddf2.o)
                0x08000aa8                __aeabi_dcmpun
                0x08000aa8                __unorddf2
 .text          0x08000ad4       0x50 /Applications/ArmGNUToolchain/13.3.rel1/arm-none-eabi/bin/../lib/gcc/arm-none-eabi/13.3.1/thumb/v7-m/nofp/libgcc.a(_arm_fixdfsi.o)
                0x08000ad4                __fixdfsi
                0x08000ad4                __aeabi_d2iz
 *(.text*)
 .text.deregister_tm_clones
                0x08000b24       0x1c /Applications/ArmGNUToolchain/13.3.rel1/arm-none-eabi/bin/../lib/gcc/arm-none-eabi/13.3.1/thumb/v7-m/nofp/crtbegin.o
 .text.register_tm_clones
                0x08000b40       0x24 /Applications/ArmGNUToolchain/13.3.rel1/arm-none-eabi/bin/../lib/gcc/arm-none-eabi/13.3.1/thumb/v7-m/nofp/crtbegin.o
 .text.__do_global_dtors_aux
                0x08000b64       0x28 /Applications/ArmGNUToolchain/13.3.rel1/arm-none-eabi/bin/../lib/gcc/arm-none-eabi/13.3.1/thumb/v7-m/nofp/crtbegin.o
 .text.frame_dummy
                0x08000b8c       0x24 /Applications/ArmGNUToolchain/13.3.rel1/arm-none-eabi/bin/../lib/gcc/arm-none-eabi/13.3.1/thumb/v7-m/nofp/crtbegin.o
 .text.MX_ADC1_Init
                0x08000bb0       0xc0 CMakeFiles/MiniFlyRemoter.elf.dir/Core/Src/adc.c.obj
                0x08000bb0                MX_ADC1_Init
 .text.HAL_ADC_MspInit
                0x08000c70       0xcc CMakeFiles/MiniFlyRemoter.elf.dir/Core/Src/adc.c.obj
                0x08000c70                HAL_ADC_MspInit
 .text.MX_DMA_Init
                0x08000d3c       0x34 CMakeFiles/MiniFlyRemoter.elf.dir/Core/Src/dma.c.obj
                0x08000d3c                MX_DMA_Init
 .text.StartDefaultTask
                0x08000d70       0x64 CMakeFiles/MiniFlyRemoter.elf.dir/Core/Src/freertos.c.obj
                0x08000d70                StartDefaultTask
 .text.KeyScanTask
                0x08000dd4       0x70 CMakeFiles/MiniFlyRemoter.elf.dir/Core/Src/freertos.c.obj
                0x08000dd4                KeyScanTask
 .text.vApplicationGetIdleTaskMemory
                0x08000e44       0x18 CMakeFiles/MiniFlyRemoter.elf.dir/Core/Src/freertos.c.obj
                0x08000e44                vApplicationGetIdleTaskMemory
 .text.MX_FREERTOS_Init
                0x08000e5c       0x5c CMakeFiles/MiniFlyRemoter.elf.dir/Core/Src/freertos.c.obj
                0x08000e5c                MX_FREERTOS_Init
 .text.HAL_ADC_ConvCpltCallback
                0x08000eb8       0x20 CMakeFiles/MiniFlyRemoter.elf.dir/Core/Src/freertos.c.obj
                0x08000eb8                HAL_ADC_ConvCpltCallback
 .text.MX_GPIO_Init
                0x08000ed8       0xf0 CMakeFiles/MiniFlyRemoter.elf.dir/Core/Src/gpio.c.obj
                0x08000ed8                MX_GPIO_Init
 .text.HAL_TIM_PeriodElapsedCallback
                0x08000fc8       0x18 CMakeFiles/MiniFlyRemoter.elf.dir/Core/Src/main.c.obj
                0x08000fc8                HAL_TIM_PeriodElapsedCallback
 .text.Error_Handler
                0x08000fe0        0x4 CMakeFiles/MiniFlyRemoter.elf.dir/Core/Src/main.c.obj
                0x08000fe0                Error_Handler
 .text.SystemClock_Config
                0x08000fe4       0x88 CMakeFiles/MiniFlyRemoter.elf.dir/Core/Src/main.c.obj
                0x08000fe4                SystemClock_Config
 .text.main     0x0800106c       0x20 CMakeFiles/MiniFlyRemoter.elf.dir/Core/Src/main.c.obj
                0x0800106c                main
 .text.HAL_MspInit
                0x0800108c       0x54 CMakeFiles/MiniFlyRemoter.elf.dir/Core/Src/stm32f1xx_hal_msp.c.obj
                0x0800108c                HAL_MspInit
 .text.HAL_InitTick
                0x080010e0       0xa0 CMakeFiles/MiniFlyRemoter.elf.dir/Core/Src/stm32f1xx_hal_timebase_tim.c.obj
                0x080010e0                HAL_InitTick
 .text.NMI_Handler
                0x08001180        0x2 CMakeFiles/MiniFlyRemoter.elf.dir/Core/Src/stm32f1xx_it.c.obj
                0x08001180                NMI_Handler
 .text.HardFault_Handler
                0x08001182        0x2 CMakeFiles/MiniFlyRemoter.elf.dir/Core/Src/stm32f1xx_it.c.obj
                0x08001182                HardFault_Handler
 .text.MemManage_Handler
                0x08001184        0x2 CMakeFiles/MiniFlyRemoter.elf.dir/Core/Src/stm32f1xx_it.c.obj
                0x08001184                MemManage_Handler
 .text.BusFault_Handler
                0x08001186        0x2 CMakeFiles/MiniFlyRemoter.elf.dir/Core/Src/stm32f1xx_it.c.obj
                0x08001186                BusFault_Handler
 .text.UsageFault_Handler
                0x08001188        0x2 CMakeFiles/MiniFlyRemoter.elf.dir/Core/Src/stm32f1xx_it.c.obj
                0x08001188                UsageFault_Handler
 .text.DebugMon_Handler
                0x0800118a        0x2 CMakeFiles/MiniFlyRemoter.elf.dir/Core/Src/stm32f1xx_it.c.obj
                0x0800118a                DebugMon_Handler
 .text.DMA1_Channel1_IRQHandler
                0x0800118c       0x10 CMakeFiles/MiniFlyRemoter.elf.dir/Core/Src/stm32f1xx_it.c.obj
                0x0800118c                DMA1_Channel1_IRQHandler
 .text.ADC1_2_IRQHandler
                0x0800119c       0x10 CMakeFiles/MiniFlyRemoter.elf.dir/Core/Src/stm32f1xx_it.c.obj
                0x0800119c                ADC1_2_IRQHandler
 .text.USB_HP_CAN1_TX_IRQHandler
                0x080011ac       0x10 CMakeFiles/MiniFlyRemoter.elf.dir/Core/Src/stm32f1xx_it.c.obj
                0x080011ac                USB_HP_CAN1_TX_IRQHandler
 .text.USB_LP_CAN1_RX0_IRQHandler
                0x080011bc       0x10 CMakeFiles/MiniFlyRemoter.elf.dir/Core/Src/stm32f1xx_it.c.obj
                0x080011bc                USB_LP_CAN1_RX0_IRQHandler
 .text.TIM4_IRQHandler
                0x080011cc       0x10 CMakeFiles/MiniFlyRemoter.elf.dir/Core/Src/stm32f1xx_it.c.obj
                0x080011cc                TIM4_IRQHandler
 .text._getpid  0x080011dc        0x4 CMakeFiles/MiniFlyRemoter.elf.dir/Core/Src/syscalls.c.obj
                0x080011dc                _getpid
 .text._kill    0x080011e0       0x10 CMakeFiles/MiniFlyRemoter.elf.dir/Core/Src/syscalls.c.obj
                0x080011e0                _kill
 .text._exit    0x080011f0        0xc CMakeFiles/MiniFlyRemoter.elf.dir/Core/Src/syscalls.c.obj
                0x080011f0                _exit
 .text._read    0x080011fc       0x20 CMakeFiles/MiniFlyRemoter.elf.dir/Core/Src/syscalls.c.obj
                0x080011fc                _read
 .text._write   0x0800121c       0x1c CMakeFiles/MiniFlyRemoter.elf.dir/Core/Src/syscalls.c.obj
                0x0800121c                _write
 .text._close   0x08001238        0x6 CMakeFiles/MiniFlyRemoter.elf.dir/Core/Src/syscalls.c.obj
                0x08001238                _close
 .text._fstat   0x0800123e        0xa CMakeFiles/MiniFlyRemoter.elf.dir/Core/Src/syscalls.c.obj
                0x0800123e                _fstat
 .text._isatty  0x08001248        0x4 CMakeFiles/MiniFlyRemoter.elf.dir/Core/Src/syscalls.c.obj
                0x08001248                _isatty
 .text._lseek   0x0800124c        0x4 CMakeFiles/MiniFlyRemoter.elf.dir/Core/Src/syscalls.c.obj
                0x0800124c                _lseek
 .text._sbrk    0x08001250       0x48 CMakeFiles/MiniFlyRemoter.elf.dir/Core/Src/sysmem.c.obj
                0x08001250                _sbrk
 .text.SystemInit
                0x08001298        0x2 CMakeFiles/MiniFlyRemoter.elf.dir/Core/Src/system_stm32f1xx.c.obj
                0x08001298                SystemInit
 *fill*         0x0800129a        0x2 
 .text.Reset_Handler
                0x0800129c       0x48 CMakeFiles/MiniFlyRemoter.elf.dir/Core/Startup/startup_stm32f103c8tx.s.obj
                0x0800129c                Reset_Handler
 .text.Default_Handler
                0x080012e4        0x2 CMakeFiles/MiniFlyRemoter.elf.dir/Core/Startup/startup_stm32f103c8tx.s.obj
                0x080012e4                USBWakeUp_IRQHandler
                0x080012e4                EXTI2_IRQHandler
                0x080012e4                TIM1_CC_IRQHandler
                0x080012e4                PVD_IRQHandler
                0x080012e4                EXTI3_IRQHandler
                0x080012e4                EXTI0_IRQHandler
                0x080012e4                I2C2_EV_IRQHandler
                0x080012e4                SPI1_IRQHandler
                0x080012e4                TAMPER_IRQHandler
                0x080012e4                DMA1_Channel4_IRQHandler
                0x080012e4                USART3_IRQHandler
                0x080012e4                RTC_IRQHandler
                0x080012e4                DMA1_Channel7_IRQHandler
                0x080012e4                CAN1_RX1_IRQHandler
                0x080012e4                I2C1_EV_IRQHandler
                0x080012e4                DMA1_Channel6_IRQHandler
                0x080012e4                TIM3_IRQHandler
                0x080012e4                RCC_IRQHandler
                0x080012e4                TIM1_TRG_COM_IRQHandler
                0x080012e4                Default_Handler
                0x080012e4                EXTI15_10_IRQHandler
                0x080012e4                EXTI9_5_IRQHandler
                0x080012e4                SPI2_IRQHandler
                0x080012e4                DMA1_Channel5_IRQHandler
                0x080012e4                EXTI4_IRQHandler
                0x080012e4                DMA1_Channel3_IRQHandler
                0x080012e4                TIM1_UP_IRQHandler
                0x080012e4                WWDG_IRQHandler
                0x080012e4                TIM2_IRQHandler
                0x080012e4                TIM1_BRK_IRQHandler
                0x080012e4                EXTI1_IRQHandler
                0x080012e4                USART2_IRQHandler
                0x080012e4                I2C2_ER_IRQHandler
                0x080012e4                DMA1_Channel2_IRQHandler
                0x080012e4                CAN1_SCE_IRQHandler
                0x080012e4                FLASH_IRQHandler
                0x080012e4                USART1_IRQHandler
                0x080012e4                I2C1_ER_IRQHandler
                0x080012e4                RTC_Alarm_IRQHandler
 *fill*         0x080012e6        0x2 
 .text.HAL_Init
                0x080012e8       0x24 CMakeFiles/MiniFlyRemoter.elf.dir/Drivers/STM32F1xx_HAL_Driver/Src/stm32f1xx_hal.c.obj
                0x080012e8                HAL_Init
 .text.HAL_IncTick
                0x0800130c       0x18 CMakeFiles/MiniFlyRemoter.elf.dir/Drivers/STM32F1xx_HAL_Driver/Src/stm32f1xx_hal.c.obj
                0x0800130c                HAL_IncTick
 .text.HAL_GetTick
                0x08001324        0xc CMakeFiles/MiniFlyRemoter.elf.dir/Drivers/STM32F1xx_HAL_Driver/Src/stm32f1xx_hal.c.obj
                0x08001324                HAL_GetTick
 .text.ADC_DMAConvCplt
                0x08001330       0x52 CMakeFiles/MiniFlyRemoter.elf.dir/Drivers/STM32F1xx_HAL_Driver/Src/stm32f1xx_hal_adc.c.obj
                0x08001330                ADC_DMAConvCplt
 .text.HAL_ADC_ConvHalfCpltCallback
                0x08001382        0x2 CMakeFiles/MiniFlyRemoter.elf.dir/Drivers/STM32F1xx_HAL_Driver/Src/stm32f1xx_hal_adc.c.obj
                0x08001382                HAL_ADC_ConvHalfCpltCallback
 .text.ADC_DMAHalfConvCplt
                0x08001384        0xa CMakeFiles/MiniFlyRemoter.elf.dir/Drivers/STM32F1xx_HAL_Driver/Src/stm32f1xx_hal_adc.c.obj
                0x08001384                ADC_DMAHalfConvCplt
 .text.HAL_ADC_LevelOutOfWindowCallback
                0x0800138e        0x2 CMakeFiles/MiniFlyRemoter.elf.dir/Drivers/STM32F1xx_HAL_Driver/Src/stm32f1xx_hal_adc.c.obj
                0x0800138e                HAL_ADC_LevelOutOfWindowCallback
 .text.HAL_ADC_IRQHandler
                0x08001390      0x102 CMakeFiles/MiniFlyRemoter.elf.dir/Drivers/STM32F1xx_HAL_Driver/Src/stm32f1xx_hal_adc.c.obj
                0x08001390                HAL_ADC_IRQHandler
 .text.HAL_ADC_ErrorCallback
                0x08001492        0x2 CMakeFiles/MiniFlyRemoter.elf.dir/Drivers/STM32F1xx_HAL_Driver/Src/stm32f1xx_hal_adc.c.obj
                0x08001492                HAL_ADC_ErrorCallback
 .text.ADC_DMAError
                0x08001494       0x1a CMakeFiles/MiniFlyRemoter.elf.dir/Drivers/STM32F1xx_HAL_Driver/Src/stm32f1xx_hal_adc.c.obj
                0x08001494                ADC_DMAError
 *fill*         0x080014ae        0x2 
 .text.HAL_ADC_ConfigChannel
                0x080014b0      0x140 CMakeFiles/MiniFlyRemoter.elf.dir/Drivers/STM32F1xx_HAL_Driver/Src/stm32f1xx_hal_adc.c.obj
                0x080014b0                HAL_ADC_ConfigChannel
 .text.ADC_Enable
                0x080015f0       0x88 CMakeFiles/MiniFlyRemoter.elf.dir/Drivers/STM32F1xx_HAL_Driver/Src/stm32f1xx_hal_adc.c.obj
                0x080015f0                ADC_Enable
 .text.HAL_ADC_Start_DMA
                0x08001678      0x130 CMakeFiles/MiniFlyRemoter.elf.dir/Drivers/STM32F1xx_HAL_Driver/Src/stm32f1xx_hal_adc.c.obj
                0x08001678                HAL_ADC_Start_DMA
 .text.ADC_ConversionStop_Disable
                0x080017a8       0x56 CMakeFiles/MiniFlyRemoter.elf.dir/Drivers/STM32F1xx_HAL_Driver/Src/stm32f1xx_hal_adc.c.obj
                0x080017a8                ADC_ConversionStop_Disable
 *fill*         0x080017fe        0x2 
 .text.HAL_ADC_Init
                0x08001800      0x108 CMakeFiles/MiniFlyRemoter.elf.dir/Drivers/STM32F1xx_HAL_Driver/Src/stm32f1xx_hal_adc.c.obj
                0x08001800                HAL_ADC_Init
 .text.HAL_ADCEx_InjectedConvCpltCallback
                0x08001908        0x2 CMakeFiles/MiniFlyRemoter.elf.dir/Drivers/STM32F1xx_HAL_Driver/Src/stm32f1xx_hal_adc_ex.c.obj
                0x08001908                HAL_ADCEx_InjectedConvCpltCallback
 *fill*         0x0800190a        0x2 
 .text.__NVIC_SetPriority
                0x0800190c       0x28 CMakeFiles/MiniFlyRemoter.elf.dir/Drivers/STM32F1xx_HAL_Driver/Src/stm32f1xx_hal_cortex.c.obj
 .text.NVIC_EncodePriority
                0x08001934       0x3e CMakeFiles/MiniFlyRemoter.elf.dir/Drivers/STM32F1xx_HAL_Driver/Src/stm32f1xx_hal_cortex.c.obj
 *fill*         0x08001972        0x2 
 .text.HAL_NVIC_SetPriorityGrouping
                0x08001974       0x24 CMakeFiles/MiniFlyRemoter.elf.dir/Drivers/STM32F1xx_HAL_Driver/Src/stm32f1xx_hal_cortex.c.obj
                0x08001974                HAL_NVIC_SetPriorityGrouping
 .text.HAL_NVIC_SetPriority
                0x08001998       0x20 CMakeFiles/MiniFlyRemoter.elf.dir/Drivers/STM32F1xx_HAL_Driver/Src/stm32f1xx_hal_cortex.c.obj
                0x08001998                HAL_NVIC_SetPriority
 .text.HAL_NVIC_EnableIRQ
                0x080019b8       0x1c CMakeFiles/MiniFlyRemoter.elf.dir/Drivers/STM32F1xx_HAL_Driver/Src/stm32f1xx_hal_cortex.c.obj
                0x080019b8                HAL_NVIC_EnableIRQ
 .text.DMA_SetConfig
                0x080019d4       0x2c CMakeFiles/MiniFlyRemoter.elf.dir/Drivers/STM32F1xx_HAL_Driver/Src/stm32f1xx_hal_dma.c.obj
 .text.HAL_DMA_Init
                0x08001a00       0x68 CMakeFiles/MiniFlyRemoter.elf.dir/Drivers/STM32F1xx_HAL_Driver/Src/stm32f1xx_hal_dma.c.obj
                0x08001a00                HAL_DMA_Init
 .text.HAL_DMA_Start_IT
                0x08001a68       0x76 CMakeFiles/MiniFlyRemoter.elf.dir/Drivers/STM32F1xx_HAL_Driver/Src/stm32f1xx_hal_dma.c.obj
                0x08001a68                HAL_DMA_Start_IT
 *fill*         0x08001ade        0x2 
 .text.HAL_DMA_IRQHandler
                0x08001ae0      0x144 CMakeFiles/MiniFlyRemoter.elf.dir/Drivers/STM32F1xx_HAL_Driver/Src/stm32f1xx_hal_dma.c.obj
                0x08001ae0                HAL_DMA_IRQHandler
 .text.HAL_GPIO_Init
                0x08001c24      0x21c CMakeFiles/MiniFlyRemoter.elf.dir/Drivers/STM32F1xx_HAL_Driver/Src/stm32f1xx_hal_gpio.c.obj
                0x08001c24                HAL_GPIO_Init
 .text.HAL_GPIO_ReadPin
                0x08001e40        0xe CMakeFiles/MiniFlyRemoter.elf.dir/Drivers/STM32F1xx_HAL_Driver/Src/stm32f1xx_hal_gpio.c.obj
                0x08001e40                HAL_GPIO_ReadPin
 .text.HAL_GPIO_WritePin
                0x08001e4e        0xc CMakeFiles/MiniFlyRemoter.elf.dir/Drivers/STM32F1xx_HAL_Driver/Src/stm32f1xx_hal_gpio.c.obj
                0x08001e4e                HAL_GPIO_WritePin
 .text.HAL_GPIO_TogglePin
                0x08001e5a       0x12 CMakeFiles/MiniFlyRemoter.elf.dir/Drivers/STM32F1xx_HAL_Driver/Src/stm32f1xx_hal_gpio.c.obj
                0x08001e5a                HAL_GPIO_TogglePin
 .text.HAL_PCD_EP_DB_Receive
                0x08001e6c      0x11c CMakeFiles/MiniFlyRemoter.elf.dir/Drivers/STM32F1xx_HAL_Driver/Src/stm32f1xx_hal_pcd.c.obj
 .text.HAL_PCD_Init
                0x08001f88       0xe8 CMakeFiles/MiniFlyRemoter.elf.dir/Drivers/STM32F1xx_HAL_Driver/Src/stm32f1xx_hal_pcd.c.obj
                0x08001f88                HAL_PCD_Init
 .text.HAL_PCD_Start
                0x08002070       0x32 CMakeFiles/MiniFlyRemoter.elf.dir/Drivers/STM32F1xx_HAL_Driver/Src/stm32f1xx_hal_pcd.c.obj
                0x08002070                HAL_PCD_Start
 .text.HAL_PCD_EP_DB_Transmit
                0x080020a2      0x424 CMakeFiles/MiniFlyRemoter.elf.dir/Drivers/STM32F1xx_HAL_Driver/Src/stm32f1xx_hal_pcd.c.obj
 .text.PCD_EP_ISR_Handler
                0x080024c6      0x554 CMakeFiles/MiniFlyRemoter.elf.dir/Drivers/STM32F1xx_HAL_Driver/Src/stm32f1xx_hal_pcd.c.obj
 .text.HAL_PCD_SetAddress
                0x08002a1a       0x26 CMakeFiles/MiniFlyRemoter.elf.dir/Drivers/STM32F1xx_HAL_Driver/Src/stm32f1xx_hal_pcd.c.obj
                0x08002a1a                HAL_PCD_SetAddress
 .text.HAL_PCD_IRQHandler
                0x08002a40      0x1b0 CMakeFiles/MiniFlyRemoter.elf.dir/Drivers/STM32F1xx_HAL_Driver/Src/stm32f1xx_hal_pcd.c.obj
                0x08002a40                HAL_PCD_IRQHandler
 .text.HAL_PCD_EP_Open
                0x08002bf0       0x84 CMakeFiles/MiniFlyRemoter.elf.dir/Drivers/STM32F1xx_HAL_Driver/Src/stm32f1xx_hal_pcd.c.obj
                0x08002bf0                HAL_PCD_EP_Open
 .text.HAL_PCD_EP_Close
                0x08002c74       0x6c CMakeFiles/MiniFlyRemoter.elf.dir/Drivers/STM32F1xx_HAL_Driver/Src/stm32f1xx_hal_pcd.c.obj
                0x08002c74                HAL_PCD_EP_Close
 .text.HAL_PCD_EP_Receive
                0x08002ce0       0x3a CMakeFiles/MiniFlyRemoter.elf.dir/Drivers/STM32F1xx_HAL_Driver/Src/stm32f1xx_hal_pcd.c.obj
                0x08002ce0                HAL_PCD_EP_Receive
 .text.HAL_PCD_EP_GetRxCount
                0x08002d1a       0x12 CMakeFiles/MiniFlyRemoter.elf.dir/Drivers/STM32F1xx_HAL_Driver/Src/stm32f1xx_hal_pcd.c.obj
                0x08002d1a                HAL_PCD_EP_GetRxCount
 .text.HAL_PCD_EP_Transmit
                0x08002d2c       0x4c CMakeFiles/MiniFlyRemoter.elf.dir/Drivers/STM32F1xx_HAL_Driver/Src/stm32f1xx_hal_pcd.c.obj
                0x08002d2c                HAL_PCD_EP_Transmit
 .text.HAL_PCD_EP_SetStall
                0x08002d78       0x80 CMakeFiles/MiniFlyRemoter.elf.dir/Drivers/STM32F1xx_HAL_Driver/Src/stm32f1xx_hal_pcd.c.obj
                0x08002d78                HAL_PCD_EP_SetStall
 .text.HAL_PCD_EP_ClrStall
                0x08002df8       0x7e CMakeFiles/MiniFlyRemoter.elf.dir/Drivers/STM32F1xx_HAL_Driver/Src/stm32f1xx_hal_pcd.c.obj
                0x08002df8                HAL_PCD_EP_ClrStall
 .text.HAL_PCDEx_PMAConfig
                0x08002e76       0x38 CMakeFiles/MiniFlyRemoter.elf.dir/Drivers/STM32F1xx_HAL_Driver/Src/stm32f1xx_hal_pcd_ex.c.obj
                0x08002e76                HAL_PCDEx_PMAConfig
 *fill*         0x08002eae        0x2 
 .text.RCC_Delay
                0x08002eb0       0x2c CMakeFiles/MiniFlyRemoter.elf.dir/Drivers/STM32F1xx_HAL_Driver/Src/stm32f1xx_hal_rcc.c.obj
 .text.HAL_RCC_OscConfig
                0x08002edc      0x410 CMakeFiles/MiniFlyRemoter.elf.dir/Drivers/STM32F1xx_HAL_Driver/Src/stm32f1xx_hal_rcc.c.obj
                0x08002edc                HAL_RCC_OscConfig
 .text.HAL_RCC_GetSysClockFreq
                0x080032ec       0x54 CMakeFiles/MiniFlyRemoter.elf.dir/Drivers/STM32F1xx_HAL_Driver/Src/stm32f1xx_hal_rcc.c.obj
                0x080032ec                HAL_RCC_GetSysClockFreq
 .text.HAL_RCC_ClockConfig
                0x08003340      0x16c CMakeFiles/MiniFlyRemoter.elf.dir/Drivers/STM32F1xx_HAL_Driver/Src/stm32f1xx_hal_rcc.c.obj
                0x08003340                HAL_RCC_ClockConfig
 .text.HAL_RCC_GetHCLKFreq
                0x080034ac        0xc CMakeFiles/MiniFlyRemoter.elf.dir/Drivers/STM32F1xx_HAL_Driver/Src/stm32f1xx_hal_rcc.c.obj
                0x080034ac                HAL_RCC_GetHCLKFreq
 .text.HAL_RCC_GetPCLK1Freq
                0x080034b8       0x20 CMakeFiles/MiniFlyRemoter.elf.dir/Drivers/STM32F1xx_HAL_Driver/Src/stm32f1xx_hal_rcc.c.obj
                0x080034b8                HAL_RCC_GetPCLK1Freq
 .text.HAL_RCC_GetClockConfig
                0x080034d8       0x3c CMakeFiles/MiniFlyRemoter.elf.dir/Drivers/STM32F1xx_HAL_Driver/Src/stm32f1xx_hal_rcc.c.obj
                0x080034d8                HAL_RCC_GetClockConfig
 .text.HAL_RCCEx_PeriphCLKConfig
                0x08003514      0x118 CMakeFiles/MiniFlyRemoter.elf.dir/Drivers/STM32F1xx_HAL_Driver/Src/stm32f1xx_hal_rcc_ex.c.obj
                0x08003514                HAL_RCCEx_PeriphCLKConfig
 .text.HAL_TIM_Base_MspInit
                0x0800362c        0x2 CMakeFiles/MiniFlyRemoter.elf.dir/Drivers/STM32F1xx_HAL_Driver/Src/stm32f1xx_hal_tim.c.obj
                0x0800362c                HAL_TIM_Base_MspInit
 *fill*         0x0800362e        0x2 
 .text.HAL_TIM_Base_Start_IT
                0x08003630       0x68 CMakeFiles/MiniFlyRemoter.elf.dir/Drivers/STM32F1xx_HAL_Driver/Src/stm32f1xx_hal_tim.c.obj
                0x08003630                HAL_TIM_Base_Start_IT
 .text.HAL_TIM_OC_DelayElapsedCallback
                0x08003698        0x2 CMakeFiles/MiniFlyRemoter.elf.dir/Drivers/STM32F1xx_HAL_Driver/Src/stm32f1xx_hal_tim.c.obj
                0x08003698                HAL_TIM_OC_DelayElapsedCallback
 .text.HAL_TIM_IC_CaptureCallback
                0x0800369a        0x2 CMakeFiles/MiniFlyRemoter.elf.dir/Drivers/STM32F1xx_HAL_Driver/Src/stm32f1xx_hal_tim.c.obj
                0x0800369a                HAL_TIM_IC_CaptureCallback
 .text.HAL_TIM_PWM_PulseFinishedCallback
                0x0800369c        0x2 CMakeFiles/MiniFlyRemoter.elf.dir/Drivers/STM32F1xx_HAL_Driver/Src/stm32f1xx_hal_tim.c.obj
                0x0800369c                HAL_TIM_PWM_PulseFinishedCallback
 .text.HAL_TIM_TriggerCallback
                0x0800369e        0x2 CMakeFiles/MiniFlyRemoter.elf.dir/Drivers/STM32F1xx_HAL_Driver/Src/stm32f1xx_hal_tim.c.obj
                0x0800369e                HAL_TIM_TriggerCallback
 .text.HAL_TIM_IRQHandler
                0x080036a0      0x15e CMakeFiles/MiniFlyRemoter.elf.dir/Drivers/STM32F1xx_HAL_Driver/Src/stm32f1xx_hal_tim.c.obj
                0x080036a0                HAL_TIM_IRQHandler
 *fill*         0x080037fe        0x2 
 .text.TIM_Base_SetConfig
                0x08003800       0x84 CMakeFiles/MiniFlyRemoter.elf.dir/Drivers/STM32F1xx_HAL_Driver/Src/stm32f1xx_hal_tim.c.obj
                0x08003800                TIM_Base_SetConfig
 .text.HAL_TIM_Base_Init
                0x08003884       0x58 CMakeFiles/MiniFlyRemoter.elf.dir/Drivers/STM32F1xx_HAL_Driver/Src/stm32f1xx_hal_tim.c.obj
                0x08003884                HAL_TIM_Base_Init
 .text.HAL_TIMEx_CommutCallback
                0x080038dc        0x2 CMakeFiles/MiniFlyRemoter.elf.dir/Drivers/STM32F1xx_HAL_Driver/Src/stm32f1xx_hal_tim_ex.c.obj
                0x080038dc                HAL_TIMEx_CommutCallback
 .text.HAL_TIMEx_BreakCallback
                0x080038de        0x2 CMakeFiles/MiniFlyRemoter.elf.dir/Drivers/STM32F1xx_HAL_Driver/Src/stm32f1xx_hal_tim_ex.c.obj
                0x080038de                HAL_TIMEx_BreakCallback
 .text.USB_CoreInit
                0x080038e0        0xe CMakeFiles/MiniFlyRemoter.elf.dir/Drivers/STM32F1xx_HAL_Driver/Src/stm32f1xx_ll_usb.c.obj
                0x080038e0                USB_CoreInit
 .text.USB_EnableGlobalInt
                0x080038ee       0x12 CMakeFiles/MiniFlyRemoter.elf.dir/Drivers/STM32F1xx_HAL_Driver/Src/stm32f1xx_ll_usb.c.obj
                0x080038ee                USB_EnableGlobalInt
 .text.USB_DisableGlobalInt
                0x08003900       0x14 CMakeFiles/MiniFlyRemoter.elf.dir/Drivers/STM32F1xx_HAL_Driver/Src/stm32f1xx_ll_usb.c.obj
                0x08003900                USB_DisableGlobalInt
 .text.USB_SetCurrentMode
                0x08003914        0x4 CMakeFiles/MiniFlyRemoter.elf.dir/Drivers/STM32F1xx_HAL_Driver/Src/stm32f1xx_ll_usb.c.obj
                0x08003914                USB_SetCurrentMode
 .text.USB_DevInit
                0x08003918       0x22 CMakeFiles/MiniFlyRemoter.elf.dir/Drivers/STM32F1xx_HAL_Driver/Src/stm32f1xx_ll_usb.c.obj
                0x08003918                USB_DevInit
 .text.USB_ActivateEndpoint
                0x0800393a      0x3ca CMakeFiles/MiniFlyRemoter.elf.dir/Drivers/STM32F1xx_HAL_Driver/Src/stm32f1xx_ll_usb.c.obj
                0x0800393a                USB_ActivateEndpoint
 .text.USB_DeactivateEndpoint
                0x08003d04      0x1d6 CMakeFiles/MiniFlyRemoter.elf.dir/Drivers/STM32F1xx_HAL_Driver/Src/stm32f1xx_ll_usb.c.obj
                0x08003d04                USB_DeactivateEndpoint
 .text.USB_EPSetStall
                0x08003eda       0x4a CMakeFiles/MiniFlyRemoter.elf.dir/Drivers/STM32F1xx_HAL_Driver/Src/stm32f1xx_ll_usb.c.obj
                0x08003eda                USB_EPSetStall
 .text.USB_EPClearStall
                0x08003f24       0xa2 CMakeFiles/MiniFlyRemoter.elf.dir/Drivers/STM32F1xx_HAL_Driver/Src/stm32f1xx_ll_usb.c.obj
                0x08003f24                USB_EPClearStall
 .text.USB_SetDevAddress
                0x08003fc6        0xc CMakeFiles/MiniFlyRemoter.elf.dir/Drivers/STM32F1xx_HAL_Driver/Src/stm32f1xx_ll_usb.c.obj
                0x08003fc6                USB_SetDevAddress
 .text.USB_DevConnect
                0x08003fd2        0x4 CMakeFiles/MiniFlyRemoter.elf.dir/Drivers/STM32F1xx_HAL_Driver/Src/stm32f1xx_ll_usb.c.obj
                0x08003fd2                USB_DevConnect
 .text.USB_DevDisconnect
                0x08003fd6        0x4 CMakeFiles/MiniFlyRemoter.elf.dir/Drivers/STM32F1xx_HAL_Driver/Src/stm32f1xx_ll_usb.c.obj
                0x08003fd6                USB_DevDisconnect
 .text.USB_ReadInterrupts
                0x08003fda        0x8 CMakeFiles/MiniFlyRemoter.elf.dir/Drivers/STM32F1xx_HAL_Driver/Src/stm32f1xx_ll_usb.c.obj
                0x08003fda                USB_ReadInterrupts
 .text.USB_EP0_OutStart
                0x08003fe2        0x4 CMakeFiles/MiniFlyRemoter.elf.dir/Drivers/STM32F1xx_HAL_Driver/Src/stm32f1xx_ll_usb.c.obj
                0x08003fe2                USB_EP0_OutStart
 .text.USB_WritePMA
                0x08003fe6       0x26 CMakeFiles/MiniFlyRemoter.elf.dir/Drivers/STM32F1xx_HAL_Driver/Src/stm32f1xx_ll_usb.c.obj
                0x08003fe6                USB_WritePMA
 .text.USB_EPStartXfer
                0x0800400c      0x7ce CMakeFiles/MiniFlyRemoter.elf.dir/Drivers/STM32F1xx_HAL_Driver/Src/stm32f1xx_ll_usb.c.obj
                0x0800400c                USB_EPStartXfer
 .text.USB_ReadPMA
                0x080047da       0x30 CMakeFiles/MiniFlyRemoter.elf.dir/Drivers/STM32F1xx_HAL_Driver/Src/stm32f1xx_ll_usb.c.obj
                0x080047da                USB_ReadPMA
 .text.USBD_CDC_EP0_RxReady
                0x0800480a       0x28 CMakeFiles/MiniFlyRemoter.elf.dir/Middlewares/ST/STM32_USB_Device_Library/Class/CDC/Src/usbd_cdc.c.obj
 *fill*         0x08004832        0x2 
 .text.USBD_CDC_GetFSCfgDesc
                0x08004834        0xc CMakeFiles/MiniFlyRemoter.elf.dir/Middlewares/ST/STM32_USB_Device_Library/Class/CDC/Src/usbd_cdc.c.obj
 .text.USBD_CDC_GetHSCfgDesc
                0x08004840        0xc CMakeFiles/MiniFlyRemoter.elf.dir/Middlewares/ST/STM32_USB_Device_Library/Class/CDC/Src/usbd_cdc.c.obj
 .text.USBD_CDC_GetOtherSpeedCfgDesc
                0x0800484c        0xc CMakeFiles/MiniFlyRemoter.elf.dir/Middlewares/ST/STM32_USB_Device_Library/Class/CDC/Src/usbd_cdc.c.obj
 .text.USBD_CDC_GetDeviceQualifierDescriptor
                0x08004858        0xc CMakeFiles/MiniFlyRemoter.elf.dir/Middlewares/ST/STM32_USB_Device_Library/Class/CDC/Src/usbd_cdc.c.obj
                0x08004858                USBD_CDC_GetDeviceQualifierDescriptor
 .text.USBD_CDC_DataOut
                0x08004864       0x2e CMakeFiles/MiniFlyRemoter.elf.dir/Middlewares/ST/STM32_USB_Device_Library/Class/CDC/Src/usbd_cdc.c.obj
 .text.USBD_CDC_DataIn
                0x08004892       0x4e CMakeFiles/MiniFlyRemoter.elf.dir/Middlewares/ST/STM32_USB_Device_Library/Class/CDC/Src/usbd_cdc.c.obj
 .text.USBD_CDC_Setup
                0x080048e0       0xd6 CMakeFiles/MiniFlyRemoter.elf.dir/Middlewares/ST/STM32_USB_Device_Library/Class/CDC/Src/usbd_cdc.c.obj
 .text.USBD_CDC_DeInit
                0x080049b6       0x42 CMakeFiles/MiniFlyRemoter.elf.dir/Middlewares/ST/STM32_USB_Device_Library/Class/CDC/Src/usbd_cdc.c.obj
 .text.USBD_CDC_Init
                0x080049f8       0xaa CMakeFiles/MiniFlyRemoter.elf.dir/Middlewares/ST/STM32_USB_Device_Library/Class/CDC/Src/usbd_cdc.c.obj
 .text.USBD_CDC_RegisterInterface
                0x08004aa2        0xe CMakeFiles/MiniFlyRemoter.elf.dir/Middlewares/ST/STM32_USB_Device_Library/Class/CDC/Src/usbd_cdc.c.obj
                0x08004aa2                USBD_CDC_RegisterInterface
 .text.USBD_CDC_SetTxBuffer
                0x08004ab0       0x10 CMakeFiles/MiniFlyRemoter.elf.dir/Middlewares/ST/STM32_USB_Device_Library/Class/CDC/Src/usbd_cdc.c.obj
                0x08004ab0                USBD_CDC_SetTxBuffer
 .text.USBD_CDC_SetRxBuffer
                0x08004ac0        0xc CMakeFiles/MiniFlyRemoter.elf.dir/Middlewares/ST/STM32_USB_Device_Library/Class/CDC/Src/usbd_cdc.c.obj
                0x08004ac0                USBD_CDC_SetRxBuffer
 .text.USBD_CDC_TransmitPacket
                0x08004acc       0x32 CMakeFiles/MiniFlyRemoter.elf.dir/Middlewares/ST/STM32_USB_Device_Library/Class/CDC/Src/usbd_cdc.c.obj
                0x08004acc                USBD_CDC_TransmitPacket
 .text.USBD_CDC_ReceivePacket
                0x08004afe       0x30 CMakeFiles/MiniFlyRemoter.elf.dir/Middlewares/ST/STM32_USB_Device_Library/Class/CDC/Src/usbd_cdc.c.obj
                0x08004afe                USBD_CDC_ReceivePacket
 .text.USBD_Init
                0x08004b2e       0x2e CMakeFiles/MiniFlyRemoter.elf.dir/Middlewares/ST/STM32_USB_Device_Library/Core/Src/usbd_core.c.obj
                0x08004b2e                USBD_Init
 .text.USBD_RegisterClass
                0x08004b5c        0xe CMakeFiles/MiniFlyRemoter.elf.dir/Middlewares/ST/STM32_USB_Device_Library/Core/Src/usbd_core.c.obj
                0x08004b5c                USBD_RegisterClass
 .text.USBD_Start
                0x08004b6a        0xa CMakeFiles/MiniFlyRemoter.elf.dir/Middlewares/ST/STM32_USB_Device_Library/Core/Src/usbd_core.c.obj
                0x08004b6a                USBD_Start
 .text.USBD_SetClassConfig
                0x08004b74       0x18 CMakeFiles/MiniFlyRemoter.elf.dir/Middlewares/ST/STM32_USB_Device_Library/Core/Src/usbd_core.c.obj
                0x08004b74                USBD_SetClassConfig
 .text.USBD_ClrClassConfig
                0x08004b8c        0xe CMakeFiles/MiniFlyRemoter.elf.dir/Middlewares/ST/STM32_USB_Device_Library/Core/Src/usbd_core.c.obj
                0x08004b8c                USBD_ClrClassConfig
 .text.USBD_LL_SetupStage
                0x08004b9a       0x5a CMakeFiles/MiniFlyRemoter.elf.dir/Middlewares/ST/STM32_USB_Device_Library/Core/Src/usbd_core.c.obj
                0x08004b9a                USBD_LL_SetupStage
 .text.USBD_LL_DataOutStage
                0x08004bf4       0x8c CMakeFiles/MiniFlyRemoter.elf.dir/Middlewares/ST/STM32_USB_Device_Library/Core/Src/usbd_core.c.obj
                0x08004bf4                USBD_LL_DataOutStage
 .text.USBD_LL_DataInStage
                0x08004c80       0xd0 CMakeFiles/MiniFlyRemoter.elf.dir/Middlewares/ST/STM32_USB_Device_Library/Core/Src/usbd_core.c.obj
                0x08004c80                USBD_LL_DataInStage
 .text.USBD_LL_Reset
                0x08004d50       0x50 CMakeFiles/MiniFlyRemoter.elf.dir/Middlewares/ST/STM32_USB_Device_Library/Core/Src/usbd_core.c.obj
                0x08004d50                USBD_LL_Reset
 .text.USBD_LL_SetSpeed
                0x08004da0        0x6 CMakeFiles/MiniFlyRemoter.elf.dir/Middlewares/ST/STM32_USB_Device_Library/Core/Src/usbd_core.c.obj
                0x08004da0                USBD_LL_SetSpeed
 .text.USBD_LL_Suspend
                0x08004da6       0x12 CMakeFiles/MiniFlyRemoter.elf.dir/Middlewares/ST/STM32_USB_Device_Library/Core/Src/usbd_core.c.obj
                0x08004da6                USBD_LL_Suspend
 .text.USBD_LL_Resume
                0x08004db8       0x16 CMakeFiles/MiniFlyRemoter.elf.dir/Middlewares/ST/STM32_USB_Device_Library/Core/Src/usbd_core.c.obj
                0x08004db8                USBD_LL_Resume
 .text.USBD_LL_SOF
                0x08004dce       0x1c CMakeFiles/MiniFlyRemoter.elf.dir/Middlewares/ST/STM32_USB_Device_Library/Core/Src/usbd_core.c.obj
                0x08004dce                USBD_LL_SOF
 .text.USBD_GetLen
                0x08004dea       0x14 CMakeFiles/MiniFlyRemoter.elf.dir/Middlewares/ST/STM32_USB_Device_Library/Core/Src/usbd_ctlreq.c.obj
 .text.USBD_SetFeature
                0x08004dfe       0x14 CMakeFiles/MiniFlyRemoter.elf.dir/Middlewares/ST/STM32_USB_Device_Library/Core/Src/usbd_ctlreq.c.obj
 .text.USBD_ParseSetupRequest
                0x08004e12       0x28 CMakeFiles/MiniFlyRemoter.elf.dir/Middlewares/ST/STM32_USB_Device_Library/Core/Src/usbd_ctlreq.c.obj
                0x08004e12                USBD_ParseSetupRequest
 .text.USBD_CtlError
                0x08004e3a       0x14 CMakeFiles/MiniFlyRemoter.elf.dir/Middlewares/ST/STM32_USB_Device_Library/Core/Src/usbd_ctlreq.c.obj
                0x08004e3a                USBD_CtlError
 .text.USBD_GetDescriptor
                0x08004e4e      0x186 CMakeFiles/MiniFlyRemoter.elf.dir/Middlewares/ST/STM32_USB_Device_Library/Core/Src/usbd_ctlreq.c.obj
 .text.USBD_SetAddress
                0x08004fd4       0x4e CMakeFiles/MiniFlyRemoter.elf.dir/Middlewares/ST/STM32_USB_Device_Library/Core/Src/usbd_ctlreq.c.obj
 *fill*         0x08005022        0x2 
 .text.USBD_SetConfig
                0x08005024       0xb0 CMakeFiles/MiniFlyRemoter.elf.dir/Middlewares/ST/STM32_USB_Device_Library/Core/Src/usbd_ctlreq.c.obj
 .text.USBD_GetConfig
                0x080050d4       0x3e CMakeFiles/MiniFlyRemoter.elf.dir/Middlewares/ST/STM32_USB_Device_Library/Core/Src/usbd_ctlreq.c.obj
 .text.USBD_GetStatus
                0x08005112       0x38 CMakeFiles/MiniFlyRemoter.elf.dir/Middlewares/ST/STM32_USB_Device_Library/Core/Src/usbd_ctlreq.c.obj
 .text.USBD_ClrFeature
                0x0800514a       0x26 CMakeFiles/MiniFlyRemoter.elf.dir/Middlewares/ST/STM32_USB_Device_Library/Core/Src/usbd_ctlreq.c.obj
 .text.USBD_StdDevReq
                0x08005170       0x68 CMakeFiles/MiniFlyRemoter.elf.dir/Middlewares/ST/STM32_USB_Device_Library/Core/Src/usbd_ctlreq.c.obj
                0x08005170                USBD_StdDevReq
 .text.USBD_StdItfReq
                0x080051d8       0x60 CMakeFiles/MiniFlyRemoter.elf.dir/Middlewares/ST/STM32_USB_Device_Library/Core/Src/usbd_ctlreq.c.obj
                0x080051d8                USBD_StdItfReq
 .text.USBD_StdEPReq
                0x08005238      0x1e2 CMakeFiles/MiniFlyRemoter.elf.dir/Middlewares/ST/STM32_USB_Device_Library/Core/Src/usbd_ctlreq.c.obj
                0x08005238                USBD_StdEPReq
 .text.USBD_GetString
                0x0800541a       0x3a CMakeFiles/MiniFlyRemoter.elf.dir/Middlewares/ST/STM32_USB_Device_Library/Core/Src/usbd_ctlreq.c.obj
                0x0800541a                USBD_GetString
 .text.USBD_CtlSendData
                0x08005454       0x1a CMakeFiles/MiniFlyRemoter.elf.dir/Middlewares/ST/STM32_USB_Device_Library/Core/Src/usbd_ioreq.c.obj
                0x08005454                USBD_CtlSendData
 .text.USBD_CtlContinueSendData
                0x0800546e       0x10 CMakeFiles/MiniFlyRemoter.elf.dir/Middlewares/ST/STM32_USB_Device_Library/Core/Src/usbd_ioreq.c.obj
                0x0800546e                USBD_CtlContinueSendData
 .text.USBD_CtlPrepareRx
                0x0800547e       0x1e CMakeFiles/MiniFlyRemoter.elf.dir/Middlewares/ST/STM32_USB_Device_Library/Core/Src/usbd_ioreq.c.obj
                0x0800547e                USBD_CtlPrepareRx
 .text.USBD_CtlContinueRx
                0x0800549c       0x10 CMakeFiles/MiniFlyRemoter.elf.dir/Middlewares/ST/STM32_USB_Device_Library/Core/Src/usbd_ioreq.c.obj
                0x0800549c                USBD_CtlContinueRx
 .text.USBD_CtlSendStatus
                0x080054ac       0x16 CMakeFiles/MiniFlyRemoter.elf.dir/Middlewares/ST/STM32_USB_Device_Library/Core/Src/usbd_ioreq.c.obj
                0x080054ac                USBD_CtlSendStatus
 .text.USBD_CtlReceiveStatus
                0x080054c2       0x16 CMakeFiles/MiniFlyRemoter.elf.dir/Middlewares/ST/STM32_USB_Device_Library/Core/Src/usbd_ioreq.c.obj
                0x080054c2                USBD_CtlReceiveStatus
 .text.makeFreeRtosPriority
                0x080054d8        0xc CMakeFiles/MiniFlyRemoter.elf.dir/Middlewares/Third_Party/FreeRTOS/Source/CMSIS_RTOS/cmsis_os.c.obj
 .text.osKernelStart
                0x080054e4        0xa CMakeFiles/MiniFlyRemoter.elf.dir/Middlewares/Third_Party/FreeRTOS/Source/CMSIS_RTOS/cmsis_os.c.obj
                0x080054e4                osKernelStart
 .text.osThreadCreate
                0x080054ee       0x66 CMakeFiles/MiniFlyRemoter.elf.dir/Middlewares/Third_Party/FreeRTOS/Source/CMSIS_RTOS/cmsis_os.c.obj
                0x080054ee                osThreadCreate
 .text.osDelay  0x08005554        0xe CMakeFiles/MiniFlyRemoter.elf.dir/Middlewares/Third_Party/FreeRTOS/Source/CMSIS_RTOS/cmsis_os.c.obj
                0x08005554                osDelay
 .text.vListInitialise
                0x08005562       0x16 CMakeFiles/MiniFlyRemoter.elf.dir/Middlewares/Third_Party/FreeRTOS/Source/list.c.obj
                0x08005562                vListInitialise
 .text.vListInitialiseItem
                0x08005578        0x6 CMakeFiles/MiniFlyRemoter.elf.dir/Middlewares/Third_Party/FreeRTOS/Source/list.c.obj
                0x08005578                vListInitialiseItem
 .text.vListInsertEnd
                0x0800557e       0x16 CMakeFiles/MiniFlyRemoter.elf.dir/Middlewares/Third_Party/FreeRTOS/Source/list.c.obj
                0x0800557e                vListInsertEnd
 .text.vListInsert
                0x08005594       0x32 CMakeFiles/MiniFlyRemoter.elf.dir/Middlewares/Third_Party/FreeRTOS/Source/list.c.obj
                0x08005594                vListInsert
 .text.uxListRemove
                0x080055c6       0x26 CMakeFiles/MiniFlyRemoter.elf.dir/Middlewares/Third_Party/FreeRTOS/Source/list.c.obj
                0x080055c6                uxListRemove
 .text.prvTaskExitError
                0x080055ec       0x40 CMakeFiles/MiniFlyRemoter.elf.dir/Middlewares/Third_Party/FreeRTOS/Source/portable/GCC/ARM_CM3/port.c.obj
 .text.prvPortStartFirstTask
                0x0800562c       0x20 CMakeFiles/MiniFlyRemoter.elf.dir/Middlewares/Third_Party/FreeRTOS/Source/portable/GCC/ARM_CM3/port.c.obj
 .text.pxPortInitialiseStack
                0x0800564c       0x24 CMakeFiles/MiniFlyRemoter.elf.dir/Middlewares/Third_Party/FreeRTOS/Source/portable/GCC/ARM_CM3/port.c.obj
                0x0800564c                pxPortInitialiseStack
 .text.SVC_Handler
                0x08005670       0x24 CMakeFiles/MiniFlyRemoter.elf.dir/Middlewares/Third_Party/FreeRTOS/Source/portable/GCC/ARM_CM3/port.c.obj
                0x08005670                SVC_Handler
 .text.vPortEnterCritical
                0x08005694       0x44 CMakeFiles/MiniFlyRemoter.elf.dir/Middlewares/Third_Party/FreeRTOS/Source/portable/GCC/ARM_CM3/port.c.obj
                0x08005694                vPortEnterCritical
 .text.vPortExitCritical
                0x080056d8       0x2c CMakeFiles/MiniFlyRemoter.elf.dir/Middlewares/Third_Party/FreeRTOS/Source/portable/GCC/ARM_CM3/port.c.obj
                0x080056d8                vPortExitCritical
 *fill*         0x08005704        0xc 
 .text.PendSV_Handler
                0x08005710       0x44 CMakeFiles/MiniFlyRemoter.elf.dir/Middlewares/Third_Party/FreeRTOS/Source/portable/GCC/ARM_CM3/port.c.obj
                0x08005710                PendSV_Handler
 .text.SysTick_Handler
                0x08005754       0x2c CMakeFiles/MiniFlyRemoter.elf.dir/Middlewares/Third_Party/FreeRTOS/Source/portable/GCC/ARM_CM3/port.c.obj
                0x08005754                SysTick_Handler
 .text.vPortSetupTimerInterrupt
                0x08005780       0x28 CMakeFiles/MiniFlyRemoter.elf.dir/Middlewares/Third_Party/FreeRTOS/Source/portable/GCC/ARM_CM3/port.c.obj
                0x08005780                vPortSetupTimerInterrupt
 .text.xPortStartScheduler
                0x080057a8       0xc0 CMakeFiles/MiniFlyRemoter.elf.dir/Middlewares/Third_Party/FreeRTOS/Source/portable/GCC/ARM_CM3/port.c.obj
                0x080057a8                xPortStartScheduler
 .text.prvHeapInit
                0x08005868       0x64 CMakeFiles/MiniFlyRemoter.elf.dir/Middlewares/Third_Party/FreeRTOS/Source/portable/MemMang/heap_4.c.obj
 .text.prvInsertBlockIntoFreeList
                0x080058cc       0x60 CMakeFiles/MiniFlyRemoter.elf.dir/Middlewares/Third_Party/FreeRTOS/Source/portable/MemMang/heap_4.c.obj
 .text.pvPortMalloc
                0x0800592c      0x104 CMakeFiles/MiniFlyRemoter.elf.dir/Middlewares/Third_Party/FreeRTOS/Source/portable/MemMang/heap_4.c.obj
                0x0800592c                pvPortMalloc
 .text.vPortFree
                0x08005a30       0x7c CMakeFiles/MiniFlyRemoter.elf.dir/Middlewares/Third_Party/FreeRTOS/Source/portable/MemMang/heap_4.c.obj
                0x08005a30                vPortFree
 .text.prvResetNextTaskUnblockTime
                0x08005aac       0x2c CMakeFiles/MiniFlyRemoter.elf.dir/Middlewares/Third_Party/FreeRTOS/Source/tasks.c.obj
 .text.prvInitialiseNewTask
                0x08005ad8       0x9c CMakeFiles/MiniFlyRemoter.elf.dir/Middlewares/Third_Party/FreeRTOS/Source/tasks.c.obj
 .text.prvInitialiseTaskLists
                0x08005b74       0x68 CMakeFiles/MiniFlyRemoter.elf.dir/Middlewares/Third_Party/FreeRTOS/Source/tasks.c.obj
 .text.prvAddNewTaskToReadyList
                0x08005bdc       0xa8 CMakeFiles/MiniFlyRemoter.elf.dir/Middlewares/Third_Party/FreeRTOS/Source/tasks.c.obj
 .text.prvDeleteTCB
                0x08005c84       0x38 CMakeFiles/MiniFlyRemoter.elf.dir/Middlewares/Third_Party/FreeRTOS/Source/tasks.c.obj
 .text.prvCheckTasksWaitingTermination
                0x08005cbc       0x4c CMakeFiles/MiniFlyRemoter.elf.dir/Middlewares/Third_Party/FreeRTOS/Source/tasks.c.obj
 .text.prvIdleTask
                0x08005d08       0x28 CMakeFiles/MiniFlyRemoter.elf.dir/Middlewares/Third_Party/FreeRTOS/Source/tasks.c.obj
 .text.prvAddCurrentTaskToDelayedList
                0x08005d30       0x98 CMakeFiles/MiniFlyRemoter.elf.dir/Middlewares/Third_Party/FreeRTOS/Source/tasks.c.obj
 .text.xTaskCreateStatic
                0x08005dc8       0x76 CMakeFiles/MiniFlyRemoter.elf.dir/Middlewares/Third_Party/FreeRTOS/Source/tasks.c.obj
                0x08005dc8                xTaskCreateStatic
 .text.xTaskCreate
                0x08005e3e       0x64 CMakeFiles/MiniFlyRemoter.elf.dir/Middlewares/Third_Party/FreeRTOS/Source/tasks.c.obj
                0x08005e3e                xTaskCreate
 *fill*         0x08005ea2        0x2 
 .text.vTaskStartScheduler
                0x08005ea4       0x74 CMakeFiles/MiniFlyRemoter.elf.dir/Middlewares/Third_Party/FreeRTOS/Source/tasks.c.obj
                0x08005ea4                vTaskStartScheduler
 .text.vTaskSuspendAll
                0x08005f18       0x10 CMakeFiles/MiniFlyRemoter.elf.dir/Middlewares/Third_Party/FreeRTOS/Source/tasks.c.obj
                0x08005f18                vTaskSuspendAll
 .text.xTaskIncrementTick
                0x08005f28      0x118 CMakeFiles/MiniFlyRemoter.elf.dir/Middlewares/Third_Party/FreeRTOS/Source/tasks.c.obj
                0x08005f28                xTaskIncrementTick
 .text.xTaskResumeAll
                0x08006040       0xf8 CMakeFiles/MiniFlyRemoter.elf.dir/Middlewares/Third_Party/FreeRTOS/Source/tasks.c.obj
                0x08006040                xTaskResumeAll
 .text.vTaskDelay
                0x08006138       0x4c CMakeFiles/MiniFlyRemoter.elf.dir/Middlewares/Third_Party/FreeRTOS/Source/tasks.c.obj
                0x08006138                vTaskDelay
 .text.vTaskSwitchContext
                0x08006184       0x98 CMakeFiles/MiniFlyRemoter.elf.dir/Middlewares/Third_Party/FreeRTOS/Source/tasks.c.obj
                0x08006184                vTaskSwitchContext
 .text.MX_USB_DEVICE_Init
                0x0800621c       0x54 CMakeFiles/MiniFlyRemoter.elf.dir/USB_DEVICE/App/usb_device.c.obj
                0x0800621c                MX_USB_DEVICE_Init
 .text.CDC_DeInit_FS
                0x08006270        0x4 CMakeFiles/MiniFlyRemoter.elf.dir/USB_DEVICE/App/usbd_cdc_if.c.obj
 .text.CDC_Control_FS
                0x08006274        0x4 CMakeFiles/MiniFlyRemoter.elf.dir/USB_DEVICE/App/usbd_cdc_if.c.obj
 .text.CDC_Receive_FS
                0x08006278       0x1c CMakeFiles/MiniFlyRemoter.elf.dir/USB_DEVICE/App/usbd_cdc_if.c.obj
 .text.CDC_Init_FS
                0x08006294       0x28 CMakeFiles/MiniFlyRemoter.elf.dir/USB_DEVICE/App/usbd_cdc_if.c.obj
 .text.CDC_Transmit_FS
                0x080062bc       0x2c CMakeFiles/MiniFlyRemoter.elf.dir/USB_DEVICE/App/usbd_cdc_if.c.obj
                0x080062bc                CDC_Transmit_FS
 .text.USBD_FS_DeviceDescriptor
                0x080062e8        0xc CMakeFiles/MiniFlyRemoter.elf.dir/USB_DEVICE/App/usbd_desc.c.obj
                0x080062e8                USBD_FS_DeviceDescriptor
 .text.USBD_FS_LangIDStrDescriptor
                0x080062f4        0xc CMakeFiles/MiniFlyRemoter.elf.dir/USB_DEVICE/App/usbd_desc.c.obj
                0x080062f4                USBD_FS_LangIDStrDescriptor
 .text.IntToUnicode
                0x08006300       0x46 CMakeFiles/MiniFlyRemoter.elf.dir/USB_DEVICE/App/usbd_desc.c.obj
 *fill*         0x08006346        0x2 
 .text.Get_SerialNum
                0x08006348       0x38 CMakeFiles/MiniFlyRemoter.elf.dir/USB_DEVICE/App/usbd_desc.c.obj
 .text.USBD_FS_SerialStrDescriptor
                0x08006380       0x14 CMakeFiles/MiniFlyRemoter.elf.dir/USB_DEVICE/App/usbd_desc.c.obj
                0x08006380                USBD_FS_SerialStrDescriptor
 .text.USBD_FS_ProductStrDescriptor
                0x08006394       0x24 CMakeFiles/MiniFlyRemoter.elf.dir/USB_DEVICE/App/usbd_desc.c.obj
                0x08006394                USBD_FS_ProductStrDescriptor
 .text.USBD_FS_ManufacturerStrDescriptor
                0x080063b8       0x1c CMakeFiles/MiniFlyRemoter.elf.dir/USB_DEVICE/App/usbd_desc.c.obj
                0x080063b8                USBD_FS_ManufacturerStrDescriptor
 .text.USBD_FS_ConfigStrDescriptor
                0x080063d4       0x24 CMakeFiles/MiniFlyRemoter.elf.dir/USB_DEVICE/App/usbd_desc.c.obj
                0x080063d4                USBD_FS_ConfigStrDescriptor
 .text.USBD_FS_InterfaceStrDescriptor
                0x080063f8       0x24 CMakeFiles/MiniFlyRemoter.elf.dir/USB_DEVICE/App/usbd_desc.c.obj
                0x080063f8                USBD_FS_InterfaceStrDescriptor
 .text.USBD_Get_USB_Status
                0x0800641c       0x14 CMakeFiles/MiniFlyRemoter.elf.dir/USB_DEVICE/Target/usbd_conf.c.obj
 .text.HAL_PCD_MspInit
                0x08006430       0x50 CMakeFiles/MiniFlyRemoter.elf.dir/USB_DEVICE/Target/usbd_conf.c.obj
                0x08006430                HAL_PCD_MspInit
 .text.HAL_PCD_SetupStageCallback
                0x08006480       0x10 CMakeFiles/MiniFlyRemoter.elf.dir/USB_DEVICE/Target/usbd_conf.c.obj
                0x08006480                HAL_PCD_SetupStageCallback
 .text.HAL_PCD_DataOutStageCallback
                0x08006490       0x18 CMakeFiles/MiniFlyRemoter.elf.dir/USB_DEVICE/Target/usbd_conf.c.obj
                0x08006490                HAL_PCD_DataOutStageCallback
 .text.HAL_PCD_DataInStageCallback
                0x080064a8       0x16 CMakeFiles/MiniFlyRemoter.elf.dir/USB_DEVICE/Target/usbd_conf.c.obj
                0x080064a8                HAL_PCD_DataInStageCallback
 .text.HAL_PCD_SOFCallback
                0x080064be        0xc CMakeFiles/MiniFlyRemoter.elf.dir/USB_DEVICE/Target/usbd_conf.c.obj
                0x080064be                HAL_PCD_SOFCallback
 .text.HAL_PCD_ResetCallback
                0x080064ca       0x24 CMakeFiles/MiniFlyRemoter.elf.dir/USB_DEVICE/Target/usbd_conf.c.obj
                0x080064ca                HAL_PCD_ResetCallback
 *fill*         0x080064ee        0x2 
 .text.HAL_PCD_SuspendCallback
                0x080064f0       0x20 CMakeFiles/MiniFlyRemoter.elf.dir/USB_DEVICE/Target/usbd_conf.c.obj
                0x080064f0                HAL_PCD_SuspendCallback
 .text.HAL_PCD_ResumeCallback
                0x08006510        0xc CMakeFiles/MiniFlyRemoter.elf.dir/USB_DEVICE/Target/usbd_conf.c.obj
                0x08006510                HAL_PCD_ResumeCallback
 .text.USBD_LL_Init
                0x0800651c       0x84 CMakeFiles/MiniFlyRemoter.elf.dir/USB_DEVICE/Target/usbd_conf.c.obj
                0x0800651c                USBD_LL_Init
 .text.USBD_LL_Start
                0x080065a0       0x10 CMakeFiles/MiniFlyRemoter.elf.dir/USB_DEVICE/Target/usbd_conf.c.obj
                0x080065a0                USBD_LL_Start
 .text.USBD_LL_OpenEP
                0x080065b0       0x16 CMakeFiles/MiniFlyRemoter.elf.dir/USB_DEVICE/Target/usbd_conf.c.obj
                0x080065b0                USBD_LL_OpenEP
 .text.USBD_LL_CloseEP
                0x080065c6       0x10 CMakeFiles/MiniFlyRemoter.elf.dir/USB_DEVICE/Target/usbd_conf.c.obj
                0x080065c6                USBD_LL_CloseEP
 .text.USBD_LL_StallEP
                0x080065d6       0x10 CMakeFiles/MiniFlyRemoter.elf.dir/USB_DEVICE/Target/usbd_conf.c.obj
                0x080065d6                USBD_LL_StallEP
 .text.USBD_LL_ClearStallEP
                0x080065e6       0x10 CMakeFiles/MiniFlyRemoter.elf.dir/USB_DEVICE/Target/usbd_conf.c.obj
                0x080065e6                USBD_LL_ClearStallEP
 .text.USBD_LL_IsStallEP
                0x080065f6       0x2c CMakeFiles/MiniFlyRemoter.elf.dir/USB_DEVICE/Target/usbd_conf.c.obj
                0x080065f6                USBD_LL_IsStallEP
 .text.USBD_LL_SetUSBAddress
                0x08006622       0x10 CMakeFiles/MiniFlyRemoter.elf.dir/USB_DEVICE/Target/usbd_conf.c.obj
                0x08006622                USBD_LL_SetUSBAddress
 .text.USBD_LL_Transmit
                0x08006632       0x10 CMakeFiles/MiniFlyRemoter.elf.dir/USB_DEVICE/Target/usbd_conf.c.obj
                0x08006632                USBD_LL_Transmit
 .text.USBD_LL_PrepareReceive
                0x08006642       0x10 CMakeFiles/MiniFlyRemoter.elf.dir/USB_DEVICE/Target/usbd_conf.c.obj
                0x08006642                USBD_LL_PrepareReceive
 .text.USBD_LL_GetRxDataSize
                0x08006652        0xc CMakeFiles/MiniFlyRemoter.elf.dir/USB_DEVICE/Target/usbd_conf.c.obj
                0x08006652                USBD_LL_GetRxDataSize
 *fill*         0x0800665e        0x2 
 .text.USBD_static_malloc
                0x08006660        0x8 CMakeFiles/MiniFlyRemoter.elf.dir/USB_DEVICE/Target/usbd_conf.c.obj
                0x08006660                USBD_static_malloc
 .text.USBD_static_free
                0x08006668        0x2 CMakeFiles/MiniFlyRemoter.elf.dir/USB_DEVICE/Target/usbd_conf.c.obj
                0x08006668                USBD_static_free
 .text.HAL_PCDEx_SetConnectionState
                0x0800666a        0x2 CMakeFiles/MiniFlyRemoter.elf.dir/USB_DEVICE/Target/usbd_conf.c.obj
                0x0800666a                HAL_PCDEx_SetConnectionState
 .text.snprintf
                0x0800666c       0x8c /Applications/ArmGNUToolchain/13.3.rel1/arm-none-eabi/bin/../lib/gcc/arm-none-eabi/13.3.1/../../../../arm-none-eabi/lib/thumb/v7-m/nofp/libg.a(libc_a-snprintf.o)
                0x0800666c                snprintf
 .text.stdio_exit_handler
                0x080066f8       0x18 /Applications/ArmGNUToolchain/13.3.rel1/arm-none-eabi/bin/../lib/gcc/arm-none-eabi/13.3.1/../../../../arm-none-eabi/lib/thumb/v7-m/nofp/libg.a(libc_a-findfp.o)
 .text.cleanup_stdio
                0x08006710       0x40 /Applications/ArmGNUToolchain/13.3.rel1/arm-none-eabi/bin/../lib/gcc/arm-none-eabi/13.3.1/../../../../arm-none-eabi/lib/thumb/v7-m/nofp/libg.a(libc_a-findfp.o)
 .text.global_stdio_init.part.0
                0x08006750       0xf0 /Applications/ArmGNUToolchain/13.3.rel1/arm-none-eabi/bin/../lib/gcc/arm-none-eabi/13.3.1/../../../../arm-none-eabi/lib/thumb/v7-m/nofp/libg.a(libc_a-findfp.o)
 .text.__sinit  0x08006840       0x3c /Applications/ArmGNUToolchain/13.3.rel1/arm-none-eabi/bin/../lib/gcc/arm-none-eabi/13.3.1/../../../../arm-none-eabi/lib/thumb/v7-m/nofp/libg.a(libc_a-findfp.o)
                0x08006840                __sinit
 .text.__sfp_lock_acquire
                0x0800687c        0xc /Applications/ArmGNUToolchain/13.3.rel1/arm-none-eabi/bin/../lib/gcc/arm-none-eabi/13.3.1/../../../../arm-none-eabi/lib/thumb/v7-m/nofp/libg.a(libc_a-findfp.o)
                0x0800687c                __sfp_lock_acquire
 .text.__sfp_lock_release
                0x08006888        0xc /Applications/ArmGNUToolchain/13.3.rel1/arm-none-eabi/bin/../lib/gcc/arm-none-eabi/13.3.1/../../../../arm-none-eabi/lib/thumb/v7-m/nofp/libg.a(libc_a-findfp.o)
                0x08006888                __sfp_lock_release
 .text.memset   0x08006894       0xa0 /Applications/ArmGNUToolchain/13.3.rel1/arm-none-eabi/bin/../lib/gcc/arm-none-eabi/13.3.1/../../../../arm-none-eabi/lib/thumb/v7-m/nofp/libg.a(libc_a-memset.o)
                0x08006894                memset
 .text.__errno  0x08006934        0xc /Applications/ArmGNUToolchain/13.3.rel1/arm-none-eabi/bin/../lib/gcc/arm-none-eabi/13.3.1/../../../../arm-none-eabi/lib/thumb/v7-m/nofp/libg.a(libc_a-errno.o)
                0x08006934                __errno
 .text.__libc_init_array
                0x08006940       0x50 /Applications/ArmGNUToolchain/13.3.rel1/arm-none-eabi/bin/../lib/gcc/arm-none-eabi/13.3.1/../../../../arm-none-eabi/lib/thumb/v7-m/nofp/libg.a(libc_a-init.o)
                0x08006940                __libc_init_array
 .text.__retarget_lock_init_recursive
                0x08006990        0x4 /Applications/ArmGNUToolchain/13.3.rel1/arm-none-eabi/bin/../lib/gcc/arm-none-eabi/13.3.1/../../../../arm-none-eabi/lib/thumb/v7-m/nofp/libg.a(libc_a-lock.o)
                0x08006990                __retarget_lock_init_recursive
 .text.__retarget_lock_close_recursive
                0x08006994        0x4 /Applications/ArmGNUToolchain/13.3.rel1/arm-none-eabi/bin/../lib/gcc/arm-none-eabi/13.3.1/../../../../arm-none-eabi/lib/thumb/v7-m/nofp/libg.a(libc_a-lock.o)
                0x08006994                __retarget_lock_close_recursive
 .text.__retarget_lock_acquire_recursive
                0x08006998        0x4 /Applications/ArmGNUToolchain/13.3.rel1/arm-none-eabi/bin/../lib/gcc/arm-none-eabi/13.3.1/../../../../arm-none-eabi/lib/thumb/v7-m/nofp/libg.a(libc_a-lock.o)
                0x08006998                __retarget_lock_acquire_recursive
 .text.__retarget_lock_release_recursive
                0x0800699c        0x4 /Applications/ArmGNUToolchain/13.3.rel1/arm-none-eabi/bin/../lib/gcc/arm-none-eabi/13.3.1/../../../../arm-none-eabi/lib/thumb/v7-m/nofp/libg.a(libc_a-lock.o)
                0x0800699c                __retarget_lock_release_recursive
 .text.strlen   0x080069a0       0x5c /Applications/ArmGNUToolchain/13.3.rel1/arm-none-eabi/bin/../lib/gcc/arm-none-eabi/13.3.1/../../../../arm-none-eabi/lib/thumb/v7-m/nofp/libg.a(libc_a-strlen-stub.o)
                0x080069a0                strlen
 .text.startup.register_fini
                0x080069fc       0x14 /Applications/ArmGNUToolchain/13.3.rel1/arm-none-eabi/bin/../lib/gcc/arm-none-eabi/13.3.1/../../../../arm-none-eabi/lib/thumb/v7-m/nofp/libg.a(libc_a-__call_atexit.o)
 .text.atexit   0x08006a10        0xc /Applications/ArmGNUToolchain/13.3.rel1/arm-none-eabi/bin/../lib/gcc/arm-none-eabi/13.3.1/../../../../arm-none-eabi/lib/thumb/v7-m/nofp/libg.a(libc_a-atexit.o)
                0x08006a10                atexit
 .text._malloc_r
                0x08006a1c      0x568 /Applications/ArmGNUToolchain/13.3.rel1/arm-none-eabi/bin/../lib/gcc/arm-none-eabi/13.3.1/../../../../arm-none-eabi/lib/thumb/v7-m/nofp/libg.a(libc_a-mallocr.o)
                0x08006a1c                _malloc_r
 .text._svfprintf_r
                0x08006f84     0x1b2c /Applications/ArmGNUToolchain/13.3.rel1/arm-none-eabi/bin/../lib/gcc/arm-none-eabi/13.3.1/../../../../arm-none-eabi/lib/thumb/v7-m/nofp/libg.a(libc_a-svfprintf.o)
                0x08006f84                _svfprintf_r
 .text.__malloc_lock
                0x08008ab0        0xc /Applications/ArmGNUToolchain/13.3.rel1/arm-none-eabi/bin/../lib/gcc/arm-none-eabi/13.3.1/../../../../arm-none-eabi/lib/thumb/v7-m/nofp/libg.a(libc_a-mlock.o)
                0x08008ab0                __malloc_lock
 .text.__malloc_unlock
                0x08008abc        0xc /Applications/ArmGNUToolchain/13.3.rel1/arm-none-eabi/bin/../lib/gcc/arm-none-eabi/13.3.1/../../../../arm-none-eabi/lib/thumb/v7-m/nofp/libg.a(libc_a-mlock.o)
                0x08008abc                __malloc_unlock
 .text._fwalk_sglue
                0x08008ac8       0x44 /Applications/ArmGNUToolchain/13.3.rel1/arm-none-eabi/bin/../lib/gcc/arm-none-eabi/13.3.1/../../../../arm-none-eabi/lib/thumb/v7-m/nofp/libg.a(libc_a-fwalk.o)
                0x08008ac8                _fwalk_sglue
 .text.__ssprint_r
                0x08008b0c       0x58 /Applications/ArmGNUToolchain/13.3.rel1/arm-none-eabi/bin/../lib/gcc/arm-none-eabi/13.3.1/../../../../arm-none-eabi/lib/thumb/v7-m/nofp/libg.a(libc_a-ssprint_r.o)
                0x08008b0c                __ssprint_r
 .text._fclose_r
                0x08008b64       0xc0 /Applications/ArmGNUToolchain/13.3.rel1/arm-none-eabi/bin/../lib/gcc/arm-none-eabi/13.3.1/../../../../arm-none-eabi/lib/thumb/v7-m/nofp/libg.a(libc_a-fclose.o)
                0x08008b64                _fclose_r
 .text.__sflush_r
                0x08008c24      0x128 /Applications/ArmGNUToolchain/13.3.rel1/arm-none-eabi/bin/../lib/gcc/arm-none-eabi/13.3.1/../../../../arm-none-eabi/lib/thumb/v7-m/nofp/libg.a(libc_a-fflush.o)
                0x08008c24                __sflush_r
 .text._fflush_r
                0x08008d4c       0x54 /Applications/ArmGNUToolchain/13.3.rel1/arm-none-eabi/bin/../lib/gcc/arm-none-eabi/13.3.1/../../../../arm-none-eabi/lib/thumb/v7-m/nofp/libg.a(libc_a-fflush.o)
                0x08008d4c                _fflush_r
 .text.__sread  0x08008da0       0x24 /Applications/ArmGNUToolchain/13.3.rel1/arm-none-eabi/bin/../lib/gcc/arm-none-eabi/13.3.1/../../../../arm-none-eabi/lib/thumb/v7-m/nofp/libg.a(libc_a-stdio.o)
                0x08008da0                __sread
 .text.__swrite
                0x08008dc4       0x40 /Applications/ArmGNUToolchain/13.3.rel1/arm-none-eabi/bin/../lib/gcc/arm-none-eabi/13.3.1/../../../../arm-none-eabi/lib/thumb/v7-m/nofp/libg.a(libc_a-stdio.o)
                0x08008dc4                __swrite
 .text.__sseek  0x08008e04       0x24 /Applications/ArmGNUToolchain/13.3.rel1/arm-none-eabi/bin/../lib/gcc/arm-none-eabi/13.3.1/../../../../arm-none-eabi/lib/thumb/v7-m/nofp/libg.a(libc_a-stdio.o)
                0x08008e04                __sseek
 .text.__sclose
                0x08008e28        0x8 /Applications/ArmGNUToolchain/13.3.rel1/arm-none-eabi/bin/../lib/gcc/arm-none-eabi/13.3.1/../../../../arm-none-eabi/lib/thumb/v7-m/nofp/libg.a(libc_a-stdio.o)
                0x08008e28                __sclose
 .text.strncpy  0x08008e30       0x6c /Applications/ArmGNUToolchain/13.3.rel1/arm-none-eabi/bin/../lib/gcc/arm-none-eabi/13.3.1/../../../../arm-none-eabi/lib/thumb/v7-m/nofp/libg.a(libc_a-strncpy.o)
                0x08008e30                strncpy
 .text.__locale_mb_cur_max
                0x08008e9c        0xc /Applications/ArmGNUToolchain/13.3.rel1/arm-none-eabi/bin/../lib/gcc/arm-none-eabi/13.3.1/../../../../arm-none-eabi/lib/thumb/v7-m/nofp/libg.a(libc_a-locale.o)
                0x08008e9c                __locale_mb_cur_max
 .text._localeconv_r
                0x08008ea8        0x8 /Applications/ArmGNUToolchain/13.3.rel1/arm-none-eabi/bin/../lib/gcc/arm-none-eabi/13.3.1/../../../../arm-none-eabi/lib/thumb/v7-m/nofp/libg.a(libc_a-localeconv.o)
                0x08008ea8                _localeconv_r
 .text._close_r
                0x08008eb0       0x24 /Applications/ArmGNUToolchain/13.3.rel1/arm-none-eabi/bin/../lib/gcc/arm-none-eabi/13.3.1/../../../../arm-none-eabi/lib/thumb/v7-m/nofp/libg.a(libc_a-closer.o)
                0x08008eb0                _close_r
 .text._lseek_r
                0x08008ed4       0x2c /Applications/ArmGNUToolchain/13.3.rel1/arm-none-eabi/bin/../lib/gcc/arm-none-eabi/13.3.1/../../../../arm-none-eabi/lib/thumb/v7-m/nofp/libg.a(libc_a-lseekr.o)
                0x08008ed4                _lseek_r
 .text._read_r  0x08008f00       0x2c /Applications/ArmGNUToolchain/13.3.rel1/arm-none-eabi/bin/../lib/gcc/arm-none-eabi/13.3.1/../../../../arm-none-eabi/lib/thumb/v7-m/nofp/libg.a(libc_a-readr.o)
                0x08008f00                _read_r
 .text._sbrk_r  0x08008f2c       0x24 /Applications/ArmGNUToolchain/13.3.rel1/arm-none-eabi/bin/../lib/gcc/arm-none-eabi/13.3.1/../../../../arm-none-eabi/lib/thumb/v7-m/nofp/libg.a(libc_a-sbrkr.o)
                0x08008f2c                _sbrk_r
 .text._write_r
                0x08008f50       0x2c /Applications/ArmGNUToolchain/13.3.rel1/arm-none-eabi/bin/../lib/gcc/arm-none-eabi/13.3.1/../../../../arm-none-eabi/lib/thumb/v7-m/nofp/libg.a(libc_a-writer.o)
                0x08008f50                _write_r
 .text.sysconf  0x08008f7c       0x1c /Applications/ArmGNUToolchain/13.3.rel1/arm-none-eabi/bin/../lib/gcc/arm-none-eabi/13.3.1/../../../../arm-none-eabi/lib/thumb/v7-m/nofp/libg.a(libc_a-sysconf.o)
                0x08008f7c                sysconf
 .text.__libc_fini_array
                0x08008f98       0x28 /Applications/ArmGNUToolchain/13.3.rel1/arm-none-eabi/bin/../lib/gcc/arm-none-eabi/13.3.1/../../../../arm-none-eabi/lib/thumb/v7-m/nofp/libg.a(libc_a-fini.o)
                0x08008f98                __libc_fini_array
 .text.memchr   0x08008fc0       0x98 /Applications/ArmGNUToolchain/13.3.rel1/arm-none-eabi/bin/../lib/gcc/arm-none-eabi/13.3.1/../../../../arm-none-eabi/lib/thumb/v7-m/nofp/libg.a(libc_a-memchr-stub.o)
                0x08008fc0                memchr
 .text._wcrtomb_r
                0x08009058       0x4c /Applications/ArmGNUToolchain/13.3.rel1/arm-none-eabi/bin/../lib/gcc/arm-none-eabi/13.3.1/../../../../arm-none-eabi/lib/thumb/v7-m/nofp/libg.a(libc_a-wcrtomb.o)
                0x08009058                _wcrtomb_r
 .text._wcsrtombs_r
                0x080090a4       0x18 /Applications/ArmGNUToolchain/13.3.rel1/arm-none-eabi/bin/../lib/gcc/arm-none-eabi/13.3.1/../../../../arm-none-eabi/lib/thumb/v7-m/nofp/libg.a(libc_a-wcsrtombs.o)
                0x080090a4                _wcsrtombs_r
 .text.__register_exitproc
                0x080090bc       0x80 /Applications/ArmGNUToolchain/13.3.rel1/arm-none-eabi/bin/../lib/gcc/arm-none-eabi/13.3.1/../../../../arm-none-eabi/lib/thumb/v7-m/nofp/libg.a(libc_a-__atexit.o)
                0x080090bc                __register_exitproc
 .text.frexp    0x0800913c       0x6c /Applications/ArmGNUToolchain/13.3.rel1/arm-none-eabi/bin/../lib/gcc/arm-none-eabi/13.3.1/../../../../arm-none-eabi/lib/thumb/v7-m/nofp/libg.a(libm_a-s_frexp.o)
                0x0800913c                frexp
 .text.quorem   0x080091a8      0x13c /Applications/ArmGNUToolchain/13.3.rel1/arm-none-eabi/bin/../lib/gcc/arm-none-eabi/13.3.1/../../../../arm-none-eabi/lib/thumb/v7-m/nofp/libg.a(libc_a-dtoa.o)
 *fill*         0x080092e4        0x4 
 .text._dtoa_r  0x080092e8      0xe94 /Applications/ArmGNUToolchain/13.3.rel1/arm-none-eabi/bin/../lib/gcc/arm-none-eabi/13.3.1/../../../../arm-none-eabi/lib/thumb/v7-m/nofp/libg.a(libc_a-dtoa.o)
                0x080092e8                _dtoa_r
 .text._malloc_trim_r
                0x0800a17c       0xb8 /Applications/ArmGNUToolchain/13.3.rel1/arm-none-eabi/bin/../lib/gcc/arm-none-eabi/13.3.1/../../../../arm-none-eabi/lib/thumb/v7-m/nofp/libg.a(libc_a-freer.o)
                0x0800a17c                _malloc_trim_r
 .text._free_r  0x0800a234      0x1f8 /Applications/ArmGNUToolchain/13.3.rel1/arm-none-eabi/bin/../lib/gcc/arm-none-eabi/13.3.1/../../../../arm-none-eabi/lib/thumb/v7-m/nofp/libg.a(libc_a-freer.o)
                0x0800a234                _free_r
 .text.__ascii_mbtowc
                0x0800a42c       0x2c /Applications/ArmGNUToolchain/13.3.rel1/arm-none-eabi/bin/../lib/gcc/arm-none-eabi/13.3.1/../../../../arm-none-eabi/lib/thumb/v7-m/nofp/libg.a(libc_a-mbtowc_r.o)
                0x0800a42c                __ascii_mbtowc
 .text._Balloc  0x0800a458       0x4c /Applications/ArmGNUToolchain/13.3.rel1/arm-none-eabi/bin/../lib/gcc/arm-none-eabi/13.3.1/../../../../arm-none-eabi/lib/thumb/v7-m/nofp/libg.a(libc_a-mprec.o)
                0x0800a458                _Balloc
 .text._Bfree   0x0800a4a4       0x14 /Applications/ArmGNUToolchain/13.3.rel1/arm-none-eabi/bin/../lib/gcc/arm-none-eabi/13.3.1/../../../../arm-none-eabi/lib/thumb/v7-m/nofp/libg.a(libc_a-mprec.o)
                0x0800a4a4                _Bfree
 .text.__multadd
                0x0800a4b8       0xa4 /Applications/ArmGNUToolchain/13.3.rel1/arm-none-eabi/bin/../lib/gcc/arm-none-eabi/13.3.1/../../../../arm-none-eabi/lib/thumb/v7-m/nofp/libg.a(libc_a-mprec.o)
                0x0800a4b8                __multadd
 .text.__hi0bits
                0x0800a55c       0x44 /Applications/ArmGNUToolchain/13.3.rel1/arm-none-eabi/bin/../lib/gcc/arm-none-eabi/13.3.1/../../../../arm-none-eabi/lib/thumb/v7-m/nofp/libg.a(libc_a-mprec.o)
                0x0800a55c                __hi0bits
 .text.__lo0bits
                0x0800a5a0       0x5c /Applications/ArmGNUToolchain/13.3.rel1/arm-none-eabi/bin/../lib/gcc/arm-none-eabi/13.3.1/../../../../arm-none-eabi/lib/thumb/v7-m/nofp/libg.a(libc_a-mprec.o)
                0x0800a5a0                __lo0bits
 .text.__i2b    0x0800a5fc       0x5c /Applications/ArmGNUToolchain/13.3.rel1/arm-none-eabi/bin/../lib/gcc/arm-none-eabi/13.3.1/../../../../arm-none-eabi/lib/thumb/v7-m/nofp/libg.a(libc_a-mprec.o)
                0x0800a5fc                __i2b
 .text.__multiply
                0x0800a658      0x164 /Applications/ArmGNUToolchain/13.3.rel1/arm-none-eabi/bin/../lib/gcc/arm-none-eabi/13.3.1/../../../../arm-none-eabi/lib/thumb/v7-m/nofp/libg.a(libc_a-mprec.o)
                0x0800a658                __multiply
 .text.__pow5mult
                0x0800a7bc       0xb4 /Applications/ArmGNUToolchain/13.3.rel1/arm-none-eabi/bin/../lib/gcc/arm-none-eabi/13.3.1/../../../../arm-none-eabi/lib/thumb/v7-m/nofp/libg.a(libc_a-mprec.o)
                0x0800a7bc                __pow5mult
 .text.__lshift
                0x0800a870       0xec /Applications/ArmGNUToolchain/13.3.rel1/arm-none-eabi/bin/../lib/gcc/arm-none-eabi/13.3.1/../../../../arm-none-eabi/lib/thumb/v7-m/nofp/libg.a(libc_a-mprec.o)
                0x0800a870                __lshift
 .text.__mcmp   0x0800a95c       0x40 /Applications/ArmGNUToolchain/13.3.rel1/arm-none-eabi/bin/../lib/gcc/arm-none-eabi/13.3.1/../../../../arm-none-eabi/lib/thumb/v7-m/nofp/libg.a(libc_a-mprec.o)
                0x0800a95c                __mcmp
 .text.__mdiff  0x0800a99c      0x178 /Applications/ArmGNUToolchain/13.3.rel1/arm-none-eabi/bin/../lib/gcc/arm-none-eabi/13.3.1/../../../../arm-none-eabi/lib/thumb/v7-m/nofp/libg.a(libc_a-mprec.o)
                0x0800a99c                __mdiff
 .text.__d2b    0x0800ab14       0xbc /Applications/ArmGNUToolchain/13.3.rel1/arm-none-eabi/bin/../lib/gcc/arm-none-eabi/13.3.1/../../../../arm-none-eabi/lib/thumb/v7-m/nofp/libg.a(libc_a-mprec.o)
                0x0800ab14                __d2b
 .text.__ssputs_r
                0x0800abd0       0xc0 /Applications/ArmGNUToolchain/13.3.rel1/arm-none-eabi/bin/../lib/gcc/arm-none-eabi/13.3.1/../../../../arm-none-eabi/lib/thumb/v7-m/nofp/libg.a(libc_a-ssputs_r.o)
                0x0800abd0                __ssputs_r
 .text.__ascii_wctomb
                0x0800ac90       0x1c /Applications/ArmGNUToolchain/13.3.rel1/arm-none-eabi/bin/../lib/gcc/arm-none-eabi/13.3.1/../../../../arm-none-eabi/lib/thumb/v7-m/nofp/libg.a(libc_a-wctomb_r.o)
                0x0800ac90                __ascii_wctomb
 .text.memmove  0x0800acac       0xfc /Applications/ArmGNUToolchain/13.3.rel1/arm-none-eabi/bin/../lib/gcc/arm-none-eabi/13.3.1/../../../../arm-none-eabi/lib/thumb/v7-m/nofp/libg.a(libc_a-memmove.o)
                0x0800acac                memmove
 .text._wcsnrtombs_l
                0x0800ada8       0xec /Applications/ArmGNUToolchain/13.3.rel1/arm-none-eabi/bin/../lib/gcc/arm-none-eabi/13.3.1/../../../../arm-none-eabi/lib/thumb/v7-m/nofp/libg.a(libc_a-wcsnrtombs.o)
                0x0800ada8                _wcsnrtombs_l
 .text._wcsnrtombs_r
                0x0800ae94       0x24 /Applications/ArmGNUToolchain/13.3.rel1/arm-none-eabi/bin/../lib/gcc/arm-none-eabi/13.3.1/../../../../arm-none-eabi/lib/thumb/v7-m/nofp/libg.a(libc_a-wcsnrtombs.o)
                0x0800ae94                _wcsnrtombs_r
 .text.__assert_func
                0x0800aeb8       0x40 /Applications/ArmGNUToolchain/13.3.rel1/arm-none-eabi/bin/../lib/gcc/arm-none-eabi/13.3.1/../../../../arm-none-eabi/lib/thumb/v7-m/nofp/libg.a(libc_a-assert.o)
                0x0800aeb8                __assert_func
 .text._calloc_r
                0x0800aef8       0x6c /Applications/ArmGNUToolchain/13.3.rel1/arm-none-eabi/bin/../lib/gcc/arm-none-eabi/13.3.1/../../../../arm-none-eabi/lib/thumb/v7-m/nofp/libg.a(libc_a-callocr.o)
                0x0800aef8                _calloc_r
 .text.fiprintf
                0x0800af64       0x28 /Applications/ArmGNUToolchain/13.3.rel1/arm-none-eabi/bin/../lib/gcc/arm-none-eabi/13.3.1/../../../../arm-none-eabi/lib/thumb/v7-m/nofp/libg.a(libc_a-fiprintf.o)
                0x0800af64                fiprintf
 .text._vfiprintf_r
                0x0800af8c      0xeb8 /Applications/ArmGNUToolchain/13.3.rel1/arm-none-eabi/bin/../lib/gcc/arm-none-eabi/13.3.1/../../../../arm-none-eabi/lib/thumb/v7-m/nofp/libg.a(libc_a-vfiprintf.o)
                0x0800af8c                _vfiprintf_r
 .text.__sbprintf
                0x0800be44       0x80 /Applications/ArmGNUToolchain/13.3.rel1/arm-none-eabi/bin/../lib/gcc/arm-none-eabi/13.3.1/../../../../arm-none-eabi/lib/thumb/v7-m/nofp/libg.a(libc_a-vfiprintf.o)
 .text._realloc_r
                0x0800bec4      0x34c /Applications/ArmGNUToolchain/13.3.rel1/arm-none-eabi/bin/../lib/gcc/arm-none-eabi/13.3.1/../../../../arm-none-eabi/lib/thumb/v7-m/nofp/libg.a(libc_a-reallocr.o)
                0x0800bec4                _realloc_r
 .text.__sprint_r
                0x0800c210       0x20 /Applications/ArmGNUToolchain/13.3.rel1/arm-none-eabi/bin/../lib/gcc/arm-none-eabi/13.3.1/../../../../arm-none-eabi/lib/thumb/v7-m/nofp/libg.a(libc_a-sprint_r.o)
                0x0800c210                __sprint_r
 .text.__swsetup_r
                0x0800c230       0xc4 /Applications/ArmGNUToolchain/13.3.rel1/arm-none-eabi/bin/../lib/gcc/arm-none-eabi/13.3.1/../../../../arm-none-eabi/lib/thumb/v7-m/nofp/libg.a(libc_a-wsetup.o)
                0x0800c230                __swsetup_r
 .text.abort    0x0800c2f4       0x10 /Applications/ArmGNUToolchain/13.3.rel1/arm-none-eabi/bin/../lib/gcc/arm-none-eabi/13.3.1/../../../../arm-none-eabi/lib/thumb/v7-m/nofp/libg.a(libc_a-abort.o)
                0x0800c2f4                abort
 .text.__sfvwrite_r
                0x0800c304      0x2ec /Applications/ArmGNUToolchain/13.3.rel1/arm-none-eabi/bin/../lib/gcc/arm-none-eabi/13.3.1/../../../../arm-none-eabi/lib/thumb/v7-m/nofp/libg.a(libc_a-fvwrite.o)
                0x0800c304                __sfvwrite_r
 .text.__smakebuf_r
                0x0800c5f0       0xdc /Applications/ArmGNUToolchain/13.3.rel1/arm-none-eabi/bin/../lib/gcc/arm-none-eabi/13.3.1/../../../../arm-none-eabi/lib/thumb/v7-m/nofp/libg.a(libc_a-makebuf.o)
                0x0800c5f0                __smakebuf_r
 .text.raise    0x0800c6cc       0x58 /Applications/ArmGNUToolchain/13.3.rel1/arm-none-eabi/bin/../lib/gcc/arm-none-eabi/13.3.1/../../../../arm-none-eabi/lib/thumb/v7-m/nofp/libg.a(libc_a-signal.o)
                0x0800c6cc                raise
 .text._fstat_r
                0x0800c724       0x28 /Applications/ArmGNUToolchain/13.3.rel1/arm-none-eabi/bin/../lib/gcc/arm-none-eabi/13.3.1/../../../../arm-none-eabi/lib/thumb/v7-m/nofp/libg.a(libc_a-fstatr.o)
                0x0800c724                _fstat_r
 .text._isatty_r
                0x0800c74c       0x24 /Applications/ArmGNUToolchain/13.3.rel1/arm-none-eabi/bin/../lib/gcc/arm-none-eabi/13.3.1/../../../../arm-none-eabi/lib/thumb/v7-m/nofp/libg.a(libc_a-isattyr.o)
                0x0800c74c                _isatty_r
 .text._kill_r  0x0800c770       0x28 /Applications/ArmGNUToolchain/13.3.rel1/arm-none-eabi/bin/../lib/gcc/arm-none-eabi/13.3.1/../../../../arm-none-eabi/lib/thumb/v7-m/nofp/libg.a(libc_a-signalr.o)
                0x0800c770                _kill_r
 .text._getpid_r
                0x0800c798        0x4 /Applications/ArmGNUToolchain/13.3.rel1/arm-none-eabi/bin/../lib/gcc/arm-none-eabi/13.3.1/../../../../arm-none-eabi/lib/thumb/v7-m/nofp/libg.a(libc_a-signalr.o)
                0x0800c798                _getpid_r
 *(.glue_7)
 .glue_7        0x0800c79c        0x0 linker stubs
 *(.glue_7t)
 .glue_7t       0x0800c79c        0x0 linker stubs
 *(.eh_frame)
 .eh_frame      0x0800c79c        0x0 /Applications/ArmGNUToolchain/13.3.rel1/arm-none-eabi/bin/../lib/gcc/arm-none-eabi/13.3.1/thumb/v7-m/nofp/crtbegin.o
 *(.init)
 .init          0x0800c79c        0x4 /Applications/ArmGNUToolchain/13.3.rel1/arm-none-eabi/bin/../lib/gcc/arm-none-eabi/13.3.1/thumb/v7-m/nofp/crti.o
                0x0800c79c                _init
 .init          0x0800c7a0        0x8 /Applications/ArmGNUToolchain/13.3.rel1/arm-none-eabi/bin/../lib/gcc/arm-none-eabi/13.3.1/thumb/v7-m/nofp/crtn.o
 *(.fini)
 .fini          0x0800c7a8        0x4 /Applications/ArmGNUToolchain/13.3.rel1/arm-none-eabi/bin/../lib/gcc/arm-none-eabi/13.3.1/thumb/v7-m/nofp/crti.o
                0x0800c7a8                _fini
 .fini          0x0800c7ac        0x8 /Applications/ArmGNUToolchain/13.3.rel1/arm-none-eabi/bin/../lib/gcc/arm-none-eabi/13.3.1/thumb/v7-m/nofp/crtn.o
                0x0800c7b4                        . = ALIGN (0x4)
                0x0800c7b4                        _etext = .

.vfp11_veneer   0x0800c7b4        0x0
 .vfp11_veneer  0x0800c7b4        0x0 linker stubs

.v4_bx          0x0800c7b4        0x0
 .v4_bx         0x0800c7b4        0x0 linker stubs

.iplt           0x0800c7b4        0x0
 .iplt          0x0800c7b4        0x0 /Applications/ArmGNUToolchain/13.3.rel1/arm-none-eabi/bin/../lib/gcc/arm-none-eabi/13.3.1/thumb/v7-m/nofp/crtbegin.o

.rodata         0x0800c7b8      0x4e0
                0x0800c7b8                        . = ALIGN (0x4)
 *(.rodata)
 .rodata        0x0800c7b8       0x38 CMakeFiles/MiniFlyRemoter.elf.dir/Core/Src/freertos.c.obj
 *(.rodata*)
 .rodata.StartDefaultTask.str1.4
                0x0800c7f0      0x237 CMakeFiles/MiniFlyRemoter.elf.dir/Core/Src/freertos.c.obj
                                 0x1b (size before relaxing)
 .rodata.str1.4
                0x0800ca27       0x14 CMakeFiles/MiniFlyRemoter.elf.dir/Core/Src/freertos.c.obj
 *fill*         0x0800ca27        0x1 
 .rodata.APBPrescTable
                0x0800ca28        0x8 CMakeFiles/MiniFlyRemoter.elf.dir/Core/Src/system_stm32f1xx.c.obj
                0x0800ca28                APBPrescTable
 .rodata.AHBPrescTable
                0x0800ca30       0x10 CMakeFiles/MiniFlyRemoter.elf.dir/Core/Src/system_stm32f1xx.c.obj
                0x0800ca30                AHBPrescTable
 .rodata.aPredivFactorTable.0
                0x0800ca40        0x2 CMakeFiles/MiniFlyRemoter.elf.dir/Drivers/STM32F1xx_HAL_Driver/Src/stm32f1xx_hal_rcc.c.obj
 *fill*         0x0800ca42        0x2 
 .rodata.aPLLMULFactorTable.1
                0x0800ca44       0x10 CMakeFiles/MiniFlyRemoter.elf.dir/Drivers/STM32F1xx_HAL_Driver/Src/stm32f1xx_hal_rcc.c.obj
 .rodata.vTaskStartScheduler.str1.4
                0x0800ca54        0x5 CMakeFiles/MiniFlyRemoter.elf.dir/Middlewares/Third_Party/FreeRTOS/Source/tasks.c.obj
 .rodata.USBD_FS_ProductStrDescriptor.str1.4
                0x0800ca54       0x16 CMakeFiles/MiniFlyRemoter.elf.dir/USB_DEVICE/App/usbd_desc.c.obj
 .rodata.USBD_FS_ManufacturerStrDescriptor.str1.4
                0x0800ca54       0x13 CMakeFiles/MiniFlyRemoter.elf.dir/USB_DEVICE/App/usbd_desc.c.obj
 .rodata.USBD_FS_ConfigStrDescriptor.str1.4
                0x0800ca54        0xb CMakeFiles/MiniFlyRemoter.elf.dir/USB_DEVICE/App/usbd_desc.c.obj
 .rodata.USBD_FS_InterfaceStrDescriptor.str1.4
                0x0800ca54        0xe CMakeFiles/MiniFlyRemoter.elf.dir/USB_DEVICE/App/usbd_desc.c.obj
 .rodata._svfprintf_r.str1.4
                0x0800ca54       0x42 /Applications/ArmGNUToolchain/13.3.rel1/arm-none-eabi/bin/../lib/gcc/arm-none-eabi/13.3.1/../../../../arm-none-eabi/lib/thumb/v7-m/nofp/libg.a(libc_a-svfprintf.o)
 .rodata.zeroes.0
                0x0800ca54       0x10 /Applications/ArmGNUToolchain/13.3.rel1/arm-none-eabi/bin/../lib/gcc/arm-none-eabi/13.3.1/../../../../arm-none-eabi/lib/thumb/v7-m/nofp/libg.a(libc_a-svfprintf.o)
 .rodata.blanks.1
                0x0800ca64       0x10 /Applications/ArmGNUToolchain/13.3.rel1/arm-none-eabi/bin/../lib/gcc/arm-none-eabi/13.3.1/../../../../arm-none-eabi/lib/thumb/v7-m/nofp/libg.a(libc_a-svfprintf.o)
 .rodata.str1.4
                0x0800ca74       0x4c /Applications/ArmGNUToolchain/13.3.rel1/arm-none-eabi/bin/../lib/gcc/arm-none-eabi/13.3.1/../../../../arm-none-eabi/lib/thumb/v7-m/nofp/libg.a(libc_a-locale.o)
 .rodata._ctype_
                0x0800ca74      0x101 /Applications/ArmGNUToolchain/13.3.rel1/arm-none-eabi/bin/../lib/gcc/arm-none-eabi/13.3.1/../../../../arm-none-eabi/lib/thumb/v7-m/nofp/libg.a(libc_a-ctype_.o)
                0x0800ca74                _ctype_
 .rodata._dtoa_r.str1.4
                0x0800cb75       0x89 /Applications/ArmGNUToolchain/13.3.rel1/arm-none-eabi/bin/../lib/gcc/arm-none-eabi/13.3.1/../../../../arm-none-eabi/lib/thumb/v7-m/nofp/libg.a(libc_a-dtoa.o)
 .rodata.__multadd.str1.4
                0x0800cb75       0x76 /Applications/ArmGNUToolchain/13.3.rel1/arm-none-eabi/bin/../lib/gcc/arm-none-eabi/13.3.1/../../../../arm-none-eabi/lib/thumb/v7-m/nofp/libg.a(libc_a-mprec.o)
 *fill*         0x0800cb75        0x3 
 .rodata.p05.0  0x0800cb78        0xc /Applications/ArmGNUToolchain/13.3.rel1/arm-none-eabi/bin/../lib/gcc/arm-none-eabi/13.3.1/../../../../arm-none-eabi/lib/thumb/v7-m/nofp/libg.a(libc_a-mprec.o)
 *fill*         0x0800cb84        0x4 
 .rodata.__mprec_bigtens
                0x0800cb88       0x28 /Applications/ArmGNUToolchain/13.3.rel1/arm-none-eabi/bin/../lib/gcc/arm-none-eabi/13.3.1/../../../../arm-none-eabi/lib/thumb/v7-m/nofp/libg.a(libc_a-mprec.o)
                0x0800cb88                __mprec_bigtens
 .rodata.__mprec_tens
                0x0800cbb0       0xc8 /Applications/ArmGNUToolchain/13.3.rel1/arm-none-eabi/bin/../lib/gcc/arm-none-eabi/13.3.1/../../../../arm-none-eabi/lib/thumb/v7-m/nofp/libg.a(libc_a-mprec.o)
                0x0800cbb0                __mprec_tens
 .rodata.__assert_func.str1.4
                0x0800cc78       0x43 /Applications/ArmGNUToolchain/13.3.rel1/arm-none-eabi/bin/../lib/gcc/arm-none-eabi/13.3.1/../../../../arm-none-eabi/lib/thumb/v7-m/nofp/libg.a(libc_a-assert.o)
 .rodata._vfiprintf_r.str1.4
                0x0800cc78       0x2f /Applications/ArmGNUToolchain/13.3.rel1/arm-none-eabi/bin/../lib/gcc/arm-none-eabi/13.3.1/../../../../arm-none-eabi/lib/thumb/v7-m/nofp/libg.a(libc_a-vfiprintf.o)
 .rodata.zeroes.0
                0x0800cc78       0x10 /Applications/ArmGNUToolchain/13.3.rel1/arm-none-eabi/bin/../lib/gcc/arm-none-eabi/13.3.1/../../../../arm-none-eabi/lib/thumb/v7-m/nofp/libg.a(libc_a-vfiprintf.o)
 .rodata.blanks.1
                0x0800cc88       0x10 /Applications/ArmGNUToolchain/13.3.rel1/arm-none-eabi/bin/../lib/gcc/arm-none-eabi/13.3.1/../../../../arm-none-eabi/lib/thumb/v7-m/nofp/libg.a(libc_a-vfiprintf.o)
                0x0800ccbc                        . = ALIGN (0x4)

.ARM.extab      0x0800cc98        0x0
                0x0800cc98                        . = ALIGN (0x4)
 *(.ARM.extab* .gnu.linkonce.armextab.*)
                0x0800cc98                        . = ALIGN (0x4)

.ARM            0x0800cc98        0x8
                0x0800cc98                        . = ALIGN (0x4)
                0x0800cc98                        __exidx_start = .
 *(.ARM.exidx*)
 .ARM.exidx     0x0800cc98        0x8 /Applications/ArmGNUToolchain/13.3.rel1/arm-none-eabi/bin/../lib/gcc/arm-none-eabi/13.3.1/../../../../arm-none-eabi/lib/thumb/v7-m/nofp/libg.a(libc_a-memcpy.o)
                0x0800cca0                        __exidx_end = .
                0x0800cca0                        . = ALIGN (0x4)

.rel.dyn        0x0800cca0        0x0
 .rel.iplt      0x0800cca0        0x0 /Applications/ArmGNUToolchain/13.3.rel1/arm-none-eabi/bin/../lib/gcc/arm-none-eabi/13.3.1/thumb/v7-m/nofp/crtbegin.o

.preinit_array  0x0800cca0        0x0
                0x0800cca0                        . = ALIGN (0x4)
                0x0800cca0                        PROVIDE (__preinit_array_start = .)
 *(.preinit_array*)
                0x0800cca0                        PROVIDE (__preinit_array_end = .)
                0x0800cca0                        . = ALIGN (0x4)

.init_array     0x0800cca0        0x8
                0x0800cca0                        . = ALIGN (0x4)
                0x0800cca0                        PROVIDE (__init_array_start = .)
 *(SORT_BY_NAME(.init_array.*))
 .init_array.00000
                0x0800cca0        0x4 /Applications/ArmGNUToolchain/13.3.rel1/arm-none-eabi/bin/../lib/gcc/arm-none-eabi/13.3.1/../../../../arm-none-eabi/lib/thumb/v7-m/nofp/libg.a(libc_a-__call_atexit.o)
 *(.init_array*)
 .init_array    0x0800cca4        0x4 /Applications/ArmGNUToolchain/13.3.rel1/arm-none-eabi/bin/../lib/gcc/arm-none-eabi/13.3.1/thumb/v7-m/nofp/crtbegin.o
                0x0800cca8                        PROVIDE (__init_array_end = .)
                0x0800cca8                        . = ALIGN (0x4)

.fini_array     0x0800cca8        0x4
                0x0800cca8                        . = ALIGN (0x4)
                0x0800cca8                        PROVIDE (__fini_array_start = .)
 *(SORT_BY_NAME(.fini_array.*))
 *(.fini_array*)
 .fini_array    0x0800cca8        0x4 /Applications/ArmGNUToolchain/13.3.rel1/arm-none-eabi/bin/../lib/gcc/arm-none-eabi/13.3.1/thumb/v7-m/nofp/crtbegin.o
                0x0800ccac                        PROVIDE (__fini_array_end = .)
                0x0800ccac                        . = ALIGN (0x4)
                0x0800ccac                        _sidata = LOADADDR (.data)

.data           0x20000000      0x854 load address 0x0800ccac
                0x20000000                        . = ALIGN (0x4)
                0x20000000                        _sdata = .
 *(.data)
 *(.data*)
 .data.SystemCoreClock
                0x20000000        0x4 CMakeFiles/MiniFlyRemoter.elf.dir/Core/Src/system_stm32f1xx.c.obj
                0x20000000                SystemCoreClock
 .data.uwTickFreq
                0x20000004        0x1 CMakeFiles/MiniFlyRemoter.elf.dir/Drivers/STM32F1xx_HAL_Driver/Src/stm32f1xx_hal.c.obj
                0x20000004                uwTickFreq
 *fill*         0x20000005        0x3 
 .data.uwTickPrio
                0x20000008        0x4 CMakeFiles/MiniFlyRemoter.elf.dir/Drivers/STM32F1xx_HAL_Driver/Src/stm32f1xx_hal.c.obj
                0x20000008                uwTickPrio
 .data.USBD_CDC_OtherSpeedCfgDesc
                0x2000000c       0x43 CMakeFiles/MiniFlyRemoter.elf.dir/Middlewares/ST/STM32_USB_Device_Library/Class/CDC/Src/usbd_cdc.c.obj
                0x2000000c                USBD_CDC_OtherSpeedCfgDesc
 *fill*         0x2000004f        0x1 
 .data.USBD_CDC_CfgFSDesc
                0x20000050       0x43 CMakeFiles/MiniFlyRemoter.elf.dir/Middlewares/ST/STM32_USB_Device_Library/Class/CDC/Src/usbd_cdc.c.obj
                0x20000050                USBD_CDC_CfgFSDesc
 *fill*         0x20000093        0x1 
 .data.USBD_CDC_CfgHSDesc
                0x20000094       0x43 CMakeFiles/MiniFlyRemoter.elf.dir/Middlewares/ST/STM32_USB_Device_Library/Class/CDC/Src/usbd_cdc.c.obj
                0x20000094                USBD_CDC_CfgHSDesc
 *fill*         0x200000d7        0x1 
 .data.USBD_CDC
                0x200000d8       0x38 CMakeFiles/MiniFlyRemoter.elf.dir/Middlewares/ST/STM32_USB_Device_Library/Class/CDC/Src/usbd_cdc.c.obj
                0x200000d8                USBD_CDC
 .data.USBD_CDC_DeviceQualifierDesc
                0x20000110        0xa CMakeFiles/MiniFlyRemoter.elf.dir/Middlewares/ST/STM32_USB_Device_Library/Class/CDC/Src/usbd_cdc.c.obj
 *fill*         0x2000011a        0x2 
 .data.uxCriticalNesting
                0x2000011c        0x4 CMakeFiles/MiniFlyRemoter.elf.dir/Middlewares/Third_Party/FreeRTOS/Source/portable/GCC/ARM_CM3/port.c.obj
 .data.USBD_Interface_fops_FS